Archive member included to satisfy reference by file (symbol)

C:/ST/STM32CubeIDE_1.18.1/STM32CubeIDE/plugins/com.st.stm32cube.ide.mcu.externaltools.gnu-tools-for-stm32.13.3.rel1.win32_1.0.0.202411081344/tools/bin/../lib/gcc/arm-none-eabi/13.3.1/../../../../arm-none-eabi/lib/thumb/v7-m/nofp\libc_nano.a(libc_a-exit.o)
                              C:/ST/STM32CubeIDE_1.18.1/STM32CubeIDE/plugins/com.st.stm32cube.ide.mcu.externaltools.gnu-tools-for-stm32.13.3.rel1.win32_1.0.0.202411081344/tools/bin/../lib/gcc/arm-none-eabi/13.3.1/../../../../arm-none-eabi/lib/thumb/v7-m/nofp/crt0.o (exit)
C:/ST/STM32CubeIDE_1.18.1/STM32CubeIDE/plugins/com.st.stm32cube.ide.mcu.externaltools.gnu-tools-for-stm32.13.3.rel1.win32_1.0.0.202411081344/tools/bin/../lib/gcc/arm-none-eabi/13.3.1/../../../../arm-none-eabi/lib/thumb/v7-m/nofp\libc_nano.a(libc_a-findfp.o)
                              ./Middlewares/Third_Party/FreeRTOS/Source/tasks.o (__sf)
C:/ST/STM32CubeIDE_1.18.1/STM32CubeIDE/plugins/com.st.stm32cube.ide.mcu.externaltools.gnu-tools-for-stm32.13.3.rel1.win32_1.0.0.202411081344/tools/bin/../lib/gcc/arm-none-eabi/13.3.1/../../../../arm-none-eabi/lib/thumb/v7-m/nofp\libc_nano.a(libc_a-fwalk.o)
                              C:/ST/STM32CubeIDE_1.18.1/STM32CubeIDE/plugins/com.st.stm32cube.ide.mcu.externaltools.gnu-tools-for-stm32.13.3.rel1.win32_1.0.0.202411081344/tools/bin/../lib/gcc/arm-none-eabi/13.3.1/../../../../arm-none-eabi/lib/thumb/v7-m/nofp\libc_nano.a(libc_a-findfp.o) (_fwalk_sglue)
C:/ST/STM32CubeIDE_1.18.1/STM32CubeIDE/plugins/com.st.stm32cube.ide.mcu.externaltools.gnu-tools-for-stm32.13.3.rel1.win32_1.0.0.202411081344/tools/bin/../lib/gcc/arm-none-eabi/13.3.1/../../../../arm-none-eabi/lib/thumb/v7-m/nofp\libc_nano.a(libc_a-stdio.o)
                              C:/ST/STM32CubeIDE_1.18.1/STM32CubeIDE/plugins/com.st.stm32cube.ide.mcu.externaltools.gnu-tools-for-stm32.13.3.rel1.win32_1.0.0.202411081344/tools/bin/../lib/gcc/arm-none-eabi/13.3.1/../../../../arm-none-eabi/lib/thumb/v7-m/nofp\libc_nano.a(libc_a-findfp.o) (__sread)
C:/ST/STM32CubeIDE_1.18.1/STM32CubeIDE/plugins/com.st.stm32cube.ide.mcu.externaltools.gnu-tools-for-stm32.13.3.rel1.win32_1.0.0.202411081344/tools/bin/../lib/gcc/arm-none-eabi/13.3.1/../../../../arm-none-eabi/lib/thumb/v7-m/nofp\libc_nano.a(libc_a-memset.o)
                              C:/ST/STM32CubeIDE_1.18.1/STM32CubeIDE/plugins/com.st.stm32cube.ide.mcu.externaltools.gnu-tools-for-stm32.13.3.rel1.win32_1.0.0.202411081344/tools/bin/../lib/gcc/arm-none-eabi/13.3.1/../../../../arm-none-eabi/lib/thumb/v7-m/nofp/crt0.o (memset)
C:/ST/STM32CubeIDE_1.18.1/STM32CubeIDE/plugins/com.st.stm32cube.ide.mcu.externaltools.gnu-tools-for-stm32.13.3.rel1.win32_1.0.0.202411081344/tools/bin/../lib/gcc/arm-none-eabi/13.3.1/../../../../arm-none-eabi/lib/thumb/v7-m/nofp\libc_nano.a(libc_a-closer.o)
                              C:/ST/STM32CubeIDE_1.18.1/STM32CubeIDE/plugins/com.st.stm32cube.ide.mcu.externaltools.gnu-tools-for-stm32.13.3.rel1.win32_1.0.0.202411081344/tools/bin/../lib/gcc/arm-none-eabi/13.3.1/../../../../arm-none-eabi/lib/thumb/v7-m/nofp\libc_nano.a(libc_a-stdio.o) (_close_r)
C:/ST/STM32CubeIDE_1.18.1/STM32CubeIDE/plugins/com.st.stm32cube.ide.mcu.externaltools.gnu-tools-for-stm32.13.3.rel1.win32_1.0.0.202411081344/tools/bin/../lib/gcc/arm-none-eabi/13.3.1/../../../../arm-none-eabi/lib/thumb/v7-m/nofp\libc_nano.a(libc_a-reent.o)
                              ./Middlewares/Third_Party/FreeRTOS/Source/tasks.o (_reclaim_reent)
C:/ST/STM32CubeIDE_1.18.1/STM32CubeIDE/plugins/com.st.stm32cube.ide.mcu.externaltools.gnu-tools-for-stm32.13.3.rel1.win32_1.0.0.202411081344/tools/bin/../lib/gcc/arm-none-eabi/13.3.1/../../../../arm-none-eabi/lib/thumb/v7-m/nofp\libc_nano.a(libc_a-impure.o)
                              ./Middlewares/Third_Party/FreeRTOS/Source/tasks.o (_impure_ptr)
C:/ST/STM32CubeIDE_1.18.1/STM32CubeIDE/plugins/com.st.stm32cube.ide.mcu.externaltools.gnu-tools-for-stm32.13.3.rel1.win32_1.0.0.202411081344/tools/bin/../lib/gcc/arm-none-eabi/13.3.1/../../../../arm-none-eabi/lib/thumb/v7-m/nofp\libc_nano.a(libc_a-lseekr.o)
                              C:/ST/STM32CubeIDE_1.18.1/STM32CubeIDE/plugins/com.st.stm32cube.ide.mcu.externaltools.gnu-tools-for-stm32.13.3.rel1.win32_1.0.0.202411081344/tools/bin/../lib/gcc/arm-none-eabi/13.3.1/../../../../arm-none-eabi/lib/thumb/v7-m/nofp\libc_nano.a(libc_a-stdio.o) (_lseek_r)
C:/ST/STM32CubeIDE_1.18.1/STM32CubeIDE/plugins/com.st.stm32cube.ide.mcu.externaltools.gnu-tools-for-stm32.13.3.rel1.win32_1.0.0.202411081344/tools/bin/../lib/gcc/arm-none-eabi/13.3.1/../../../../arm-none-eabi/lib/thumb/v7-m/nofp\libc_nano.a(libc_a-readr.o)
                              C:/ST/STM32CubeIDE_1.18.1/STM32CubeIDE/plugins/com.st.stm32cube.ide.mcu.externaltools.gnu-tools-for-stm32.13.3.rel1.win32_1.0.0.202411081344/tools/bin/../lib/gcc/arm-none-eabi/13.3.1/../../../../arm-none-eabi/lib/thumb/v7-m/nofp\libc_nano.a(libc_a-stdio.o) (_read_r)
[...]
Memory Configuration

Name             Origin             Length             Attributes
RAM              0x20000000         0x00005000         xrw
FLASH            0x08000000         0x00010000         xr
*default*        0x00000000         0xffffffff

Linker script and memory map

LOAD C:/ST/STM32CubeIDE_1.18.1/STM32CubeIDE/plugins/com.st.stm32cube.ide.mcu.externaltools.gnu-tools-for-stm32.13.3.rel1.win32_1.0.0.202411081344/tools/bin/../lib/gcc/arm-none-eabi/13.3.1/thumb/v7-m/nofp/crti.o
LOAD C:/ST/STM32CubeIDE_1.18.1/STM32CubeIDE/plugins/com.st.stm32cube.ide.mcu.externaltools.gnu-tools-for-stm32.13.3.rel1.win32_1.0.0.202411081344/tools/bin/../lib/gcc/arm-none-eabi/13.3.1/thumb/v7-m/nofp/crtbegin.o
LOAD C:/ST/STM32CubeIDE_1.18.1/STM32CubeIDE/plugins/com.st.stm32cube.ide.mcu.externaltools.gnu-tools-for-stm32.13.3.rel1.win32_1.0.0.202411081344/tools/bin/../lib/gcc/arm-none-eabi/13.3.1/../../../../arm-none-eabi/lib/thumb/v7-m/nofp/crt0.o
LOAD ./Core/Src/adc.o
LOAD ./Core/Src/bmp280_spi.o
LOAD ./Core/Src/comunicacion.o
LOAD ./Core/Src/dma.o
LOAD ./Core/Src/freertos.o
LOAD ./Core/Src/gpio.o
LOAD ./Core/Src/main.o
LOAD ./Core/Src/spi.o
LOAD ./Core/Src/stm32f1xx_hal_msp.o
LOAD ./Core/Src/stm32f1xx_hal_timebase_tim.o
LOAD ./Core/Src/stm32f1xx_it.o
LOAD ./Core/Src/syscalls.o
LOAD ./Core/Src/sysmem.o
LOAD ./Core/Src/system_stm32f1xx.o
LOAD ./Core/Src/tim.o
LOAD ./Core/Src/usart.o
LOAD ./Core/Startup/startup_stm32f103c8tx.o
LOAD ./Drivers/STM32F1xx_HAL_Driver/Src/stm32f1xx_hal.o
LOAD ./Drivers/STM32F1xx_HAL_Driver/Src/stm32f1xx_hal_adc.o
LOAD ./Drivers/STM32F1xx_HAL_Driver/Src/stm32f1xx_hal_adc_ex.o
LOAD ./Drivers/STM32F1xx_HAL_Driver/Src/stm32f1xx_hal_cortex.o
LOAD ./Drivers/STM32F1xx_HAL_Driver/Src/stm32f1xx_hal_dma.o
LOAD ./Drivers/STM32F1xx_HAL_Driver/Src/stm32f1xx_hal_exti.o
LOAD ./Drivers/STM32F1xx_HAL_Driver/Src/stm32f1xx_hal_flash.o
LOAD ./Drivers/STM32F1xx_HAL_Driver/Src/stm32f1xx_hal_flash_ex.o
LOAD ./Drivers/STM32F1xx_HAL_Driver/Src/stm32f1xx_hal_gpio.o
LOAD ./Drivers/STM32F1xx_HAL_Driver/Src/stm32f1xx_hal_gpio_ex.o
LOAD ./Drivers/STM32F1xx_HAL_Driver/Src/stm32f1xx_hal_pwr.o
LOAD ./Drivers/STM32F1xx_HAL_Driver/Src/stm32f1xx_hal_rcc.o
LOAD ./Drivers/STM32F1xx_HAL_Driver/Src/stm32f1xx_hal_rcc_ex.o
LOAD ./Drivers/STM32F1xx_HAL_Driver/Src/stm32f1xx_hal_spi.o
LOAD ./Drivers/STM32F1xx_HAL_Driver/Src/stm32f1xx_hal_tim.o
LOAD ./Drivers/STM32F1xx_HAL_Driver/Src/stm32f1xx_hal_tim_ex.o
LOAD ./Drivers/STM32F1xx_HAL_Driver/Src/stm32f1xx_hal_uart.o
LOAD ./Middlewares/Third_Party/FreeRTOS/Source/CMSIS_RTOS/cmsis_os.o
LOAD ./Middlewares/Third_Party/FreeRTOS/Source/croutine.o
LOAD ./Middlewares/Third_Party/FreeRTOS/Source/event_groups.o
LOAD ./Middlewares/Third_Party/FreeRTOS/Source/list.o
LOAD ./Middlewares/Third_Party/FreeRTOS/Source/queue.o
LOAD ./Middlewares/Third_Party/FreeRTOS/Source/stream_buffer.o
LOAD ./Middlewares/Third_Party/FreeRTOS/Source/tasks.o
LOAD ./Middlewares/Third_Party/FreeRTOS/Source/timers.o
LOAD ./Middlewares/Third_Party/FreeRTOS/Source/portable/GCC/ARM_CM3/port.o
LOAD ./Middlewares/Third_Party/FreeRTOS/Source/portable/MemMang/heap_4.o
START GROUP
LOAD C:/ST/STM32CubeIDE_1.18.1/STM32CubeIDE/plugins/com.st.stm32cube.ide.mcu.externaltools.gnu-tools-for-stm32.13.3.rel1.win32_1.0.0.202411081344/tools/bin/../lib/gcc/arm-none-eabi/13.3.1/../../../../arm-none-eabi/lib/thumb/v7-m/nofp\libc_nano.a
LOAD C:/ST/STM32CubeIDE_1.18.1/STM32CubeIDE/plugins/com.st.stm32cube.ide.mcu.externaltools.gnu-tools-for-stm32.13.3.rel1.win32_1.0.0.202411081344/tools/bin/../lib/gcc/arm-none-eabi/13.3.1/../../../../arm-none-eabi/lib/thumb/v7-m/nofp\libm.a
END GROUP
START GROUP
LOAD C:/ST/STM32CubeIDE_1.18.1/STM32CubeIDE/plugins/com.st.stm32cube.ide.mcu.externaltools.gnu-tools-for-stm32.13.3.rel1.win32_1.0.0.202411081344/tools/bin/../lib/gcc/arm-none-eabi/13.3.1/thumb/v7-m/nofp\libgcc.a
LOAD C:/ST/STM32CubeIDE_1.18.1/STM32CubeIDE/plugins/com.st.stm32cube.ide.mcu.externaltools.gnu-tools-for-stm32.13.3.rel1.win32_1.0.0.202411081344/tools/bin/../lib/gcc/arm-none-eabi/13.3.1/../../../../arm-none-eabi/lib/thumb/v7-m/nofp\libc_nano.a
END GROUP
START GROUP
LOAD C:/ST/STM32CubeIDE_1.18.1/STM32CubeIDE/plugins/com.st.stm32cube.ide.mcu.externaltools.gnu-tools-for-stm32.13.3.rel1.win32_1.0.0.202411081344/tools/bin/../lib/gcc/arm-none-eabi/13.3.1/thumb/v7-m/nofp\libgcc.a
LOAD C:/ST/STM32CubeIDE_1.18.1/STM32CubeIDE/plugins/com.st.stm32cube.ide.mcu.externaltools.gnu-tools-for-stm32.13.3.rel1.win32_1.0.0.202411081344/tools/bin/../lib/gcc/arm-none-eabi/13.3.1/../../../../arm-none-eabi/lib/thumb/v7-m/nofp\libc_nano.a
LOAD C:/ST/STM32CubeIDE_1.18.1/STM32CubeIDE/plugins/com.st.stm32cube.ide.mcu.externaltools.gnu-tools-for-stm32.13.3.rel1.win32_1.0.0.202411081344/tools/bin/../lib/gcc/arm-none-eabi/13.3.1/../../../../arm-none-eabi/lib/thumb/v7-m/nofp\libnosys.a
END GROUP
START GROUP
LOAD C:/ST/STM32CubeIDE_1.18.1/STM32CubeIDE/plugins/com.st.stm32cube.ide.mcu.externaltools.gnu-tools-for-stm32.13.3.rel1.win32_1.0.0.202411081344/tools/bin/../lib/gcc/arm-none-eabi/13.3.1/thumb/v7-m/nofp\libgcc.a
LOAD C:/ST/STM32CubeIDE_1.18.1/STM32CubeIDE/plugins/com.st.stm32cube.ide.mcu.externaltools.gnu-tools-for-stm32.13.3.rel1.win32_1.0.0.202411081344/tools/bin/../lib/gcc/arm-none-eabi/13.3.1/../../../../arm-none-eabi/lib/thumb/v7-m/nofp\libc_nano.a
LOAD C:/ST/STM32CubeIDE_1.18.1/STM32CubeIDE/plugins/com.st.stm32cube.ide.mcu.externaltools.gnu-tools-for-stm32.13.3.rel1.win32_1.0.0.202411081344/tools/bin/../lib/gcc/arm-none-eabi/13.3.1/../../../../arm-none-eabi/lib/thumb/v7-m/nofp\libnosys.a
END GROUP
LOAD C:/ST/STM32CubeIDE_1.18.1/STM32CubeIDE/plugins/com.st.stm32cube.ide.mcu.externaltools.gnu-tools-for-stm32.13.3.rel1.win32_1.0.0.202411081344/tools/bin/../lib/gcc/arm-none-eabi/13.3.1/thumb/v7-m/nofp/crtend.o
LOAD C:/ST/STM32CubeIDE_1.18.1/STM32CubeIDE/plugins/com.st.stm32cube.ide.mcu.externaltools.gnu-tools-for-stm32.13.3.rel1.win32_1.0.0.202411081344/tools/bin/../lib/gcc/arm-none-eabi/13.3.1/thumb/v7-m/nofp/crtn.o
                0x20005000                        _estack = (ORIGIN (RAM) + LENGTH (RAM))
                0x00000200                        _Min_Heap_Size = 0x200
                0x00000400                        _Min_Stack_Size = 0x400

.isr_vector     0x08000000      0x10c
                0x08000000                        . = ALIGN (0x4)
 *(.isr_vector)
 .isr_vector    0x08000000      0x10c ./Core/Startup/startup_stm32f103c8tx.o
                0x08000000                g_pfnVectors
                0x0800010c                        . = ALIGN (0x4)

.text           0x08000110     0x9b2c
                0x08000110                        . = ALIGN (0x4)
 *(.text)
 .text          0x08000110       0x40 C:/ST/STM32CubeIDE_1.18.1/STM32CubeIDE/plugins/com.st.stm32cube.ide.mcu.externaltools.gnu-tools-for-stm32.13.3.rel1.win32_1.0.0.202411081344/tools/bin/../lib/gcc/arm-none-eabi/13.3.1/thumb/v7-m/nofp/crtbegin.o
 .text          0x08000150      0x21c C:/ST/STM32CubeIDE_1.18.1/STM32CubeIDE/plugins/com.st.stm32cube.ide.mcu.externaltools.gnu-tools-for-stm32.13.3.rel1.win32_1.0.0.202411081344/tools/bin/../lib/gcc/arm-none-eabi/13.3.1/thumb/v7-m/nofp\libgcc.a(_arm_addsubsf3.o)
                0x08000150                __aeabi_frsub
                0x08000158                __subsf3
                0x08000158                __aeabi_fsub
                0x0800015c                __aeabi_fadd
                0x0800015c                __addsf3
                0x080002bc                __aeabi_ui2f
                0x080002bc                __floatunsisf
                0x080002c4                __aeabi_i2f
                0x080002c4                __floatsisf
                0x080002e0                __aeabi_ul2f
                0x080002e0                __floatundisf
                0x080002f0                __aeabi_l2f
                0x080002f0                __floatdisf
 .text          0x0800036c      0x2a0 C:/ST/STM32CubeIDE_1.18.1/STM32CubeIDE/plugins/com.st.stm32cube.ide.mcu.externaltools.gnu-tools-for-stm32.13.3.rel1.win32_1.0.0.202411081344/tools/bin/../lib/gcc/arm-none-eabi/13.3.1/thumb/v7-m/nofp\libgcc.a(_arm_muldivsf3.o)
                0x0800036c                __mulsf3
                0x0800036c                __aeabi_fmul
                0x080004d4                __aeabi_fdiv
                0x080004d4                __divsf3
 .text          0x0800060c       0x40 C:/ST/STM32CubeIDE_1.18.1/STM32CubeIDE/plugins/com.st.stm32cube.ide.mcu.externaltools.gnu-tools-for-stm32.13.3.rel1.win32_1.0.0.202411081344/tools/bin/../lib/gcc/arm-none-eabi/13.3.1/thumb/v7-m/nofp\libgcc.a(_arm_fixunssfsi.o)
                0x0800060c                __fixunssfsi
                0x0800060c                __aeabi_f2uiz
 .text          0x0800064c       0xa0 C:/ST/STM32CubeIDE_1.18.1/STM32CubeIDE/plugins/com.st.stm32cube.ide.mcu.externaltools.gnu-tools-for-stm32.13.3.rel1.win32_1.0.0.202411081344/tools/bin/../lib/gcc/arm-none-eabi/13.3.1/thumb/v7-m/nofp\libgcc.a(_aeabi_ldivmod.o)
                0x0800064c                __aeabi_ldivmod
 .text          0x080006ec      0x300 C:/ST/STM32CubeIDE_1.18.1/STM32CubeIDE/plugins/com.st.stm32cube.ide.mcu.externaltools.gnu-tools-for-stm32.13.3.rel1.win32_1.0.0.202411081344/tools/bin/../lib/gcc/arm-none-eabi/13.3.1/thumb/v7-m/nofp\libgcc.a(_udivmoddi4.o)
                0x080006ec                __udivmoddi4
 .text          0x080009ec        0x4 C:/ST/STM32CubeIDE_1.18.1/STM32CubeIDE/plugins/com.st.stm32cube.ide.mcu.externaltools.gnu-tools-for-stm32.13.3.rel1.win32_1.0.0.202411081344/tools/bin/../lib/gcc/arm-none-eabi/13.3.1/thumb/v7-m/nofp\libgcc.a(_dvmd_tls.o)
                0x080009ec                __aeabi_idiv0
                0x080009ec                __aeabi_ldiv0
 *(.text*)
 .text.MX_ADC1_Init
                0x080009f0       0xb8 ./Core/Src/adc.o
                0x080009f0                MX_ADC1_Init
 .text.HAL_ADC_MspInit
                0x08000aa8       0xd0 ./Core/Src/adc.o
                0x08000aa8                HAL_ADC_MspInit
 .text.CS_Select
                0x08000b78       0x20 ./Core/Src/bmp280_spi.o
 .text.CS_Unselect
                0x08000b98       0x20 ./Core/Src/bmp280_spi.o
 .text.BMP280_Write8
                0x08000bb8       0x48 ./Core/Src/bmp280_spi.o
 .text.BMP280_ReadBytes
                0x08000c00       0x68 ./Core/Src/bmp280_spi.o
 .text.BMP280_ReadCalibration
                0x08000c68      0x120 ./Core/Src/bmp280_spi.o
 .text.BMP280_SPI_Init
                0x08000d88       0xb4 ./Core/Src/bmp280_spi.o
                0x08000d88                BMP280_SPI_Init
 .text.BMP280_ReadTemperature
                0x08000e3c       0xb8 ./Core/Src/bmp280_spi.o
                0x08000e3c                BMP280_ReadTemperature
 .text.BMP280_ReadPressure
                0x08000ef4      0x5a0 ./Core/Src/bmp280_spi.o
                0x08000ef4                BMP280_ReadPressure
 .text.HAL_UART_RxCpltCallback
                0x08001494      0x11c ./Core/Src/comunicacion.o
                0x08001494                HAL_UART_RxCpltCallback
 .text.HAL_UART_ErrorCallback
                0x080015b0      0x100 ./Core/Src/comunicacion.o
                0x080015b0                HAL_UART_ErrorCallback
 .text.calcular_crc16
                0x080016b0       0x78 ./Core/Src/comunicacion.o
                0x080016b0                calcular_crc16
 .text.tim2_start_oneshot_us
                0x08001728       0xec ./Core/Src/comunicacion.o
 .text.mb_char_time_us_115200_8N1
                0x08001814        0xe ./Core/Src/comunicacion.o
 *fill*         0x08001822        0x2 
 .text.mb_t35_restart
                0x08001824       0x34 ./Core/Src/comunicacion.o
                0x08001824                mb_t35_restart
 .text.mb_t35_on_expire
                0x08001858       0x40 ./Core/Src/comunicacion.o
                0x08001858                mb_t35_on_expire
 .text.RS485_SendFrame
                0x08001898       0xbc ./Core/Src/comunicacion.o
                0x08001898                RS485_SendFrame
 .text.MX_DMA_Init
                0x08001954       0x4c ./Core/Src/dma.o
                0x08001954                MX_DMA_Init
 .text.vApplicationGetIdleTaskMemory
                0x080019a0       0x30 ./Core/Src/freertos.o
                0x080019a0                vApplicationGetIdleTaskMemory
 .text.MX_FREERTOS_Init
                0x080019d0      0x1a0 ./Core/Src/freertos.o
                0x080019d0                MX_FREERTOS_Init
 .text.StartDefaultTask
                0x08001b70       0x10 ./Core/Src/freertos.o
                0x08001b70                StartDefaultTask
 .text.Start_EnvioUart_Task
                0x08001b80      0x138 ./Core/Src/freertos.o
                0x08001b80                Start_EnvioUart_Task
 .text.StartReadInputsTask
                0x08001cb8       0xb0 ./Core/Src/freertos.o
                0x08001cb8                StartReadInputsTask
 .text.StartLeerADC
                0x08001d68       0x78 ./Core/Src/freertos.o
                0x08001d68                StartLeerADC
 .text.StartLeerBMP280
                0x08001de0       0x84 ./Core/Src/freertos.o
                0x08001de0                StartLeerBMP280
 .text.Start_LeerUart
                0x08001e64      0x114 ./Core/Src/freertos.o
                0x08001e64                Start_LeerUart
 .text.MX_GPIO_Init
                0x08001f78      0x180 ./Core/Src/gpio.o
                0x08001f78                MX_GPIO_Init
 .text.main     0x080020f8       0xf4 ./Core/Src/main.o
                0x080020f8                main
 .text.SystemClock_Config
                0x080021ec       0xb6 ./Core/Src/main.o
                0x080021ec                SystemClock_Config
 *fill*         0x080022a2        0x2 
 .text.HAL_TIM_PeriodElapsedCallback
                0x080022a4       0x7c ./Core/Src/main.o
                0x080022a4                HAL_TIM_PeriodElapsedCallback
 .text.Error_Handler
                0x08002320        0xc ./Core/Src/main.o
                0x08002320                Error_Handler
 .text.MX_SPI2_Init
                0x0800232c       0x6c ./Core/Src/spi.o
                0x0800232c                MX_SPI2_Init
 .text.HAL_SPI_MspInit
                0x08002398       0x98 ./Core/Src/spi.o
                0x08002398                HAL_SPI_MspInit
 .text.HAL_MspInit
                0x08002430       0x70 ./Core/Src/stm32f1xx_hal_msp.o
                0x08002430                HAL_MspInit
 .text.HAL_InitTick
                0x080024a0       0xfc ./Core/Src/stm32f1xx_hal_timebase_tim.o
                0x080024a0                HAL_InitTick
 .text.NMI_Handler
                0x0800259c        0x8 ./Core/Src/stm32f1xx_it.o
                0x0800259c                NMI_Handler
 .text.HardFault_Handler
                0x080025a4        0x8 ./Core/Src/stm32f1xx_it.o
                0x080025a4                HardFault_Handler
 .text.MemManage_Handler
                0x080025ac        0x8 ./Core/Src/stm32f1xx_it.o
                0x080025ac                MemManage_Handler
 .text.BusFault_Handler
                0x080025b4        0x8 ./Core/Src/stm32f1xx_it.o
                0x080025b4                BusFault_Handler
 .text.UsageFault_Handler
                0x080025bc        0x8 ./Core/Src/stm32f1xx_it.o
                0x080025bc                UsageFault_Handler
 .text.DebugMon_Handler
                0x080025c4        0xc ./Core/Src/stm32f1xx_it.o
                0x080025c4                DebugMon_Handler
 .text.DMA1_Channel1_IRQHandler
                0x080025d0       0x14 ./Core/Src/stm32f1xx_it.o
                0x080025d0                DMA1_Channel1_IRQHandler
 .text.DMA1_Channel3_IRQHandler
                0x080025e4       0x14 ./Core/Src/stm32f1xx_it.o
                0x080025e4                DMA1_Channel3_IRQHandler
 .text.TIM1_UP_IRQHandler
                0x080025f8       0x14 ./Core/Src/stm32f1xx_it.o
                0x080025f8                TIM1_UP_IRQHandler
 .text.TIM2_IRQHandler
                0x0800260c       0x3c ./Core/Src/stm32f1xx_it.o
                0x0800260c                TIM2_IRQHandler
 .text.TIM4_IRQHandler
                0x08002648       0x14 ./Core/Src/stm32f1xx_it.o
                0x08002648                TIM4_IRQHandler
 .text.USART1_IRQHandler
                0x0800265c       0x14 ./Core/Src/stm32f1xx_it.o
                0x0800265c                USART1_IRQHandler
 .text.USART3_IRQHandler
                0x08002670       0x14 ./Core/Src/stm32f1xx_it.o
                0x08002670                USART3_IRQHandler
 .text.SystemInit
                0x08002684        0xc ./Core/Src/system_stm32f1xx.o
                0x08002684                SystemInit
 .text.MX_TIM1_Init
                0x08002690       0xa0 ./Core/Src/tim.o
                0x08002690                MX_TIM1_Init
 .text.MX_TIM2_Init
                0x08002730       0x98 ./Core/Src/tim.o
                0x08002730                MX_TIM2_Init
 .text.MX_TIM3_Init
                0x080027c8      0x104 ./Core/Src/tim.o
                0x080027c8                MX_TIM3_Init
 .text.HAL_TIM_Base_MspInit
                0x080028cc       0xa8 ./Core/Src/tim.o
                0x080028cc                HAL_TIM_Base_MspInit
 .text.HAL_TIM_MspPostInit
                0x08002974       0x64 ./Core/Src/tim.o
                0x08002974                HAL_TIM_MspPostInit
 .text.MX_USART1_UART_Init
                0x080029d8       0x54 ./Core/Src/usart.o
                0x080029d8                MX_USART1_UART_Init
 .text.MX_USART3_UART_Init
                0x08002a2c       0x54 ./Core/Src/usart.o
                0x08002a2c                MX_USART3_UART_Init
 .text.HAL_UART_MspInit
                0x08002a80      0x19c ./Core/Src/usart.o
                0x08002a80                HAL_UART_MspInit
 .text.Reset_Handler
                0x08002c1c       0x48 ./Core/Startup/startup_stm32f103c8tx.o
                0x08002c1c                Reset_Handler
 .text.Default_Handler
                0x08002c64        0x2 ./Core/Startup/startup_stm32f103c8tx.o
                0x08002c64                RTC_Alarm_IRQHandler
                0x08002c64                EXTI2_IRQHandler
                0x08002c64                TIM1_CC_IRQHandler
                0x08002c64                PVD_IRQHandler
                0x08002c64                EXTI3_IRQHandler
                0x08002c64                EXTI0_IRQHandler
                0x08002c64                I2C2_EV_IRQHandler
                0x08002c64                ADC1_2_IRQHandler
                0x08002c64                SPI1_IRQHandler
                0x08002c64                TAMPER_IRQHandler
                0x08002c64                DMA1_Channel4_IRQHandler
                0x08002c64                RTC_IRQHandler
                0x08002c64                DMA1_Channel7_IRQHandler
                0x08002c64                CAN1_RX1_IRQHandler
                0x08002c64                I2C1_EV_IRQHandler
                0x08002c64                DMA1_Channel6_IRQHandler
                0x08002c64                TIM3_IRQHandler
                0x08002c64                RCC_IRQHandler
                0x08002c64                TIM1_TRG_COM_IRQHandler
                0x08002c64                Default_Handler
                0x08002c64                EXTI15_10_IRQHandler
                0x08002c64                EXTI9_5_IRQHandler
                0x08002c64                SPI2_IRQHandler
                0x08002c64                DMA1_Channel5_IRQHandler
                0x08002c64                EXTI4_IRQHandler
                0x08002c64                USB_LP_CAN1_RX0_IRQHandler
                0x08002c64                USB_HP_CAN1_TX_IRQHandler
                0x08002c64                WWDG_IRQHandler
                0x08002c64                TIM1_BRK_IRQHandler
                0x08002c64                EXTI1_IRQHandler
                0x08002c64                USART2_IRQHandler
                0x08002c64                I2C2_ER_IRQHandler
                0x08002c64                DMA1_Channel2_IRQHandler
                0x08002c64                CAN1_SCE_IRQHandler
                0x08002c64                FLASH_IRQHandler
                0x08002c64                I2C1_ER_IRQHandler
                0x08002c64                USBWakeUp_IRQHandler
 *fill*         0x08002c66        0x2 
 .text.HAL_Init
                0x08002c68       0x2c ./Drivers/STM32F1xx_HAL_Driver/Src/stm32f1xx_hal.o
                0x08002c68                HAL_Init
 .text.HAL_IncTick
                0x08002c94       0x24 ./Drivers/STM32F1xx_HAL_Driver/Src/stm32f1xx_hal.o
                0x08002c94                HAL_IncTick
 .text.HAL_GetTick
                0x08002cb8       0x14 ./Drivers/STM32F1xx_HAL_Driver/Src/stm32f1xx_hal.o
                0x08002cb8                HAL_GetTick
 .text.HAL_Delay
                0x08002ccc       0x48 ./Drivers/STM32F1xx_HAL_Driver/Src/stm32f1xx_hal.o
                0x08002ccc                HAL_Delay
 .text.HAL_ADC_Init
                0x08002d14      0x1b0 ./Drivers/STM32F1xx_HAL_Driver/Src/stm32f1xx_hal_adc.o
                0x08002d14                HAL_ADC_Init
 .text.HAL_ADC_Start_DMA
                0x08002ec4      0x1bc ./Drivers/STM32F1xx_HAL_Driver/Src/stm32f1xx_hal_adc.o
                0x08002ec4                HAL_ADC_Start_DMA
 .text.HAL_ADC_ConvCpltCallback
                0x08003080       0x12 ./Drivers/STM32F1xx_HAL_Driver/Src/stm32f1xx_hal_adc.o
                0x08003080                HAL_ADC_ConvCpltCallback
 .text.HAL_ADC_ConvHalfCpltCallback
                0x08003092       0x12 ./Drivers/STM32F1xx_HAL_Driver/Src/stm32f1xx_hal_adc.o
                0x08003092                HAL_ADC_ConvHalfCpltCallback
 .text.HAL_ADC_ErrorCallback
                0x080030a4       0x12 ./Drivers/STM32F1xx_HAL_Driver/Src/stm32f1xx_hal_adc.o
                0x080030a4                HAL_ADC_ErrorCallback
 *fill*         0x080030b6        0x2 
 .text.HAL_ADC_ConfigChannel
                0x080030b8      0x1f0 ./Drivers/STM32F1xx_HAL_Driver/Src/stm32f1xx_hal_adc.o
                0x080030b8                HAL_ADC_ConfigChannel
 .text.ADC_Enable
                0x080032a8       0xb4 ./Drivers/STM32F1xx_HAL_Driver/Src/stm32f1xx_hal_adc.o
                0x080032a8                ADC_Enable
 .text.ADC_ConversionStop_Disable
                0x0800335c       0x82 ./Drivers/STM32F1xx_HAL_Driver/Src/stm32f1xx_hal_adc.o
                0x0800335c                ADC_ConversionStop_Disable
 .text.ADC_DMAConvCplt
                0x080033de       0x7c ./Drivers/STM32F1xx_HAL_Driver/Src/stm32f1xx_hal_adc.o
                0x080033de                ADC_DMAConvCplt
 .text.ADC_DMAHalfConvCplt
                0x0800345a       0x1c ./Drivers/STM32F1xx_HAL_Driver/Src/stm32f1xx_hal_adc.o
                0x0800345a                ADC_DMAHalfConvCplt
 .text.ADC_DMAError
                0x08003476       0x34 ./Drivers/STM32F1xx_HAL_Driver/Src/stm32f1xx_hal_adc.o
                0x08003476                ADC_DMAError
 *fill*         0x080034aa        0x2 
 .text.__NVIC_SetPriorityGrouping
                0x080034ac       0x48 ./Drivers/STM32F1xx_HAL_Driver/Src/stm32f1xx_hal_cortex.o
 .text.__NVIC_GetPriorityGrouping
                0x080034f4       0x1c ./Drivers/STM32F1xx_HAL_Driver/Src/stm32f1xx_hal_cortex.o
 .text.__NVIC_EnableIRQ
                0x08003510       0x38 ./Drivers/STM32F1xx_HAL_Driver/Src/stm32f1xx_hal_cortex.o
 .text.__NVIC_SetPriority
                0x08003548       0x54 ./Drivers/STM32F1xx_HAL_Driver/Src/stm32f1xx_hal_cortex.o
 .text.NVIC_EncodePriority
                0x0800359c       0x64 ./Drivers/STM32F1xx_HAL_Driver/Src/stm32f1xx_hal_cortex.o
 .text.HAL_NVIC_SetPriorityGrouping
                0x08003600       0x16 ./Drivers/STM32F1xx_HAL_Driver/Src/stm32f1xx_hal_cortex.o
                0x08003600                HAL_NVIC_SetPriorityGrouping
 .text.HAL_NVIC_SetPriority
                0x08003616       0x38 ./Drivers/STM32F1xx_HAL_Driver/Src/stm32f1xx_hal_cortex.o
                0x08003616                HAL_NVIC_SetPriority
 .text.HAL_NVIC_EnableIRQ
                0x0800364e       0x1c ./Drivers/STM32F1xx_HAL_Driver/Src/stm32f1xx_hal_cortex.o
                0x0800364e                HAL_NVIC_EnableIRQ
 *fill*         0x0800366a        0x2 
 .text.HAL_DMA_Init
                0x0800366c       0xb4 ./Drivers/STM32F1xx_HAL_Driver/Src/stm32f1xx_hal_dma.o
                0x0800366c                HAL_DMA_Init
 .text.HAL_DMA_Start_IT
                0x08003720       0xc0 ./Drivers/STM32F1xx_HAL_Driver/Src/stm32f1xx_hal_dma.o
                0x08003720                HAL_DMA_Start_IT
 .text.HAL_DMA_Abort
                0x080037e0       0x76 ./Drivers/STM32F1xx_HAL_Driver/Src/stm32f1xx_hal_dma.o
                0x080037e0                HAL_DMA_Abort
 *fill*         0x08003856        0x2 
 .text.HAL_DMA_Abort_IT
                0x08003858       0xf0 ./Drivers/STM32F1xx_HAL_Driver/Src/stm32f1xx_hal_dma.o
                0x08003858                HAL_DMA_Abort_IT
 .text.HAL_DMA_IRQHandler
                0x08003948      0x20c ./Drivers/STM32F1xx_HAL_Driver/Src/stm32f1xx_hal_dma.o
                0x08003948                HAL_DMA_IRQHandler
 .text.DMA_SetConfig
                0x08003b54       0x5a ./Drivers/STM32F1xx_HAL_Driver/Src/stm32f1xx_hal_dma.o
 *fill*         0x08003bae        0x2 
 .text.HAL_GPIO_Init
                0x08003bb0      0x308 ./Drivers/STM32F1xx_HAL_Driver/Src/stm32f1xx_hal_gpio.o
                0x08003bb0                HAL_GPIO_Init
 .text.HAL_GPIO_ReadPin
                0x08003eb8       0x2e ./Drivers/STM32F1xx_HAL_Driver/Src/stm32f1xx_hal_gpio.o
                0x08003eb8                HAL_GPIO_ReadPin
 .text.HAL_GPIO_WritePin
                0x08003ee6       0x30 ./Drivers/STM32F1xx_HAL_Driver/Src/stm32f1xx_hal_gpio.o
                0x08003ee6                HAL_GPIO_WritePin
 .text.HAL_GPIO_TogglePin
                0x08003f16       0x32 ./Drivers/STM32F1xx_HAL_Driver/Src/stm32f1xx_hal_gpio.o
                0x08003f16                HAL_GPIO_TogglePin
 .text.HAL_RCC_OscConfig
                0x08003f48      0x504 ./Drivers/STM32F1xx_HAL_Driver/Src/stm32f1xx_hal_rcc.o
                0x08003f48                HAL_RCC_OscConfig
 .text.HAL_RCC_ClockConfig
                0x0800444c      0x1d4 ./Drivers/STM32F1xx_HAL_Driver/Src/stm32f1xx_hal_rcc.o
                0x0800444c                HAL_RCC_ClockConfig
 .text.HAL_RCC_GetSysClockFreq
                0x08004620       0xa8 ./Drivers/STM32F1xx_HAL_Driver/Src/stm32f1xx_hal_rcc.o
                0x08004620                HAL_RCC_GetSysClockFreq
 .text.HAL_RCC_GetHCLKFreq
                0x080046c8       0x14 ./Drivers/STM32F1xx_HAL_Driver/Src/stm32f1xx_hal_rcc.o
                0x080046c8                HAL_RCC_GetHCLKFreq
 .text.HAL_RCC_GetPCLK1Freq
                0x080046dc       0x28 ./Drivers/STM32F1xx_HAL_Driver/Src/stm32f1xx_hal_rcc.o
                0x080046dc                HAL_RCC_GetPCLK1Freq
 .text.HAL_RCC_GetPCLK2Freq
                0x08004704       0x28 ./Drivers/STM32F1xx_HAL_Driver/Src/stm32f1xx_hal_rcc.o
                0x08004704                HAL_RCC_GetPCLK2Freq
 .text.HAL_RCC_GetClockConfig
                0x0800472c       0x60 ./Drivers/STM32F1xx_HAL_Driver/Src/stm32f1xx_hal_rcc.o
                0x0800472c                HAL_RCC_GetClockConfig
 .text.RCC_Delay
                0x0800478c       0x3c ./Drivers/STM32F1xx_HAL_Driver/Src/stm32f1xx_hal_rcc.o
 .text.HAL_RCCEx_PeriphCLKConfig
                0x080047c8      0x16c ./Drivers/STM32F1xx_HAL_Driver/Src/stm32f1xx_hal_rcc_ex.o
                0x080047c8                HAL_RCCEx_PeriphCLKConfig
 .text.HAL_SPI_Init
                0x08004934      0x108 ./Drivers/STM32F1xx_HAL_Driver/Src/stm32f1xx_hal_spi.o
                0x08004934                HAL_SPI_Init
 .text.HAL_SPI_Transmit
                0x08004a3c      0x288 ./Drivers/STM32F1xx_HAL_Driver/Src/stm32f1xx_hal_spi.o
                0x08004a3c                HAL_SPI_Transmit
 .text.HAL_SPI_Receive
                0x08004cc4      0x232 ./Drivers/STM32F1xx_HAL_Driver/Src/stm32f1xx_hal_spi.o
                0x08004cc4                HAL_SPI_Receive
 .text.HAL_SPI_TransmitReceive
                0x08004ef6      0x352 ./Drivers/STM32F1xx_HAL_Driver/Src/stm32f1xx_hal_spi.o
                0x08004ef6                HAL_SPI_TransmitReceive
 .text.SPI_WaitFlagStateUntilTimeout
                0x08005248      0x110 ./Drivers/STM32F1xx_HAL_Driver/Src/stm32f1xx_hal_spi.o
 .text.SPI_EndRxTransaction
                0x08005358       0xa4 ./Drivers/STM32F1xx_HAL_Driver/Src/stm32f1xx_hal_spi.o
 .text.SPI_EndRxTxTransaction
                0x080053fc       0x62 ./Drivers/STM32F1xx_HAL_Driver/Src/stm32f1xx_hal_spi.o
 .text.HAL_TIM_Base_Init
                0x0800545e       0x9e ./Drivers/STM32F1xx_HAL_Driver/Src/stm32f1xx_hal_tim.o
                0x0800545e                HAL_TIM_Base_Init
 .text.HAL_TIM_Base_Start_IT
                0x080054fc       0xa4 ./Drivers/STM32F1xx_HAL_Driver/Src/stm32f1xx_hal_tim.o
                0x080054fc                HAL_TIM_Base_Start_IT
 .text.HAL_TIM_PWM_Init
                0x080055a0       0x9e ./Drivers/STM32F1xx_HAL_Driver/Src/stm32f1xx_hal_tim.o
                0x080055a0                HAL_TIM_PWM_Init
 .text.HAL_TIM_PWM_MspInit
                0x0800563e       0x12 ./Drivers/STM32F1xx_HAL_Driver/Src/stm32f1xx_hal_tim.o
                0x0800563e                HAL_TIM_PWM_MspInit
 .text.HAL_TIM_PWM_Start
                0x08005650      0x144 ./Drivers/STM32F1xx_HAL_Driver/Src/stm32f1xx_hal_tim.o
                0x08005650                HAL_TIM_PWM_Start
 .text.HAL_TIM_IRQHandler
                0x08005794      0x1e0 ./Drivers/STM32F1xx_HAL_Driver/Src/stm32f1xx_hal_tim.o
                0x08005794                HAL_TIM_IRQHandler
 .text.HAL_TIM_PWM_ConfigChannel
                0x08005974      0x184 ./Drivers/STM32F1xx_HAL_Driver/Src/stm32f1xx_hal_tim.o
                0x08005974                HAL_TIM_PWM_ConfigChannel
 .text.HAL_TIM_ConfigClockSource
                0x08005af8      0x18e ./Drivers/STM32F1xx_HAL_Driver/Src/stm32f1xx_hal_tim.o
                0x08005af8                HAL_TIM_ConfigClockSource
 .text.HAL_TIM_OC_DelayElapsedCallback
                0x08005c86       0x12 ./Drivers/STM32F1xx_HAL_Driver/Src/stm32f1xx_hal_tim.o
                0x08005c86                HAL_TIM_OC_DelayElapsedCallback
 .text.HAL_TIM_IC_CaptureCallback
                0x08005c98       0x12 ./Drivers/STM32F1xx_HAL_Driver/Src/stm32f1xx_hal_tim.o
                0x08005c98                HAL_TIM_IC_CaptureCallback
 .text.HAL_TIM_PWM_PulseFinishedCallback
                0x08005caa       0x12 ./Drivers/STM32F1xx_HAL_Driver/Src/stm32f1xx_hal_tim.o
                0x08005caa                HAL_TIM_PWM_PulseFinishedCallback
 .text.HAL_TIM_TriggerCallback
                0x08005cbc       0x12 ./Drivers/STM32F1xx_HAL_Driver/Src/stm32f1xx_hal_tim.o
                0x08005cbc                HAL_TIM_TriggerCallback
 *fill*         0x08005cce        0x2 
 .text.TIM_Base_SetConfig
                0x08005cd0       0xdc ./Drivers/STM32F1xx_HAL_Driver/Src/stm32f1xx_hal_tim.o
                0x08005cd0                TIM_Base_SetConfig
 .text.TIM_OC1_SetConfig
                0x08005dac       0xcc ./Drivers/STM32F1xx_HAL_Driver/Src/stm32f1xx_hal_tim.o
 .text.TIM_OC2_SetConfig
                0x08005e78       0xd4 ./Drivers/STM32F1xx_HAL_Driver/Src/stm32f1xx_hal_tim.o
                0x08005e78                TIM_OC2_SetConfig
 .text.TIM_OC3_SetConfig
                0x08005f4c       0xd4 ./Drivers/STM32F1xx_HAL_Driver/Src/stm32f1xx_hal_tim.o
 .text.TIM_OC4_SetConfig
                0x08006020       0x9c ./Drivers/STM32F1xx_HAL_Driver/Src/stm32f1xx_hal_tim.o
 .text.TIM_TI1_ConfigInputStage
                0x080060bc       0x5c ./Drivers/STM32F1xx_HAL_Driver/Src/stm32f1xx_hal_tim.o
 .text.TIM_TI2_ConfigInputStage
                0x08006118       0x5e ./Drivers/STM32F1xx_HAL_Driver/Src/stm32f1xx_hal_tim.o
 .text.TIM_ITRx_SetConfig
                0x08006176       0x34 ./Drivers/STM32F1xx_HAL_Driver/Src/stm32f1xx_hal_tim.o
 .text.TIM_ETR_SetConfig
                0x080061aa       0x3e ./Drivers/STM32F1xx_HAL_Driver/Src/stm32f1xx_hal_tim.o
                0x080061aa                TIM_ETR_SetConfig
 .text.TIM_CCxChannelCmd
                0x080061e8       0x48 ./Drivers/STM32F1xx_HAL_Driver/Src/stm32f1xx_hal_tim.o
                0x080061e8                TIM_CCxChannelCmd
 .text.HAL_TIMEx_MasterConfigSynchronization
                0x08006230       0xbc ./Drivers/STM32F1xx_HAL_Driver/Src/stm32f1xx_hal_tim_ex.o
                0x08006230                HAL_TIMEx_MasterConfigSynchronization
 .text.HAL_TIMEx_CommutCallback
                0x080062ec       0x12 ./Drivers/STM32F1xx_HAL_Driver/Src/stm32f1xx_hal_tim_ex.o
                0x080062ec                HAL_TIMEx_CommutCallback
 .text.HAL_TIMEx_BreakCallback
                0x080062fe       0x12 ./Drivers/STM32F1xx_HAL_Driver/Src/stm32f1xx_hal_tim_ex.o
                0x080062fe                HAL_TIMEx_BreakCallback
 .text.HAL_UART_Init
                0x08006310       0xa0 ./Drivers/STM32F1xx_HAL_Driver/Src/stm32f1xx_hal_uart.o
                0x08006310                HAL_UART_Init
 .text.HAL_UART_Transmit
                0x080063b0      0x116 ./Drivers/STM32F1xx_HAL_Driver/Src/stm32f1xx_hal_uart.o
                0x080063b0                HAL_UART_Transmit
 .text.HAL_UART_Receive_IT
                0x080064c6       0x4a ./Drivers/STM32F1xx_HAL_Driver/Src/stm32f1xx_hal_uart.o
                0x080064c6                HAL_UART_Receive_IT
 .text.HAL_UART_IRQHandler
                0x08006510      0x524 ./Drivers/STM32F1xx_HAL_Driver/Src/stm32f1xx_hal_uart.o
                0x08006510                HAL_UART_IRQHandler
 .text.HAL_UART_TxCpltCallback
                0x08006a34       0x12 ./Drivers/STM32F1xx_HAL_Driver/Src/stm32f1xx_hal_uart.o
                0x08006a34                HAL_UART_TxCpltCallback
 .text.HAL_UARTEx_RxEventCallback
                0x08006a46       0x16 ./Drivers/STM32F1xx_HAL_Driver/Src/stm32f1xx_hal_uart.o
                0x08006a46                HAL_UARTEx_RxEventCallback
 .text.UART_WaitOnFlagUntilTimeout
                0x08006a5c       0xb2 ./Drivers/STM32F1xx_HAL_Driver/Src/stm32f1xx_hal_uart.o
 .text.UART_Start_Receive_IT
                0x08006b0e       0x72 ./Drivers/STM32F1xx_HAL_Driver/Src/stm32f1xx_hal_uart.o
                0x08006b0e                UART_Start_Receive_IT
 .text.UART_EndRxTransfer
                0x08006b80       0xc4 ./Drivers/STM32F1xx_HAL_Driver/Src/stm32f1xx_hal_uart.o
 .text.UART_DMAAbortOnError
                0x08006c44       0x28 ./Drivers/STM32F1xx_HAL_Driver/Src/stm32f1xx_hal_uart.o
 .text.UART_Transmit_IT
                0x08006c6c       0x9e ./Drivers/STM32F1xx_HAL_Driver/Src/stm32f1xx_hal_uart.o
 .text.UART_EndTransmit_IT
                0x08006d0a       0x30 ./Drivers/STM32F1xx_HAL_Driver/Src/stm32f1xx_hal_uart.o
 .text.UART_Receive_IT
                0x08006d3a      0x17c ./Drivers/STM32F1xx_HAL_Driver/Src/stm32f1xx_hal_uart.o
 *fill*         0x08006eb6        0x2 
 .text.UART_SetConfig
                0x08006eb8      0x11c ./Drivers/STM32F1xx_HAL_Driver/Src/stm32f1xx_hal_uart.o
 .text.makeFreeRtosPriority
                0x08006fd4       0x2e ./Middlewares/Third_Party/FreeRTOS/Source/CMSIS_RTOS/cmsis_os.o
 .text.inHandlerMode
                0x08007002       0x22 ./Middlewares/Third_Party/FreeRTOS/Source/CMSIS_RTOS/cmsis_os.o
 .text.osKernelStart
                0x08007024        0xe ./Middlewares/Third_Party/FreeRTOS/Source/CMSIS_RTOS/cmsis_os.o
                0x08007024                osKernelStart
 .text.osThreadCreate
                0x08007032       0x98 ./Middlewares/Third_Party/FreeRTOS/Source/CMSIS_RTOS/cmsis_os.o
                0x08007032                osThreadCreate
 .text.osDelay  0x080070ca       0x28 ./Middlewares/Third_Party/FreeRTOS/Source/CMSIS_RTOS/cmsis_os.o
                0x080070ca                osDelay
 .text.osMutexCreate
                0x080070f2       0x30 ./Middlewares/Third_Party/FreeRTOS/Source/CMSIS_RTOS/cmsis_os.o
                0x080070f2                osMutexCreate
 *fill*         0x08007122        0x2 
 .text.osMutexWait
                0x08007124       0x9c ./Middlewares/Third_Party/FreeRTOS/Source/CMSIS_RTOS/cmsis_os.o
                0x08007124                osMutexWait
 .text.osMutexRelease
                0x080071c0       0x6c ./Middlewares/Third_Party/FreeRTOS/Source/CMSIS_RTOS/cmsis_os.o
                0x080071c0                osMutexRelease
 .text.vListInitialise
                0x0800722c       0x3e ./Middlewares/Third_Party/FreeRTOS/Source/list.o
                0x0800722c                vListInitialise
 .text.vListInitialiseItem
                0x0800726a       0x18 ./Middlewares/Third_Party/FreeRTOS/Source/list.o
                0x0800726a                vListInitialiseItem
 .text.vListInsertEnd
                0x08007282       0x46 ./Middlewares/Third_Party/FreeRTOS/Source/list.o
                0x08007282                vListInsertEnd
 .text.vListInsert
                0x080072c8       0x70 ./Middlewares/Third_Party/FreeRTOS/Source/list.o
                0x080072c8                vListInsert
 .text.uxListRemove
                0x08007338       0x52 ./Middlewares/Third_Party/FreeRTOS/Source/list.o
                0x08007338                uxListRemove
 *fill*         0x0800738a        0x2 
 .text.xQueueGenericReset
                0x0800738c       0xd4 ./Middlewares/Third_Party/FreeRTOS/Source/queue.o
                0x0800738c                xQueueGenericReset
 .text.xQueueGenericCreateStatic
                0x08007460       0xfa ./Middlewares/Third_Party/FreeRTOS/Source/queue.o
                0x08007460                xQueueGenericCreateStatic
 .text.xQueueGenericCreate
                0x0800755a       0x76 ./Middlewares/Third_Party/FreeRTOS/Source/queue.o
                0x0800755a                xQueueGenericCreate
 .text.prvInitialiseNewQueue
                0x080075d0       0x3e ./Middlewares/Third_Party/FreeRTOS/Source/queue.o
 .text.prvInitialiseMutex
                0x0800760e       0x34 ./Middlewares/Third_Party/FreeRTOS/Source/queue.o
 .text.xQueueCreateMutex
                0x08007642       0x30 ./Middlewares/Third_Party/FreeRTOS/Source/queue.o
                0x08007642                xQueueCreateMutex
 .text.xQueueCreateMutexStatic
                0x08007672       0x36 ./Middlewares/Third_Party/FreeRTOS/Source/queue.o
                0x08007672                xQueueCreateMutexStatic
 .text.xQueueGenericSend
                0x080076a8      0x204 ./Middlewares/Third_Party/FreeRTOS/Source/queue.o
                0x080076a8                xQueueGenericSend
 .text.xQueueGenericSendFromISR
                0x080078ac      0x13c ./Middlewares/Third_Party/FreeRTOS/Source/queue.o
                0x080078ac                xQueueGenericSendFromISR
 .text.xQueueGiveFromISR
                0x080079e8      0x120 ./Middlewares/Third_Party/FreeRTOS/Source/queue.o
                0x080079e8                xQueueGiveFromISR
 .text.xQueueReceive
                0x08007b08      0x1c4 ./Middlewares/Third_Party/FreeRTOS/Source/queue.o
                0x08007b08                xQueueReceive
 .text.xQueueSemaphoreTake
                0x08007ccc      0x220 ./Middlewares/Third_Party/FreeRTOS/Source/queue.o
                0x08007ccc                xQueueSemaphoreTake
 .text.xQueueReceiveFromISR
                0x08007eec      0x104 ./Middlewares/Third_Party/FreeRTOS/Source/queue.o
                0x08007eec                xQueueReceiveFromISR
 .text.prvGetDisinheritPriorityAfterTimeout
                0x08007ff0       0x2e ./Middlewares/Third_Party/FreeRTOS/Source/queue.o
 .text.prvCopyDataToQueue
                0x0800801e       0xd4 ./Middlewares/Third_Party/FreeRTOS/Source/queue.o
 .text.prvCopyDataFromQueue
                0x080080f2       0x4c ./Middlewares/Third_Party/FreeRTOS/Source/queue.o
 .text.prvUnlockQueue
                0x0800813e       0xa4 ./Middlewares/Third_Party/FreeRTOS/Source/queue.o
 .text.prvIsQueueEmpty
                0x080081e2       0x2c ./Middlewares/Third_Party/FreeRTOS/Source/queue.o
 .text.prvIsQueueFull
                0x0800820e       0x30 ./Middlewares/Third_Party/FreeRTOS/Source/queue.o
 .text.xTaskCreateStatic
                0x0800823e       0xc0 ./Middlewares/Third_Party/FreeRTOS/Source/tasks.o
                0x0800823e                xTaskCreateStatic
 .text.xTaskCreate
                0x080082fe       0x8a ./Middlewares/Third_Party/FreeRTOS/Source/tasks.o
                0x080082fe                xTaskCreate
 .text.prvInitialiseNewTask
                0x08008388      0x140 ./Middlewares/Third_Party/FreeRTOS/Source/tasks.o
 .text.prvAddNewTaskToReadyList
                0x080084c8       0xd4 ./Middlewares/Third_Party/FreeRTOS/Source/tasks.o
 .text.vTaskDelay
                0x0800859c       0x6c ./Middlewares/Third_Party/FreeRTOS/Source/tasks.o
                0x0800859c                vTaskDelay
 .text.vTaskStartScheduler
                0x08008608       0xd4 ./Middlewares/Third_Party/FreeRTOS/Source/tasks.o
                0x08008608                vTaskStartScheduler
 .text.vTaskSuspendAll
                0x080086dc       0x1c ./Middlewares/Third_Party/FreeRTOS/Source/tasks.o
                0x080086dc                vTaskSuspendAll
 .text.xTaskResumeAll
                0x080086f8      0x13c ./Middlewares/Third_Party/FreeRTOS/Source/tasks.o
                0x080086f8                xTaskResumeAll
 .text.xTaskIncrementTick
                0x08008834      0x174 ./Middlewares/Third_Party/FreeRTOS/Source/tasks.o
                0x08008834                xTaskIncrementTick
 .text.vTaskSwitchContext
                0x080089a8       0xc4 ./Middlewares/Third_Party/FreeRTOS/Source/tasks.o
                0x080089a8                vTaskSwitchContext
 .text.vTaskPlaceOnEventList
                0x08008a6c       0x4c ./Middlewares/Third_Party/FreeRTOS/Source/tasks.o
                0x08008a6c                vTaskPlaceOnEventList
 .text.xTaskRemoveFromEventList
                0x08008ab8       0xc8 ./Middlewares/Third_Party/FreeRTOS/Source/tasks.o
                0x08008ab8                xTaskRemoveFromEventList
 .text.vTaskInternalSetTimeOutState
                0x08008b80       0x2c ./Middlewares/Third_Party/FreeRTOS/Source/tasks.o
                0x08008b80                vTaskInternalSetTimeOutState
 .text.xTaskCheckForTimeOut
                0x08008bac       0xc8 ./Middlewares/Third_Party/FreeRTOS/Source/tasks.o
                0x08008bac                xTaskCheckForTimeOut
 .text.vTaskMissedYield
                0x08008c74       0x18 ./Middlewares/Third_Party/FreeRTOS/Source/tasks.o
                0x08008c74                vTaskMissedYield
 .text.prvIdleTask
                0x08008c8c       0x30 ./Middlewares/Third_Party/FreeRTOS/Source/tasks.o
 .text.prvInitialiseTaskLists
                0x08008cbc       0x80 ./Middlewares/Third_Party/FreeRTOS/Source/tasks.o
 .text.prvCheckTasksWaitingTermination
                0x08008d3c       0x5c ./Middlewares/Third_Party/FreeRTOS/Source/tasks.o
 .text.prvDeleteTCB
                0x08008d98       0x6a ./Middlewares/Third_Party/FreeRTOS/Source/tasks.o
 *fill*         0x08008e02        0x2 
 .text.prvResetNextTaskUnblockTime
                0x08008e04       0x40 ./Middlewares/Third_Party/FreeRTOS/Source/tasks.o
 .text.xTaskGetSchedulerState
                0x08008e44       0x3c ./Middlewares/Third_Party/FreeRTOS/Source/tasks.o
                0x08008e44                xTaskGetSchedulerState
 .text.xTaskPriorityInherit
                0x08008e80       0xec ./Middlewares/Third_Party/FreeRTOS/Source/tasks.o
                0x08008e80                xTaskPriorityInherit
 .text.xTaskPriorityDisinherit
                0x08008f6c      0x110 ./Middlewares/Third_Party/FreeRTOS/Source/tasks.o
                0x08008f6c                xTaskPriorityDisinherit
 .text.vTaskPriorityDisinheritAfterTimeout
                0x0800907c      0x120 ./Middlewares/Third_Party/FreeRTOS/Source/tasks.o
                0x0800907c                vTaskPriorityDisinheritAfterTimeout
 .text.pvTaskIncrementMutexHeldCount
                0x0800919c       0x28 ./Middlewares/Third_Party/FreeRTOS/Source/tasks.o
                0x0800919c                pvTaskIncrementMutexHeldCount
 .text.prvAddCurrentTaskToDelayedList
                0x080091c4       0xcc ./Middlewares/Third_Party/FreeRTOS/Source/tasks.o
 .text.pxPortInitialiseStack
                0x08009290       0x58 ./Middlewares/Third_Party/FreeRTOS/Source/portable/GCC/ARM_CM3/port.o
                0x08009290                pxPortInitialiseStack
 .text.prvTaskExitError
                0x080092e8       0x58 ./Middlewares/Third_Party/FreeRTOS/Source/portable/GCC/ARM_CM3/port.o
 .text.SVC_Handler
                0x08009340       0x28 ./Middlewares/Third_Party/FreeRTOS/Source/portable/GCC/ARM_CM3/port.o
                0x08009340                SVC_Handler
 .text.prvPortStartFirstTask
                0x08009368       0x20 ./Middlewares/Third_Party/FreeRTOS/Source/portable/GCC/ARM_CM3/port.o
 .text.xPortStartScheduler
                0x08009388       0xe4 ./Middlewares/Third_Party/FreeRTOS/Source/portable/GCC/ARM_CM3/port.o
                0x08009388                xPortStartScheduler
 .text.vPortEnterCritical
                0x0800946c       0x60 ./Middlewares/Third_Party/FreeRTOS/Source/portable/GCC/ARM_CM3/port.o
                0x0800946c                vPortEnterCritical
 .text.vPortExitCritical
                0x080094cc       0x54 ./Middlewares/Third_Party/FreeRTOS/Source/portable/GCC/ARM_CM3/port.o
                0x080094cc                vPortExitCritical
 .text.PendSV_Handler
                0x08009520       0x48 ./Middlewares/Third_Party/FreeRTOS/Source/portable/GCC/ARM_CM3/port.o
                0x08009520                PendSV_Handler
 .text.SysTick_Handler
                0x08009568       0x44 ./Middlewares/Third_Party/FreeRTOS/Source/portable/GCC/ARM_CM3/port.o
                0x08009568                SysTick_Handler
 .text.vPortSetupTimerInterrupt
                0x080095ac       0x44 ./Middlewares/Third_Party/FreeRTOS/Source/portable/GCC/ARM_CM3/port.o
                0x080095ac                vPortSetupTimerInterrupt
 .text.vPortValidateInterruptPriority
                0x080095f0       0x80 ./Middlewares/Third_Party/FreeRTOS/Source/portable/GCC/ARM_CM3/port.o
                0x080095f0                vPortValidateInterruptPriority
 .text.pvPortMalloc
                0x08009670      0x19c ./Middlewares/Third_Party/FreeRTOS/Source/portable/MemMang/heap_4.o
                0x08009670                pvPortMalloc
 .text.vPortFree
                0x0800980c       0xc8 ./Middlewares/Third_Party/FreeRTOS/Source/portable/MemMang/heap_4.o
                0x0800980c                vPortFree
 .text.prvHeapInit
                0x080098d4       0xc4 ./Middlewares/Third_Party/FreeRTOS/Source/portable/MemMang/heap_4.o
 .text.prvInsertBlockIntoFreeList
                0x08009998       0xb0 ./Middlewares/Third_Party/FreeRTOS/Source/portable/MemMang/heap_4.o
 .text.memset   0x08009a48       0x10 C:/ST/STM32CubeIDE_1.18.1/STM32CubeIDE/plugins/com.st.stm32cube.ide.mcu.externaltools.gnu-tools-for-stm32.13.3.rel1.win32_1.0.0.202411081344/tools/bin/../lib/gcc/arm-none-eabi/13.3.1/../../../../arm-none-eabi/lib/thumb/v7-m/nofp\libc_nano.a(libc_a-memset.o)
                0x08009a48                memset
 .text._reclaim_reent
                0x08009a58       0xbc C:/ST/STM32CubeIDE_1.18.1/STM32CubeIDE/plugins/com.st.stm32cube.ide.mcu.externaltools.gnu-tools-for-stm32.13.3.rel1.win32_1.0.0.202411081344/tools/bin/../lib/gcc/arm-none-eabi/13.3.1/../../../../arm-none-eabi/lib/thumb/v7-m/nofp\libc_nano.a(libc_a-reent.o)
                0x08009a58                _reclaim_reent
 .text.__libc_init_array
                0x08009b14       0x48 C:/ST/STM32CubeIDE_1.18.1/STM32CubeIDE/plugins/com.st.stm32cube.ide.mcu.externaltools.gnu-tools-for-stm32.13.3.rel1.win32_1.0.0.202411081344/tools/bin/../lib/gcc/arm-none-eabi/13.3.1/../../../../arm-none-eabi/lib/thumb/v7-m/nofp\libc_nano.a(libc_a-init.o)
                0x08009b14                __libc_init_array
 .text.__retarget_lock_acquire_recursive
                0x08009b5c        0x2 C:/ST/STM32CubeIDE_1.18.1/STM32CubeIDE/plugins/com.st.stm32cube.ide.mcu.externaltools.gnu-tools-for-stm32.13.3.rel1.win32_1.0.0.202411081344/tools/bin/../lib/gcc/arm-none-eabi/13.3.1/../../../../arm-none-eabi/lib/thumb/v7-m/nofp\libc_nano.a(libc_a-lock.o)
                0x08009b5c                __retarget_lock_acquire_recursive
 .text.__retarget_lock_release_recursive
                0x08009b5e        0x2 C:/ST/STM32CubeIDE_1.18.1/STM32CubeIDE/plugins/com.st.stm32cube.ide.mcu.externaltools.gnu-tools-for-stm32.13.3.rel1.win32_1.0.0.202411081344/tools/bin/../lib/gcc/arm-none-eabi/13.3.1/../../../../arm-none-eabi/lib/thumb/v7-m/nofp\libc_nano.a(libc_a-lock.o)
                0x08009b5e                __retarget_lock_release_recursive
 .text.memcpy   0x08009b60       0x1c C:/ST/STM32CubeIDE_1.18.1/STM32CubeIDE/plugins/com.st.stm32cube.ide.mcu.externaltools.gnu-tools-for-stm32.13.3.rel1.win32_1.0.0.202411081344/tools/bin/../lib/gcc/arm-none-eabi/13.3.1/../../../../arm-none-eabi/lib/thumb/v7-m/nofp\libc_nano.a(libc_a-memcpy-stub.o)
                0x08009b60                memcpy
 .text._free_r  0x08009b7c       0x90 C:/ST/STM32CubeIDE_1.18.1/STM32CubeIDE/plugins/com.st.stm32cube.ide.mcu.externaltools.gnu-tools-for-stm32.13.3.rel1.win32_1.0.0.202411081344/tools/bin/../lib/gcc/arm-none-eabi/13.3.1/../../../../arm-none-eabi/lib/thumb/v7-m/nofp\libc_nano.a(libc_a-freer.o)
                0x08009b7c                _free_r
 .text.__malloc_lock
                0x08009c0c        0xc C:/ST/STM32CubeIDE_1.18.1/STM32CubeIDE/plugins/com.st.stm32cube.ide.mcu.externaltools.gnu-tools-for-stm32.13.3.rel1.win32_1.0.0.202411081344/tools/bin/../lib/gcc/arm-none-eabi/13.3.1/../../../../arm-none-eabi/lib/thumb/v7-m/nofp\libc_nano.a(libc_a-mlock.o)
                0x08009c0c                __malloc_lock
 .text.__malloc_unlock
                0x08009c18        0xc C:/ST/STM32CubeIDE_1.18.1/STM32CubeIDE/plugins/com.st.stm32cube.ide.mcu.externaltools.gnu-tools-for-stm32.13.3.rel1.win32_1.0.0.202411081344/tools/bin/../lib/gcc/arm-none-eabi/13.3.1/../../../../arm-none-eabi/lib/thumb/v7-m/nofp\libc_nano.a(libc_a-mlock.o)
                0x08009c18                __malloc_unlock
 *(.glue_7)
 .glue_7        0x08009c24        0x0 linker stubs
 *(.glue_7t)
 .glue_7t       0x08009c24        0x0 linker stubs
 *(.eh_frame)
 .eh_frame      0x08009c24        0x0 C:/ST/STM32CubeIDE_1.18.1/STM32CubeIDE/plugins/com.st.stm32cube.ide.mcu.externaltools.gnu-tools-for-stm32.13.3.rel1.win32_1.0.0.202411081344/tools/bin/../lib/gcc/arm-none-eabi/13.3.1/thumb/v7-m/nofp/crtbegin.o
 *(.init)
 .init          0x08009c24        0x4 C:/ST/STM32CubeIDE_1.18.1/STM32CubeIDE/plugins/com.st.stm32cube.ide.mcu.externaltools.gnu-tools-for-stm32.13.3.rel1.win32_1.0.0.202411081344/tools/bin/../lib/gcc/arm-none-eabi/13.3.1/thumb/v7-m/nofp/crti.o
                0x08009c24                _init
 .init          0x08009c28        0x8 C:/ST/STM32CubeIDE_1.18.1/STM32CubeIDE/plugins/com.st.stm32cube.ide.mcu.externaltools.gnu-tools-for-stm32.13.3.rel1.win32_1.0.0.202411081344/tools/bin/../lib/gcc/arm-none-eabi/13.3.1/thumb/v7-m/nofp/crtn.o
 *(.fini)
 .fini          0x08009c30        0x4 C:/ST/STM32CubeIDE_1.18.1/STM32CubeIDE/plugins/com.st.stm32cube.ide.mcu.externaltools.gnu-tools-for-stm32.13.3.rel1.win32_1.0.0.202411081344/tools/bin/../lib/gcc/arm-none-eabi/13.3.1/thumb/v7-m/nofp/crti.o
                0x08009c30                _fini
 .fini          0x08009c34        0x8 C:/ST/STM32CubeIDE_1.18.1/STM32CubeIDE/plugins/com.st.stm32cube.ide.mcu.externaltools.gnu-tools-for-stm32.13.3.rel1.win32_1.0.0.202411081344/tools/bin/../lib/gcc/arm-none-eabi/13.3.1/thumb/v7-m/nofp/crtn.o
                0x08009c3c                        . = ALIGN (0x4)
                0x08009c3c                        _etext = .

.vfp11_veneer   0x08009c3c        0x0
 .vfp11_veneer  0x08009c3c        0x0 linker stubs

.v4_bx          0x08009c3c        0x0
 .v4_bx         0x08009c3c        0x0 linker stubs

.iplt           0x08009c3c        0x0
 .iplt          0x08009c3c        0x0 C:/ST/STM32CubeIDE_1.18.1/STM32CubeIDE/plugins/com.st.stm32cube.ide.mcu.externaltools.gnu-tools-for-stm32.13.3.rel1.win32_1.0.0.202411081344/tools/bin/../lib/gcc/arm-none-eabi/13.3.1/thumb/v7-m/nofp/crtbegin.o

.rodata         0x08009c3c      0x12c
                0x08009c3c                        . = ALIGN (0x4)
 *(.rodata)
 .rodata        0x08009c3c       0xf0 ./Core/Src/freertos.o
 .rodata        0x08009d2c        0x5 ./Middlewares/Third_Party/FreeRTOS/Source/tasks.o
 *(.rodata*)
 *fill*         0x08009d31        0x3 
 .rodata.os_mutex_def_MensajeDeSalida
                0x08009d34        0x8 ./Core/Src/freertos.o
                0x08009d34                os_mutex_def_MensajeDeSalida
 .rodata.AHBPrescTable
                0x08009d3c       0x10 ./Core/Src/system_stm32f1xx.o
                0x08009d3c                AHBPrescTable
 .rodata.APBPrescTable
                0x08009d4c        0x8 ./Core/Src/system_stm32f1xx.o
                0x08009d4c                APBPrescTable
 .rodata.aPLLMULFactorTable.1
                0x08009d54       0x10 ./Drivers/STM32F1xx_HAL_Driver/Src/stm32f1xx_hal_rcc.o
 .rodata.aPredivFactorTable.0
                0x08009d64        0x2 ./Drivers/STM32F1xx_HAL_Driver/Src/stm32f1xx_hal_rcc.o
                0x08009d68                        . = ALIGN (0x4)
 *fill*         0x08009d66        0x2 

.ARM.extab      0x08009d68        0x0
                0x08009d68                        . = ALIGN (0x4)
 *(.ARM.extab* .gnu.linkonce.armextab.*)
                0x08009d68                        . = ALIGN (0x4)

.ARM            0x08009d68        0x8
                0x08009d68                        . = ALIGN (0x4)
                0x08009d68                        __exidx_start = .
 *(.ARM.exidx*)
 .ARM.exidx     0x08009d68        0x8 C:/ST/STM32CubeIDE_1.18.1/STM32CubeIDE/plugins/com.st.stm32cube.ide.mcu.externaltools.gnu-tools-for-stm32.13.3.rel1.win32_1.0.0.202411081344/tools/bin/../lib/gcc/arm-none-eabi/13.3.1/thumb/v7-m/nofp\libgcc.a(_udivmoddi4.o)
                0x08009d70                        __exidx_end = .
                0x08009d70                        . = ALIGN (0x4)

.preinit_array  0x08009d70        0x0
                0x08009d70                        . = ALIGN (0x4)
                0x08009d70                        PROVIDE (__preinit_array_start = .)
 *(.preinit_array*)
                0x08009d70                        PROVIDE (__preinit_array_end = .)
                0x08009d70                        . = ALIGN (0x4)

.init_array     0x08009d70        0x4
                0x08009d70                        . = ALIGN (0x4)
                0x08009d70                        PROVIDE (__init_array_start = .)
 *(SORT_BY_NAME(.init_array.*))
 *(.init_array*)
 .init_array    0x08009d70        0x4 C:/ST/STM32CubeIDE_1.18.1/STM32CubeIDE/plugins/com.st.stm32cube.ide.mcu.externaltools.gnu-tools-for-stm32.13.3.rel1.win32_1.0.0.202411081344/tools/bin/../lib/gcc/arm-none-eabi/13.3.1/thumb/v7-m/nofp/crtbegin.o
                0x08009d74                        PROVIDE (__init_array_end = .)
                0x08009d74                        . = ALIGN (0x4)

.fini_array     0x08009d74        0x4
                0x08009d74                        . = ALIGN (0x4)
                [!provide]                        PROVIDE (__fini_array_start = .)
 *(SORT_BY_NAME(.fini_array.*))
 *(.fini_array*)
 .fini_array    0x08009d74        0x4 C:/ST/STM32CubeIDE_1.18.1/STM32CubeIDE/plugins/com.st.stm32cube.ide.mcu.externaltools.gnu-tools-for-stm32.13.3.rel1.win32_1.0.0.202411081344/tools/bin/../lib/gcc/arm-none-eabi/13.3.1/thumb/v7-m/nofp/crtbegin.o
                [!provide]                        PROVIDE (__fini_array_end = .)
                0x08009d78                        . = ALIGN (0x4)
                0x08009d78                        _sidata = LOADADDR (.data)

.rel.dyn        0x08009d78        0x0
 .rel.iplt      0x08009d78        0x0 C:/ST/STM32CubeIDE_1.18.1/STM32CubeIDE/plugins/com.st.stm32cube.ide.mcu.externaltools.gnu-tools-for-stm32.13.3.rel1.win32_1.0.0.202411081344/tools/bin/../lib/gcc/arm-none-eabi/13.3.1/thumb/v7-m/nofp/crtbegin.o

.data           0x20000000       0x74 load address 0x08009d78
                0x20000000                        . = ALIGN (0x4)
                0x20000000                        _sdata = .
 *(.data)
 *(.data*)
 .data.busIdle  0x20000000        0x1 ./Core/Src/comunicacion.o
                0x20000000                busIdle
 *fill*         0x20000001        0x3 
 .data.mensaje_de_salida
                0x20000004        0xd ./Core/Src/freertos.o
                0x20000004                mensaje_de_salida
 *fill*         0x20000011        0x3 
 .data.SystemCoreClock
                0x20000014        0x4 ./Core/Src/system_stm32f1xx.o
                0x20000014                SystemCoreClock
 .data.uwTickPrio
                0x20000018        0x4 ./Drivers/STM32F1xx_HAL_Driver/Src/stm32f1xx_hal.o
                0x20000018                uwTickPrio
 .data.uwTickFreq
                0x2000001c        0x1 ./Drivers/STM32F1xx_HAL_Driver/Src/stm32f1xx_hal.o
                0x2000001c                uwTickFreq
 *fill*         0x2000001d        0x3 
 .data.uxCriticalNesting
                0x20000020        0x4 ./Middlewares/Third_Party/FreeRTOS/Source/portable/GCC/ARM_CM3/port.o
 .data._impure_ptr
                0x20000024        0x4 C:/ST/STM32CubeIDE_1.18.1/STM32CubeIDE/plugins/com.st.stm32cube.ide.mcu.externaltools.gnu-tools-for-stm32.13.3.rel1.win32_1.0.0.202411081344/tools/bin/../lib/gcc/arm-none-eabi/13.3.1/../../../../arm-none-eabi/lib/thumb/v7-m/nofp\libc_nano.a(libc_a-impure.o)
                0x20000024                _impure_ptr
 .data._impure_data
                0x20000028       0x4c C:/ST/STM32CubeIDE_1.18.1/STM32CubeIDE/plugins/com.st.stm32cube.ide.mcu.externaltools.gnu-tools-for-stm32.13.3.rel1.win32_1.0.0.202411081344/tools/bin/../lib/gcc/arm-none-eabi/13.3.1/../../../../arm-none-eabi/lib/thumb/v7-m/nofp\libc_nano.a(libc_a-impure.o)
                0x20000028                _impure_data
 *(.RamFunc)
 *(.RamFunc*)
                0x20000074                        . = ALIGN (0x4)
                0x20000074                        _edata = .

.igot.plt       0x20000074        0x0 load address 0x08009dec
 .igot.plt      0x20000074        0x0 C:/ST/STM32CubeIDE_1.18.1/STM32CubeIDE/plugins/com.st.stm32cube.ide.mcu.externaltools.gnu-tools-for-stm32.13.3.rel1.win32_1.0.0.202411081344/tools/bin/../lib/gcc/arm-none-eabi/13.3.1/thumb/v7-m/nofp/crtbegin.o
                0x20000074                        . = ALIGN (0x4)

.bss            0x20000074     0x2c88 load address 0x08009dec
                0x20000074                        _sbss = .
                0x20000074                        __bss_start__ = _sbss
 *(.bss)
 .bss           0x20000074       0x1c C:/ST/STM32CubeIDE_1.18.1/STM32CubeIDE/plugins/com.st.stm32cube.ide.mcu.externaltools.gnu-tools-for-stm32.13.3.rel1.win32_1.0.0.202411081344/tools/bin/../lib/gcc/arm-none-eabi/13.3.1/thumb/v7-m/nofp/crtbegin.o
 *(.bss*)
 .bss.hadc1     0x20000090       0x30 ./Core/Src/adc.o
                0x20000090                hadc1
 .bss.hdma_adc1
                0x200000c0       0x44 ./Core/Src/adc.o
                0x200000c0                hdma_adc1
 .bss.bmp_spi   0x20000104        0x4 ./Core/Src/bmp280_spi.o
 .bss.bmp_cs_port
                0x20000108        0x4 ./Core/Src/bmp280_spi.o
 .bss.bmp_cs_pin
                0x2000010c        0x2 ./Core/Src/bmp280_spi.o
 *fill*         0x2000010e        0x2 
 .bss.bmp_calib
                0x20000110       0x18 ./Core/Src/bmp280_spi.o
 .bss.t_fine    0x20000128        0x4 ./Core/Src/bmp280_spi.o
 .bss.trama_recibida_uart_ttl
                0x2000012c        0x8 ./Core/Src/comunicacion.o
                0x2000012c                trama_recibida_uart_ttl
 .bss.active_frame
                0x20000134        0x8 ./Core/Src/comunicacion.o
                0x20000134                active_frame
 .bss.rs485_buf
                0x2000013c        0x8 ./Core/Src/comunicacion.o
                0x2000013c                rs485_buf
 .bss.rs485_idx
                0x20000144        0x1 ./Core/Src/comunicacion.o
                0x20000144                rs485_idx
 .bss.rs485_byte
                0x20000145        0x1 ./Core/Src/comunicacion.o
                0x20000145                rs485_byte
 .bss.modo_protocolo
                0x20000146        0x1 ./Core/Src/comunicacion.o
                0x20000146                modo_protocolo
 .bss.g_t35_expired
                0x20000147        0x1 ./Core/Src/comunicacion.o
 .bss.transmisionMutex
                0x20000148        0x4 ./Core/Src/freertos.o
                0x20000148                transmisionMutex
 .bss.MensajeDeSalidaMutexHandle
                0x2000014c        0x4 ./Core/Src/freertos.o
                0x2000014c                MensajeDeSalidaMutexHandle
 .bss.busDatosSalidasMutex
                0x20000150        0x4 ./Core/Src/freertos.o
                0x20000150                busDatosSalidasMutex
 .bss.UART_RX_Queue
                0x20000154        0x4 ./Core/Src/freertos.o
                0x20000154                UART_RX_Queue
 .bss.defaultTaskHandle
                0x20000158        0x4 ./Core/Src/freertos.o
                0x20000158                defaultTaskHandle
 .bss.EnvioUartHandle
                0x2000015c        0x4 ./Core/Src/freertos.o
                0x2000015c                EnvioUartHandle
 .bss.ReadInputsTaskHandle
                0x20000160        0x4 ./Core/Src/freertos.o
                0x20000160                ReadInputsTaskHandle
 .bss.LeerADCHandle
                0x20000164        0x4 ./Core/Src/freertos.o
                0x20000164                LeerADCHandle
 .bss.LeerBMP280Handle
                0x20000168        0x4 ./Core/Src/freertos.o
                0x20000168                LeerBMP280Handle
 .bss.LeerUARTHandle
                0x2000016c        0x4 ./Core/Src/freertos.o
                0x2000016c                LeerUARTHandle
 .bss.xIdleTaskTCBBuffer
                0x20000170       0xa0 ./Core/Src/freertos.o
 .bss.xIdleStack
                0x20000210      0x200 ./Core/Src/freertos.o
 .bss.adc_valores
                0x20000410        0x6 ./Core/Src/main.o
                0x20000410                adc_valores
 *fill*         0x20000416        0x2 
 .bss.hspi2     0x20000418       0x58 ./Core/Src/spi.o
                0x20000418                hspi2
 .bss.htim4     0x20000470       0x48 ./Core/Src/stm32f1xx_hal_timebase_tim.o
                0x20000470                htim4
 .bss.htim1     0x200004b8       0x48 ./Core/Src/tim.o
                0x200004b8                htim1
 .bss.htim2     0x20000500       0x48 ./Core/Src/tim.o
                0x20000500                htim2
 .bss.htim3     0x20000548       0x48 ./Core/Src/tim.o
                0x20000548                htim3
 .bss.huart1    0x20000590       0x48 ./Core/Src/usart.o
                0x20000590                huart1
 .bss.huart3    0x200005d8       0x48 ./Core/Src/usart.o
                0x200005d8                huart3
 .bss.hdma_usart3_rx
                0x20000620       0x44 ./Core/Src/usart.o
                0x20000620                hdma_usart3_rx
 .bss.uwTick    0x20000664        0x4 ./Drivers/STM32F1xx_HAL_Driver/Src/stm32f1xx_hal.o
                0x20000664                uwTick
 .bss.pxCurrentTCB
                0x20000668        0x4 ./Middlewares/Third_Party/FreeRTOS/Source/tasks.o
                0x20000668                pxCurrentTCB
 .bss.pxReadyTasksLists
                0x2000066c       0x8c ./Middlewares/Third_Party/FreeRTOS/Source/tasks.o
 .bss.xDelayedTaskList1
                0x200006f8       0x14 ./Middlewares/Third_Party/FreeRTOS/Source/tasks.o
 .bss.xDelayedTaskList2
                0x2000070c       0x14 ./Middlewares/Third_Party/FreeRTOS/Source/tasks.o
 .bss.pxDelayedTaskList
                0x20000720        0x4 ./Middlewares/Third_Party/FreeRTOS/Source/tasks.o
 .bss.pxOverflowDelayedTaskList
                0x20000724        0x4 ./Middlewares/Third_Party/FreeRTOS/Source/tasks.o
 .bss.xPendingReadyList
                0x20000728       0x14 ./Middlewares/Third_Party/FreeRTOS/Source/tasks.o
 .bss.xTasksWaitingTermination
                0x2000073c       0x14 ./Middlewares/Third_Party/FreeRTOS/Source/tasks.o
 .bss.uxDeletedTasksWaitingCleanUp
                0x20000750        0x4 ./Middlewares/Third_Party/FreeRTOS/Source/tasks.o
 .bss.xSuspendedTaskList
                0x20000754       0x14 ./Middlewares/Third_Party/FreeRTOS/Source/tasks.o
 .bss.uxCurrentNumberOfTasks
                0x20000768        0x4 ./Middlewares/Third_Party/FreeRTOS/Source/tasks.o
 .bss.xTickCount
                0x2000076c        0x4 ./Middlewares/Third_Party/FreeRTOS/Source/tasks.o
 .bss.uxTopReadyPriority
                0x20000770        0x4 ./Middlewares/Third_Party/FreeRTOS/Source/tasks.o
 .bss.xSchedulerRunning
                0x20000774        0x4 ./Middlewares/Third_Party/FreeRTOS/Source/tasks.o
 .bss.xPendedTicks
                0x20000778        0x4 ./Middlewares/Third_Party/FreeRTOS/Source/tasks.o
 .bss.xYieldPending
                0x2000077c        0x4 ./Middlewares/Third_Party/FreeRTOS/Source/tasks.o
 .bss.xNumOfOverflows
                0x20000780        0x4 ./Middlewares/Third_Party/FreeRTOS/Source/tasks.o
 .bss.uxTaskNumber
                0x20000784        0x4 ./Middlewares/Third_Party/FreeRTOS/Source/tasks.o
 .bss.xNextTaskUnblockTime
                0x20000788        0x4 ./Middlewares/Third_Party/FreeRTOS/Source/tasks.o
 .bss.xIdleTaskHandle
                0x2000078c        0x4 ./Middlewares/Third_Party/FreeRTOS/Source/tasks.o
 .bss.uxSchedulerSuspended
                0x20000790        0x4 ./Middlewares/Third_Party/FreeRTOS/Source/tasks.o
 .bss.ucMaxSysCallPriority
                0x20000794        0x1 ./Middlewares/Third_Party/FreeRTOS/Source/portable/GCC/ARM_CM3/port.o
 *fill*         0x20000795        0x3 
 .bss.ulMaxPRIGROUPValue
                0x20000798        0x4 ./Middlewares/Third_Party/FreeRTOS/Source/portable/GCC/ARM_CM3/port.o
 .bss.ucHeap    0x2000079c     0x2400 ./Middlewares/Third_Party/FreeRTOS/Source/portable/MemMang/heap_4.o
 .bss.xStart    0x20002b9c        0x8 ./Middlewares/Third_Party/FreeRTOS/Source/portable/MemMang/heap_4.o
 .bss.pxEnd     0x20002ba4        0x4 ./Middlewares/Third_Party/FreeRTOS/Source/portable/MemMang/heap_4.o
 .bss.xFreeBytesRemaining
                0x20002ba8        0x4 ./Middlewares/Third_Party/FreeRTOS/Source/portable/MemMang/heap_4.o
 .bss.xMinimumEverFreeBytesRemaining
                0x20002bac        0x4 ./Middlewares/Third_Party/FreeRTOS/Source/portable/MemMang/heap_4.o
 .bss.xNumberOfSuccessfulAllocations
                0x20002bb0        0x4 ./Middlewares/Third_Party/FreeRTOS/Source/portable/MemMang/heap_4.o
 .bss.xNumberOfSuccessfulFrees
                0x20002bb4        0x4 ./Middlewares/Third_Party/FreeRTOS/Source/portable/MemMang/heap_4.o
 .bss.xBlockAllocatedBit
                0x20002bb8        0x4 ./Middlewares/Third_Party/FreeRTOS/Source/portable/MemMang/heap_4.o
 .bss.__sf      0x20002bbc      0x138 C:/ST/STM32CubeIDE_1.18.1/STM32CubeIDE/plugins/com.st.stm32cube.ide.mcu.externaltools.gnu-tools-for-stm32.13.3.rel1.win32_1.0.0.202411081344/tools/bin/../lib/gcc/arm-none-eabi/13.3.1/../../../../arm-none-eabi/lib/thumb/v7-m/nofp\libc_nano.a(libc_a-findfp.o)
                0x20002bbc                __sf
 .bss.__lock___malloc_recursive_mutex
                0x20002cf4        0x1 C:/ST/STM32CubeIDE_1.18.1/STM32CubeIDE/plugins/com.st.stm32cube.ide.mcu.externaltools.gnu-tools-for-stm32.13.3.rel1.win32_1.0.0.202411081344/tools/bin/../lib/gcc/arm-none-eabi/13.3.1/../../../../arm-none-eabi/lib/thumb/v7-m/nofp\libc_nano.a(libc_a-lock.o)
                0x20002cf4                __lock___malloc_recursive_mutex
 *fill*         0x20002cf5        0x3 
 .bss.__malloc_free_list
                0x20002cf8        0x4 C:/ST/STM32CubeIDE_1.18.1/STM32CubeIDE/plugins/com.st.stm32cube.ide.mcu.externaltools.gnu-tools-for-stm32.13.3.rel1.win32_1.0.0.202411081344/tools/bin/../lib/gcc/arm-none-eabi/13.3.1/../../../../arm-none-eabi/lib/thumb/v7-m/nofp\libc_nano.a(libc_a-mallocr.o)
                0x20002cf8                __malloc_free_list
 *(COMMON)
                0x20002cfc                        . = ALIGN (0x4)
                0x20002cfc                        _ebss = .
                0x20002cfc                        __bss_end__ = _ebss

._user_heap_stack
                0x20002cfc      0x604 load address 0x08009dec
                0x20002d00                        . = ALIGN (0x8)
 *fill*         0x20002cfc        0x4 
                [!provide]                        PROVIDE (end = .)
                0x20002d00                        PROVIDE (_end = .)
                0x20002f00                        . = (. + _Min_Heap_Size)
 *fill*         0x20002d00      0x200 
                0x20003300                        . = (. + _Min_Stack_Size)
 *fill*         0x20002f00      0x400 
                0x20003300                        . = ALIGN (0x8)

/DISCARD/
 libc.a(*)
 libm.a(*)
 libgcc.a(*)

.ARM.attributes
                0x00000000       0x29
 *(.ARM.attributes)
 .ARM.attributes
                0x00000000       0x1d C:/ST/STM32CubeIDE_1.18.1/STM32CubeIDE/plugins/com.st.stm32cube.ide.mcu.externaltools.gnu-tools-for-stm32.13.3.rel1.win32_1.0.0.202411081344/tools/bin/../lib/gcc/arm-none-eabi/13.3.1/thumb/v7-m/nofp/crti.o
 .ARM.attributes
                0x0000001d       0x2d C:/ST/STM32CubeIDE_1.18.1/STM32CubeIDE/plugins/com.st.stm32cube.ide.mcu.externaltools.gnu-tools-for-stm32.13.3.rel1.win32_1.0.0.202411081344/tools/bin/../lib/gcc/arm-none-eabi/13.3.1/thumb/v7-m/nofp/crtbegin.o
 .ARM.attributes
                0x0000004a       0x2d ./Core/Src/adc.o
 .ARM.attributes
                0x00000077       0x2d ./Core/Src/bmp280_spi.o
 .ARM.attributes
                0x000000a4       0x2d ./Core/Src/comunicacion.o
 .ARM.attributes
                0x000000d1       0x2d ./Core/Src/dma.o
 .ARM.attributes
                0x000000fe       0x2d ./Core/Src/freertos.o
 .ARM.attributes
                0x0000012b       0x2d ./Core/Src/gpio.o
 .ARM.attributes
                0x00000158       0x2d ./Core/Src/main.o
 .ARM.attributes
                0x00000185       0x2d ./Core/Src/spi.o
 .ARM.attributes
                0x000001b2       0x2d ./Core/Src/stm32f1xx_hal_msp.o
 .ARM.attributes
                0x000001df       0x2d ./Core/Src/stm32f1xx_hal_timebase_tim.o
 .ARM.attributes
                0x0000020c       0x2d ./Core/Src/stm32f1xx_it.o
 .ARM.attributes
                0x00000239       0x2d ./Core/Src/system_stm32f1xx.o
 .ARM.attributes
                0x00000266       0x2d ./Core/Src/tim.o
 .ARM.attributes
                0x00000293       0x2d ./Core/Src/usart.o
 .ARM.attributes
                0x000002c0       0x21 ./Core/Startup/startup_stm32f103c8tx.o
 .ARM.attributes
                0x000002e1       0x2d ./Drivers/STM32F1xx_HAL_Driver/Src/stm32f1xx_hal.o
 .ARM.attributes
                0x0000030e       0x2d ./Drivers/STM32F1xx_HAL_Driver/Src/stm32f1xx_hal_adc.o
 .ARM.attributes
                0x0000033b       0x2d ./Drivers/STM32F1xx_HAL_Driver/Src/stm32f1xx_hal_cortex.o
 .ARM.attributes
                0x00000368       0x2d ./Drivers/STM32F1xx_HAL_Driver/Src/stm32f1xx_hal_dma.o
 .ARM.attributes
                0x00000395       0x2d ./Drivers/STM32F1xx_HAL_Driver/Src/stm32f1xx_hal_gpio.o
 .ARM.attributes
                0x000003c2       0x2d ./Drivers/STM32F1xx_HAL_Driver/Src/stm32f1xx_hal_rcc.o
 .ARM.attributes
                0x000003ef       0x2d ./Drivers/STM32F1xx_HAL_Driver/Src/stm32f1xx_hal_rcc_ex.o
 .ARM.attributes
                0x0000041c       0x2d ./Drivers/STM32F1xx_HAL_Driver/Src/stm32f1xx_hal_spi.o
 .ARM.attributes
                0x00000449       0x2d ./Drivers/STM32F1xx_HAL_Driver/Src/stm32f1xx_hal_tim.o
 .ARM.attributes
                0x00000476       0x2d ./Drivers/STM32F1xx_HAL_Driver/Src/stm32f1xx_hal_tim_ex.o
 .ARM.attributes
                0x000004a3       0x2d ./Drivers/STM32F1xx_HAL_Driver/Src/stm32f1xx_hal_uart.o
 .ARM.attributes
                0x000004d0       0x2d ./Middlewares/Third_Party/FreeRTOS/Source/CMSIS_RTOS/cmsis_os.o
 .ARM.attributes
                0x000004fd       0x2d ./Middlewares/Third_Party/FreeRTOS/Source/list.o
 .ARM.attributes
                0x0000052a       0x2d ./Middlewares/Third_Party/FreeRTOS/Source/queue.o
 .ARM.attributes
                0x00000557       0x2d ./Middlewares/Third_Party/FreeRTOS/Source/tasks.o
 .ARM.attributes
                0x00000584       0x2d ./Middlewares/Third_Party/FreeRTOS/Source/portable/GCC/ARM_CM3/port.o
 .ARM.attributes
                0x000005b1       0x2d ./Middlewares/Third_Party/FreeRTOS/Source/portable/MemMang/heap_4.o
 .ARM.attributes
                0x000005de       0x2d C:/ST/STM32CubeIDE_1.18.1/STM32CubeIDE/plugins/com.st.stm32cube.ide.mcu.externaltools.gnu-tools-for-stm32.13.3.rel1.win32_1.0.0.202411081344/tools/bin/../lib/gcc/arm-none-eabi/13.3.1/../../../../arm-none-eabi/lib/thumb/v7-m/nofp\libc_nano.a(libc_a-findfp.o)
 .ARM.attributes
                0x0000060b       0x2d C:/ST/STM32CubeIDE_1.18.1/STM32CubeIDE/plugins/com.st.stm32cube.ide.mcu.externaltools.gnu-tools-for-stm32.13.3.rel1.win32_1.0.0.202411081344/tools/bin/../lib/gcc/arm-none-eabi/13.3.1/../../../../arm-none-eabi/lib/thumb/v7-m/nofp\libc_nano.a(libc_a-memset.o)
 .ARM.attributes
                0x00000638       0x2d C:/ST/STM32CubeIDE_1.18.1/STM32CubeIDE/plugins/com.st.stm32cube.ide.mcu.externaltools.gnu-tools-for-stm32.13.3.rel1.win32_1.0.0.202411081344/tools/bin/../lib/gcc/arm-none-eabi/13.3.1/../../../../arm-none-eabi/lib/thumb/v7-m/nofp\libc_nano.a(libc_a-reent.o)
 .ARM.attributes
                0x00000665       0x2d C:/ST/STM32CubeIDE_1.18.1/STM32CubeIDE/plugins/com.st.stm32cube.ide.mcu.externaltools.gnu-tools-for-stm32.13.3.rel1.win32_1.0.0.202411081344/tools/bin/../lib/gcc/arm-none-eabi/13.3.1/../../../../arm-none-eabi/lib/thumb/v7-m/nofp\libc_nano.a(libc_a-impure.o)
 .ARM.attributes
                0x00000692       0x2d C:/ST/STM32CubeIDE_1.18.1/STM32CubeIDE/plugins/com.st.stm32cube.ide.mcu.externaltools.gnu-tools-for-stm32.13.3.rel1.win32_1.0.0.202411081344/tools/bin/../lib/gcc/arm-none-eabi/13.3.1/../../../../arm-none-eabi/lib/thumb/v7-m/nofp\libc_nano.a(libc_a-init.o)
 .ARM.attributes
                0x000006bf       0x2d C:/ST/STM32CubeIDE_1.18.1/STM32CubeIDE/plugins/com.st.stm32cube.ide.mcu.externaltools.gnu-tools-for-stm32.13.3.rel1.win32_1.0.0.202411081344/tools/bin/../lib/gcc/arm-none-eabi/13.3.1/../../../../arm-none-eabi/lib/thumb/v7-m/nofp\libc_nano.a(libc_a-lock.o)
 .ARM.attributes
                0x000006ec       0x2d C:/ST/STM32CubeIDE_1.18.1/STM32CubeIDE/plugins/com.st.stm32cube.ide.mcu.externaltools.gnu-tools-for-stm32.13.3.rel1.win32_1.0.0.202411081344/tools/bin/../lib/gcc/arm-none-eabi/13.3.1/../../../../arm-none-eabi/lib/thumb/v7-m/nofp\libc_nano.a(libc_a-memcpy-stub.o)
 .ARM.attributes
                0x00000719       0x2d C:/ST/STM32CubeIDE_1.18.1/STM32CubeIDE/plugins/com.st.stm32cube.ide.mcu.externaltools.gnu-tools-for-stm32.13.3.rel1.win32_1.0.0.202411081344/tools/bin/../lib/gcc/arm-none-eabi/13.3.1/../../../../arm-none-eabi/lib/thumb/v7-m/nofp\libc_nano.a(libc_a-freer.o)
 .ARM.attributes
                0x00000746       0x2d C:/ST/STM32CubeIDE_1.18.1/STM32CubeIDE/plugins/com.st.stm32cube.ide.mcu.externaltools.gnu-tools-for-stm32.13.3.rel1.win32_1.0.0.202411081344/tools/bin/../lib/gcc/arm-none-eabi/13.3.1/../../../../arm-none-eabi/lib/thumb/v7-m/nofp\libc_nano.a(libc_a-mallocr.o)
 .ARM.attributes
                0x00000773       0x2d C:/ST/STM32CubeIDE_1.18.1/STM32CubeIDE/plugins/com.st.stm32cube.ide.mcu.externaltools.gnu-tools-for-stm32.13.3.rel1.win32_1.0.0.202411081344/tools/bin/../lib/gcc/arm-none-eabi/13.3.1/../../../../arm-none-eabi/lib/thumb/v7-m/nofp\libc_nano.a(libc_a-mlock.o)
 .ARM.attributes
                0x000007a0       0x1d C:/ST/STM32CubeIDE_1.18.1/STM32CubeIDE/plugins/com.st.stm32cube.ide.mcu.externaltools.gnu-tools-for-stm32.13.3.rel1.win32_1.0.0.202411081344/tools/bin/../lib/gcc/arm-none-eabi/13.3.1/thumb/v7-m/nofp\libgcc.a(_arm_addsubsf3.o)
 .ARM.attributes
                0x000007bd       0x1d C:/ST/STM32CubeIDE_1.18.1/STM32CubeIDE/plugins/com.st.stm32cube.ide.mcu.externaltools.gnu-tools-for-stm32.13.3.rel1.win32_1.0.0.202411081344/tools/bin/../lib/gcc/arm-none-eabi/13.3.1/thumb/v7-m/nofp\libgcc.a(_arm_muldivsf3.o)
 .ARM.attributes
                0x000007da       0x1d C:/ST/STM32CubeIDE_1.18.1/STM32CubeIDE/plugins/com.st.stm32cube.ide.mcu.externaltools.gnu-tools-for-stm32.13.3.rel1.win32_1.0.0.202411081344/tools/bin/../lib/gcc/arm-none-eabi/13.3.1/thumb/v7-m/nofp\libgcc.a(_arm_fixunssfsi.o)
 .ARM.attributes
                0x000007f7       0x1d C:/ST/STM32CubeIDE_1.18.1/STM32CubeIDE/plugins/com.st.stm32cube.ide.mcu.externaltools.gnu-tools-for-stm32.13.3.rel1.win32_1.0.0.202411081344/tools/bin/../lib/gcc/arm-none-eabi/13.3.1/thumb/v7-m/nofp\libgcc.a(_aeabi_ldivmod.o)
 .ARM.attributes
                0x00000814       0x2d C:/ST/STM32CubeIDE_1.18.1/STM32CubeIDE/plugins/com.st.stm32cube.ide.mcu.externaltools.gnu-tools-for-stm32.13.3.rel1.win32_1.0.0.202411081344/tools/bin/../lib/gcc/arm-none-eabi/13.3.1/thumb/v7-m/nofp\libgcc.a(_udivmoddi4.o)
 .ARM.attributes
                0x00000841       0x1d C:/ST/STM32CubeIDE_1.18.1/STM32CubeIDE/plugins/com.st.stm32cube.ide.mcu.externaltools.gnu-tools-for-stm32.13.3.rel1.win32_1.0.0.202411081344/tools/bin/../lib/gcc/arm-none-eabi/13.3.1/thumb/v7-m/nofp\libgcc.a(_dvmd_tls.o)
 .ARM.attributes
                0x0000085e       0x1d C:/ST/STM32CubeIDE_1.18.1/STM32CubeIDE/plugins/com.st.stm32cube.ide.mcu.externaltools.gnu-tools-for-stm32.13.3.rel1.win32_1.0.0.202411081344/tools/bin/../lib/gcc/arm-none-eabi/13.3.1/thumb/v7-m/nofp/crtn.o
OUTPUT(TP3_STM32_FreeRtos.elf elf32-littlearm)
LOAD linker stubs
LOAD C:/ST/STM32CubeIDE_1.18.1/STM32CubeIDE/plugins/com.st.stm32cube.ide.mcu.externaltools.gnu-tools-for-stm32.13.3.rel1.win32_1.0.0.202411081344/tools/bin/../lib/gcc/arm-none-eabi/13.3.1/../../../../arm-none-eabi/lib/thumb/v7-m/nofp\libc.a
LOAD C:/ST/STM32CubeIDE_1.18.1/STM32CubeIDE/plugins/com.st.stm32cube.ide.mcu.externaltools.gnu-tools-for-stm32.13.3.rel1.win32_1.0.0.202411081344/tools/bin/../lib/gcc/arm-none-eabi/13.3.1/../../../../arm-none-eabi/lib/thumb/v7-m/nofp\libm.a
LOAD C:/ST/STM32CubeIDE_1.18.1/STM32CubeIDE/plugins/com.st.stm32cube.ide.mcu.externaltools.gnu-tools-for-stm32.13.3.rel1.win32_1.0.0.202411081344/tools/bin/../lib/gcc/arm-none-eabi/13.3.1/thumb/v7-m/nofp\libgcc.a

.debug_info     0x00000000    0x1ab99
 .debug_info    0x00000000      0x7fc ./Core/Src/adc.o
 .debug_info    0x000007fc      0xa1b ./Core/Src/bmp280_spi.o
 .debug_info    0x00001217      0xe9b ./Core/Src/comunicacion.o
 .debug_info    0x000020b2      0x2cf ./Core/Src/dma.o
 .debug_info    0x00002381     0x1d8f ./Core/Src/freertos.o
 .debug_info    0x00004110      0x2d3 ./Core/Src/gpio.o
 .debug_info    0x000043e3     0x1022 ./Core/Src/main.o
 .debug_info    0x00005405      0x7bc ./Core/Src/spi.o
 .debug_info    0x00005bc1      0x361 ./Core/Src/stm32f1xx_hal_msp.o
 .debug_info    0x00005f22      0x9a8 ./Core/Src/stm32f1xx_hal_timebase_tim.o
 .debug_info    0x000068ca      0x9dd ./Core/Src/stm32f1xx_it.o
 .debug_info    0x000072a7      0x222 ./Core/Src/system_stm32f1xx.o
 .debug_info    0x000074c9      0xc73 ./Core/Src/tim.o
 .debug_info    0x0000813c      0x9cd ./Core/Src/usart.o
 .debug_info    0x00008b09       0x30 ./Core/Startup/startup_stm32f103c8tx.o
 .debug_info    0x00008b39      0x704 ./Drivers/STM32F1xx_HAL_Driver/Src/stm32f1xx_hal.o
 .debug_info    0x0000923d      0xc50 ./Drivers/STM32F1xx_HAL_Driver/Src/stm32f1xx_hal_adc.o
 .debug_info    0x00009e8d      0xa87 ./Drivers/STM32F1xx_HAL_Driver/Src/stm32f1xx_hal_cortex.o
 .debug_info    0x0000a914      0x6d2 ./Drivers/STM32F1xx_HAL_Driver/Src/stm32f1xx_hal_dma.o
 .debug_info    0x0000afe6      0x5ab ./Drivers/STM32F1xx_HAL_Driver/Src/stm32f1xx_hal_gpio.o
 .debug_info    0x0000b591      0x7d5 ./Drivers/STM32F1xx_HAL_Driver/Src/stm32f1xx_hal_rcc.o
 .debug_info    0x0000bd66      0x3c0 ./Drivers/STM32F1xx_HAL_Driver/Src/stm32f1xx_hal_rcc_ex.o
 .debug_info    0x0000c126     0x142d ./Drivers/STM32F1xx_HAL_Driver/Src/stm32f1xx_hal_spi.o
 .debug_info    0x0000d553     0x2959 ./Drivers/STM32F1xx_HAL_Driver/Src/stm32f1xx_hal_tim.o
 .debug_info    0x0000feac     0x149b ./Drivers/STM32F1xx_HAL_Driver/Src/stm32f1xx_hal_tim_ex.o
 .debug_info    0x00011347     0x2eed ./Drivers/STM32F1xx_HAL_Driver/Src/stm32f1xx_hal_uart.o
 .debug_info    0x00014234     0x21e2 ./Middlewares/Third_Party/FreeRTOS/Source/CMSIS_RTOS/cmsis_os.o
 .debug_info    0x00016416      0x2af ./Middlewares/Third_Party/FreeRTOS/Source/list.o
 .debug_info    0x000166c5     0x17cd ./Middlewares/Third_Party/FreeRTOS/Source/queue.o
 .debug_info    0x00017e92     0x239e ./Middlewares/Third_Party/FreeRTOS/Source/tasks.o
 .debug_info    0x0001a230      0x494 ./Middlewares/Third_Party/FreeRTOS/Source/portable/GCC/ARM_CM3/port.o
 .debug_info    0x0001a6c4      0x4d5 ./Middlewares/Third_Party/FreeRTOS/Source/portable/MemMang/heap_4.o

.debug_abbrev   0x00000000     0x45cb
 .debug_abbrev  0x00000000      0x1f2 ./Core/Src/adc.o
 .debug_abbrev  0x000001f2      0x205 ./Core/Src/bmp280_spi.o
 .debug_abbrev  0x000003f7      0x302 ./Core/Src/comunicacion.o
 .debug_abbrev  0x000006f9       0xfc ./Core/Src/dma.o
 .debug_abbrev  0x000007f5      0x308 ./Core/Src/freertos.o
 .debug_abbrev  0x00000afd      0x13f ./Core/Src/gpio.o
 .debug_abbrev  0x00000c3c      0x279 ./Core/Src/main.o
 .debug_abbrev  0x00000eb5      0x1e7 ./Core/Src/spi.o
 .debug_abbrev  0x0000109c      0x11c ./Core/Src/stm32f1xx_hal_msp.o
 .debug_abbrev  0x000011b8      0x1f3 ./Core/Src/stm32f1xx_hal_timebase_tim.o
 .debug_abbrev  0x000013ab      0x1bd ./Core/Src/stm32f1xx_it.o
 .debug_abbrev  0x00001568      0x13f ./Core/Src/system_stm32f1xx.o
 .debug_abbrev  0x000016a7      0x243 ./Core/Src/tim.o
 .debug_abbrev  0x000018ea      0x21f ./Core/Src/usart.o
 .debug_abbrev  0x00001b09       0x24 ./Core/Startup/startup_stm32f103c8tx.o
 .debug_abbrev  0x00001b2d      0x201 ./Drivers/STM32F1xx_HAL_Driver/Src/stm32f1xx_hal.o
 .debug_abbrev  0x00001d2e      0x225 ./Drivers/STM32F1xx_HAL_Driver/Src/stm32f1xx_hal_adc.o
 .debug_abbrev  0x00001f53      0x2f8 ./Drivers/STM32F1xx_HAL_Driver/Src/stm32f1xx_hal_cortex.o
 .debug_abbrev  0x0000224b      0x20b ./Drivers/STM32F1xx_HAL_Driver/Src/stm32f1xx_hal_dma.o
 .debug_abbrev  0x00002456      0x1ca ./Drivers/STM32F1xx_HAL_Driver/Src/stm32f1xx_hal_gpio.o
 .debug_abbrev  0x00002620      0x2b3 ./Drivers/STM32F1xx_HAL_Driver/Src/stm32f1xx_hal_rcc.o
 .debug_abbrev  0x000028d3      0x188 ./Drivers/STM32F1xx_HAL_Driver/Src/stm32f1xx_hal_rcc_ex.o
 .debug_abbrev  0x00002a5b      0x27a ./Drivers/STM32F1xx_HAL_Driver/Src/stm32f1xx_hal_spi.o
 .debug_abbrev  0x00002cd5      0x277 ./Drivers/STM32F1xx_HAL_Driver/Src/stm32f1xx_hal_tim.o
 .debug_abbrev  0x00002f4c      0x282 ./Drivers/STM32F1xx_HAL_Driver/Src/stm32f1xx_hal_tim_ex.o
 .debug_abbrev  0x000031ce      0x2f8 ./Drivers/STM32F1xx_HAL_Driver/Src/stm32f1xx_hal_uart.o
 .debug_abbrev  0x000034c6      0x416 ./Middlewares/Third_Party/FreeRTOS/Source/CMSIS_RTOS/cmsis_os.o
 .debug_abbrev  0x000038dc       0xf5 ./Middlewares/Third_Party/FreeRTOS/Source/list.o
 .debug_abbrev  0x000039d1      0x3b5 ./Middlewares/Third_Party/FreeRTOS/Source/queue.o
 .debug_abbrev  0x00003d86      0x3d0 ./Middlewares/Third_Party/FreeRTOS/Source/tasks.o
 .debug_abbrev  0x00004156      0x258 ./Middlewares/Third_Party/FreeRTOS/Source/portable/GCC/ARM_CM3/port.o
 .debug_abbrev  0x000043ae      0x21d ./Middlewares/Third_Party/FreeRTOS/Source/portable/MemMang/heap_4.o

.debug_aranges  0x00000000     0x16a8
 .debug_aranges
                0x00000000       0x30 ./Core/Src/adc.o
 .debug_aranges
                0x00000030       0x58 ./Core/Src/bmp280_spi.o
 .debug_aranges
                0x00000088       0x60 ./Core/Src/comunicacion.o
 .debug_aranges
                0x000000e8       0x20 ./Core/Src/dma.o
 .debug_aranges
                0x00000108       0x58 ./Core/Src/freertos.o
 .debug_aranges
                0x00000160       0x20 ./Core/Src/gpio.o
 .debug_aranges
                0x00000180       0x38 ./Core/Src/main.o
 .debug_aranges
                0x000001b8       0x30 ./Core/Src/spi.o
 .debug_aranges
                0x000001e8       0x20 ./Core/Src/stm32f1xx_hal_msp.o
 .debug_aranges
                0x00000208       0x30 ./Core/Src/stm32f1xx_hal_timebase_tim.o
 .debug_aranges
                0x00000238       0x80 ./Core/Src/stm32f1xx_it.o
 .debug_aranges
                0x000002b8       0x28 ./Core/Src/system_stm32f1xx.o
 .debug_aranges
                0x000002e0       0x48 ./Core/Src/tim.o
 .debug_aranges
                0x00000328       0x38 ./Core/Src/usart.o
 .debug_aranges
                0x00000360       0x28 ./Core/Startup/startup_stm32f103c8tx.o
 .debug_aranges
                0x00000388       0xe0 ./Drivers/STM32F1xx_HAL_Driver/Src/stm32f1xx_hal.o
 .debug_aranges
                0x00000468       0xf0 ./Drivers/STM32F1xx_HAL_Driver/Src/stm32f1xx_hal_adc.o
 .debug_aranges
                0x00000558      0x100 ./Drivers/STM32F1xx_HAL_Driver/Src/stm32f1xx_hal_cortex.o
 .debug_aranges
                0x00000658       0x80 ./Drivers/STM32F1xx_HAL_Driver/Src/stm32f1xx_hal_dma.o
 .debug_aranges
                0x000006d8       0x58 ./Drivers/STM32F1xx_HAL_Driver/Src/stm32f1xx_hal_gpio.o
 .debug_aranges
                0x00000730       0x90 ./Drivers/STM32F1xx_HAL_Driver/Src/stm32f1xx_hal_rcc.o
 .debug_aranges
                0x000007c0       0x30 ./Drivers/STM32F1xx_HAL_Driver/Src/stm32f1xx_hal_rcc_ex.o
 .debug_aranges
                0x000007f0      0x1d0 ./Drivers/STM32F1xx_HAL_Driver/Src/stm32f1xx_hal_spi.o
 .debug_aranges
                0x000009c0      0x3d0 ./Drivers/STM32F1xx_HAL_Driver/Src/stm32f1xx_hal_tim.o
 .debug_aranges
                0x00000d90      0x168 ./Drivers/STM32F1xx_HAL_Driver/Src/stm32f1xx_hal_tim_ex.o
 .debug_aranges
                0x00000ef8      0x208 ./Drivers/STM32F1xx_HAL_Driver/Src/stm32f1xx_hal_uart.o
 .debug_aranges
                0x00001100      0x1d8 ./Middlewares/Third_Party/FreeRTOS/Source/CMSIS_RTOS/cmsis_os.o
 .debug_aranges
                0x000012d8       0x40 ./Middlewares/Third_Party/FreeRTOS/Source/list.o
 .debug_aranges
                0x00001318      0x108 ./Middlewares/Third_Party/FreeRTOS/Source/queue.o
 .debug_aranges
                0x00001420      0x1b8 ./Middlewares/Third_Party/FreeRTOS/Source/tasks.o
 .debug_aranges
                0x000015d8       0x78 ./Middlewares/Third_Party/FreeRTOS/Source/portable/GCC/ARM_CM3/port.o
 .debug_aranges
                0x00001650       0x58 ./Middlewares/Third_Party/FreeRTOS/Source/portable/MemMang/heap_4.o

.debug_rnglists
                0x00000000     0x1190
 .debug_rnglists
                0x00000000       0x21 ./Core/Src/adc.o
 .debug_rnglists
                0x00000021       0x41 ./Core/Src/bmp280_spi.o
 .debug_rnglists
                0x00000062       0x55 ./Core/Src/comunicacion.o
 .debug_rnglists
                0x000000b7       0x13 ./Core/Src/dma.o
 .debug_rnglists
                0x000000ca       0x42 ./Core/Src/freertos.o
 .debug_rnglists
                0x0000010c       0x14 ./Core/Src/gpio.o
 .debug_rnglists
                0x00000120       0x27 ./Core/Src/main.o
 .debug_rnglists
                0x00000147       0x20 ./Core/Src/spi.o
 .debug_rnglists
                0x00000167       0x13 ./Core/Src/stm32f1xx_hal_msp.o
 .debug_rnglists
                0x0000017a       0x20 ./Core/Src/stm32f1xx_hal_timebase_tim.o
 .debug_rnglists
                0x0000019a       0x5b ./Core/Src/stm32f1xx_it.o
 .debug_rnglists
                0x000001f5       0x1a ./Core/Src/system_stm32f1xx.o
 .debug_rnglists
                0x0000020f       0x35 ./Core/Src/tim.o
 .debug_rnglists
                0x00000244       0x26 ./Core/Src/usart.o
 .debug_rnglists
                0x0000026a       0x19 ./Core/Startup/startup_stm32f103c8tx.o
 .debug_rnglists
                0x00000283       0xa3 ./Drivers/STM32F1xx_HAL_Driver/Src/stm32f1xx_hal.o
 .debug_rnglists
                0x00000326       0xbc ./Drivers/STM32F1xx_HAL_Driver/Src/stm32f1xx_hal_adc.o
 .debug_rnglists
                0x000003e2       0xbb ./Drivers/STM32F1xx_HAL_Driver/Src/stm32f1xx_hal_cortex.o
 .debug_rnglists
                0x0000049d       0x64 ./Drivers/STM32F1xx_HAL_Driver/Src/stm32f1xx_hal_dma.o
 .debug_rnglists
                0x00000501       0x3f ./Drivers/STM32F1xx_HAL_Driver/Src/stm32f1xx_hal_gpio.o
 .debug_rnglists
                0x00000540       0x6c ./Drivers/STM32F1xx_HAL_Driver/Src/stm32f1xx_hal_rcc.o
 .debug_rnglists
                0x000005ac       0x21 ./Drivers/STM32F1xx_HAL_Driver/Src/stm32f1xx_hal_rcc_ex.o
 .debug_rnglists
                0x000005cd      0x16e ./Drivers/STM32F1xx_HAL_Driver/Src/stm32f1xx_hal_spi.o
 .debug_rnglists
                0x0000073b      0x31a ./Drivers/STM32F1xx_HAL_Driver/Src/stm32f1xx_hal_tim.o
 .debug_rnglists
                0x00000a55      0x125 ./Drivers/STM32F1xx_HAL_Driver/Src/stm32f1xx_hal_tim_ex.o
 .debug_rnglists
                0x00000b7a      0x1bc ./Drivers/STM32F1xx_HAL_Driver/Src/stm32f1xx_hal_uart.o
 .debug_rnglists
                0x00000d36      0x16a ./Middlewares/Third_Party/FreeRTOS/Source/CMSIS_RTOS/cmsis_os.o
 .debug_rnglists
                0x00000ea0       0x2b ./Middlewares/Third_Party/FreeRTOS/Source/list.o
 .debug_rnglists
                0x00000ecb       0xcd ./Middlewares/Third_Party/FreeRTOS/Source/queue.o
 .debug_rnglists
                0x00000f98      0x15f ./Middlewares/Third_Party/FreeRTOS/Source/tasks.o
 .debug_rnglists
                0x000010f7       0x57 ./Middlewares/Third_Party/FreeRTOS/Source/portable/GCC/ARM_CM3/port.o
 .debug_rnglists
                0x0000114e       0x42 ./Middlewares/Third_Party/FreeRTOS/Source/portable/MemMang/heap_4.o

.debug_macro    0x00000000    0x1bfd4
 .debug_macro   0x00000000      0x1e3 ./Core/Src/adc.o
 .debug_macro   0x000001e3      0xacc ./Core/Src/adc.o
 .debug_macro   0x00000caf      0x22d ./Core/Src/adc.o
 .debug_macro   0x00000edc       0x2e ./Core/Src/adc.o
 .debug_macro   0x00000f0a       0x22 ./Core/Src/adc.o
 .debug_macro   0x00000f2c       0x22 ./Core/Src/adc.o
 .debug_macro   0x00000f4e       0x8e ./Core/Src/adc.o
 .debug_macro   0x00000fdc       0x51 ./Core/Src/adc.o
 .debug_macro   0x0000102d      0x103 ./Core/Src/adc.o
 .debug_macro   0x00001130       0x6a ./Core/Src/adc.o
 .debug_macro   0x0000119a      0x1df ./Core/Src/adc.o
 .debug_macro   0x00001379       0x1c ./Core/Src/adc.o
 .debug_macro   0x00001395       0x22 ./Core/Src/adc.o
 .debug_macro   0x000013b7       0xbd ./Core/Src/adc.o
 .debug_macro   0x00001474      0xd23 ./Core/Src/adc.o
 .debug_macro   0x00002197     0xe09e ./Core/Src/adc.o
 .debug_macro   0x00010235       0x6d ./Core/Src/adc.o
 .debug_macro   0x000102a2     0x34a2 ./Core/Src/adc.o
 .debug_macro   0x00013744      0x190 ./Core/Src/adc.o
 .debug_macro   0x000138d4       0x5c ./Core/Src/adc.o
 .debug_macro   0x00013930      0x5bc ./Core/Src/adc.o
 .debug_macro   0x00013eec      0x289 ./Core/Src/adc.o
 .debug_macro   0x00014175      0x1cb ./Core/Src/adc.o
 .debug_macro   0x00014340      0x114 ./Core/Src/adc.o
 .debug_macro   0x00014454      0x1b2 ./Core/Src/adc.o
 .debug_macro   0x00014606       0x27 ./Core/Src/adc.o
 .debug_macro   0x0001462d      0x136 ./Core/Src/adc.o
 .debug_macro   0x00014763      0x1bc ./Core/Src/adc.o
 .debug_macro   0x0001491f       0x34 ./Core/Src/adc.o
 .debug_macro   0x00014953       0x3c ./Core/Src/adc.o
 .debug_macro   0x0001498f       0x57 ./Core/Src/adc.o
 .debug_macro   0x000149e6      0x46a ./Core/Src/adc.o
 .debug_macro   0x00014e50      0x1b5 ./Core/Src/adc.o
 .debug_macro   0x00015005       0x87 ./Core/Src/adc.o
 .debug_macro   0x0001508c      0x240 ./Core/Src/adc.o
 .debug_macro   0x000152cc      0x140 ./Core/Src/adc.o
 .debug_macro   0x0001540c      0x217 ./Core/Src/adc.o
 .debug_macro   0x00015623      0x8ed ./Core/Src/adc.o
 .debug_macro   0x00015f10      0x28e ./Core/Src/adc.o
 .debug_macro   0x0001619e       0x83 ./Core/Src/adc.o
 .debug_macro   0x00016221       0x22 ./Core/Src/adc.o
 .debug_macro   0x00016243       0xe8 ./Core/Src/adc.o
 .debug_macro   0x0001632b      0x1ec ./Core/Src/bmp280_spi.o
 .debug_macro   0x00016517       0x34 ./Core/Src/bmp280_spi.o
 .debug_macro   0x0001654b       0xee ./Core/Src/bmp280_spi.o
 .debug_macro   0x00016639      0x3c5 ./Core/Src/comunicacion.o
 .debug_macro   0x000169fe       0xf1 ./Core/Src/comunicacion.o
 .debug_macro   0x00016aef      0x15a ./Core/Src/comunicacion.o
 .debug_macro   0x00016c49       0xde ./Core/Src/comunicacion.o
 .debug_macro   0x00016d27       0x1c ./Core/Src/comunicacion.o
 .debug_macro   0x00016d43       0x26 ./Core/Src/comunicacion.o
 .debug_macro   0x00016d69       0x61 ./Core/Src/comunicacion.o
 .debug_macro   0x00016dca       0x24 ./Core/Src/comunicacion.o
 .debug_macro   0x00016dee       0x43 ./Core/Src/comunicacion.o
 .debug_macro   0x00016e31       0x34 ./Core/Src/comunicacion.o
 .debug_macro   0x00016e65      0x370 ./Core/Src/comunicacion.o
 .debug_macro   0x000171d5       0x16 ./Core/Src/comunicacion.o
 .debug_macro   0x000171eb       0x4a ./Core/Src/comunicacion.o
 .debug_macro   0x00017235       0x34 ./Core/Src/comunicacion.o
 .debug_macro   0x00017269       0x10 ./Core/Src/comunicacion.o
 .debug_macro   0x00017279       0x58 ./Core/Src/comunicacion.o
 .debug_macro   0x000172d1       0x8e ./Core/Src/comunicacion.o
 .debug_macro   0x0001735f       0x1c ./Core/Src/comunicacion.o
 .debug_macro   0x0001737b      0x185 ./Core/Src/comunicacion.o
 .debug_macro   0x00017500       0x10 ./Core/Src/comunicacion.o
 .debug_macro   0x00017510       0x3c ./Core/Src/comunicacion.o
 .debug_macro   0x0001754c      0x4fe ./Core/Src/comunicacion.o
 .debug_macro   0x00017a4a       0xb5 ./Core/Src/comunicacion.o
 .debug_macro   0x00017aff       0xaa ./Core/Src/comunicacion.o
 .debug_macro   0x00017ba9       0x91 ./Core/Src/comunicacion.o
 .debug_macro   0x00017c3a       0x8d ./Core/Src/comunicacion.o
 .debug_macro   0x00017cc7       0x7e ./Core/Src/comunicacion.o
 .debug_macro   0x00017d45       0x19 ./Core/Src/comunicacion.o
 .debug_macro   0x00017d5e       0xf2 ./Core/Src/comunicacion.o
 .debug_macro   0x00017e50       0x56 ./Core/Src/comunicacion.o