Archive member included to satisfy reference by file (symbol)

C:/ST/STM32CubeIDE_1.18.1/STM32CubeIDE/plugins/com.st.stm32cube.ide.mcu.externaltools.gnu-tools-for-stm32.13.3.rel1.win32_1.0.0.202411081344/tools/bin/../lib/gcc/arm-none-eabi/13.3.1/../../../../arm-none-eabi/lib/thumb/v7-m/nofp\libc_nano.a(libc_a-exit.o)
                              C:/ST/STM32CubeIDE_1.18.1/STM32CubeIDE/plugins/com.st.stm32cube.ide.mcu.externaltools.gnu-tools-for-stm32.13.3.rel1.win32_1.0.0.202411081344/tools/bin/../lib/gcc/arm-none-eabi/13.3.1/../../../../arm-none-eabi/lib/thumb/v7-m/nofp/crt0.o (exit)
C:/ST/STM32CubeIDE_1.18.1/STM32CubeIDE/plugins/com.st.stm32cube.ide.mcu.externaltools.gnu-tools-for-stm32.13.3.rel1.win32_1.0.0.202411081344/tools/bin/../lib/gcc/arm-none-eabi/13.3.1/../../../../arm-none-eabi/lib/thumb/v7-m/nofp\libc_nano.a(libc_a-findfp.o)
                              ./Middlewares/Third_Party/FreeRTOS/Source/tasks.o (__sf)
C:/ST/STM32CubeIDE_1.18.1/STM32CubeIDE/plugins/com.st.stm32cube.ide.mcu.externaltools.gnu-tools-for-stm32.13.3.rel1.win32_1.0.0.202411081344/tools/bin/../lib/gcc/arm-none-eabi/13.3.1/../../../../arm-none-eabi/lib/thumb/v7-m/nofp\libc_nano.a(libc_a-fwalk.o)
                              C:/ST/STM32CubeIDE_1.18.1/STM32CubeIDE/plugins/com.st.stm32cube.ide.mcu.externaltools.gnu-tools-for-stm32.13.3.rel1.win32_1.0.0.202411081344/tools/bin/../lib/gcc/arm-none-eabi/13.3.1/../../../../arm-none-eabi/lib/thumb/v7-m/nofp\libc_nano.a(libc_a-findfp.o) (_fwalk_sglue)
C:/ST/STM32CubeIDE_1.18.1/STM32CubeIDE/plugins/com.st.stm32cube.ide.mcu.externaltools.gnu-tools-for-stm32.13.3.rel1.win32_1.0.0.202411081344/tools/bin/../lib/gcc/arm-none-eabi/13.3.1/../../../../arm-none-eabi/lib/thumb/v7-m/nofp\libc_nano.a(libc_a-stdio.o)
                              C:/ST/STM32CubeIDE_1.18.1/STM32CubeIDE/plugins/com.st.stm32cube.ide.mcu.externaltools.gnu-tools-for-stm32.13.3.rel1.win32_1.0.0.202411081344/tools/bin/../lib/gcc/arm-none-eabi/13.3.1/../../../../arm-none-eabi/lib/thumb/v7-m/nofp\libc_nano.a(libc_a-findfp.o) (__sread)
C:/ST/STM32CubeIDE_1.18.1/STM32CubeIDE/plugins/com.st.stm32cube.ide.mcu.externaltools.gnu-tools-for-stm32.13.3.rel1.win32_1.0.0.202411081344/tools/bin/../lib/gcc/arm-none-eabi/13.3.1/../../../../arm-none-eabi/lib/thumb/v7-m/nofp\libc_nano.a(libc_a-memset.o)
                              C:/ST/STM32CubeIDE_1.18.1/STM32CubeIDE/plugins/com.st.stm32cube.ide.mcu.externaltools.gnu-tools-for-stm32.13.3.rel1.win32_1.0.0.202411081344/tools/bin/../lib/gcc/arm-none-eabi/13.3.1/../../../../arm-none-eabi/lib/thumb/v7-m/nofp/crt0.o (memset)
C:/ST/STM32CubeIDE_1.18.1/STM32CubeIDE/plugins/com.st.stm32cube.ide.mcu.externaltools.gnu-tools-for-stm32.13.3.rel1.win32_1.0.0.202411081344/tools/bin/../lib/gcc/arm-none-eabi/13.3.1/../../../../arm-none-eabi/lib/thumb/v7-m/nofp\libc_nano.a(libc_a-closer.o)
                              C:/ST/STM32CubeIDE_1.18.1/STM32CubeIDE/plugins/com.st.stm32cube.ide.mcu.externaltools.gnu-tools-for-stm32.13.3.rel1.win32_1.0.0.202411081344/tools/bin/../lib/gcc/arm-none-eabi/13.3.1/../../../../arm-none-eabi/lib/thumb/v7-m/nofp\libc_nano.a(libc_a-stdio.o) (_close_r)
C:/ST/STM32CubeIDE_1.18.1/STM32CubeIDE/plugins/com.st.stm32cube.ide.mcu.externaltools.gnu-tools-for-stm32.13.3.rel1.win32_1.0.0.202411081344/tools/bin/../lib/gcc/arm-none-eabi/13.3.1/../../../../arm-none-eabi/lib/thumb/v7-m/nofp\libc_nano.a(libc_a-reent.o)
                              ./Middlewares/Third_Party/FreeRTOS/Source/tasks.o (_reclaim_reent)
C:/ST/STM32CubeIDE_1.18.1/STM32CubeIDE/plugins/com.st.stm32cube.ide.mcu.externaltools.gnu-tools-for-stm32.13.3.rel1.win32_1.0.0.202411081344/tools/bin/../lib/gcc/arm-none-eabi/13.3.1/../../../../arm-none-eabi/lib/thumb/v7-m/nofp\libc_nano.a(libc_a-impure.o)
                              ./Middlewares/Third_Party/FreeRTOS/Source/tasks.o (_impure_ptr)
C:/ST/STM32CubeIDE_1.18.1/STM32CubeIDE/plugins/com.st.stm32cube.ide.mcu.externaltools.gnu-tools-for-stm32.13.3.rel1.win32_1.0.0.202411081344/tools/bin/../lib/gcc/arm-none-eabi/13.3.1/../../../../arm-none-eabi/lib/thumb/v7-m/nofp\libc_nano.a(libc_a-lseekr.o)
                              C:/ST/STM32CubeIDE_1.18.1/STM32CubeIDE/plugins/com.st.stm32cube.ide.mcu.externaltools.gnu-tools-for-stm32.13.3.rel1.win32_1.0.0.202411081344/tools/bin/../lib/gcc/arm-none-eabi/13.3.1/../../../../arm-none-eabi/lib/thumb/v7-m/nofp\libc_nano.a(libc_a-stdio.o) (_lseek_r)
C:/ST/STM32CubeIDE_1.18.1/STM32CubeIDE/plugins/com.st.stm32cube.ide.mcu.externaltools.gnu-tools-for-stm32.13.3.rel1.win32_1.0.0.202411081344/tools/bin/../lib/gcc/arm-none-eabi/13.3.1/../../../../arm-none-eabi/lib/thumb/v7-m/nofp\libc_nano.a(libc_a-readr.o)
                              C:/ST/STM32CubeIDE_1.18.1/STM32CubeIDE/plugins/com.st.stm32cube.ide.mcu.externaltools.gnu-tools-for-stm32.13.3.rel1.win32_1.0.0.202411081344/tools/bin/../lib/gcc/arm-none-eabi/13.3.1/../../../../arm-none-eabi/lib/thumb/v7-m/nofp\libc_nano.a(libc_a-stdio.o) (_read_r)
[...]
Memory Configuration

Name             Origin             Length             Attributes
RAM              0x20000000         0x00005000         xrw
FLASH            0x08000000         0x00010000         xr
*default*        0x00000000         0xffffffff

Linker script and memory map

LOAD C:/ST/STM32CubeIDE_1.18.1/STM32CubeIDE/plugins/com.st.stm32cube.ide.mcu.externaltools.gnu-tools-for-stm32.13.3.rel1.win32_1.0.0.202411081344/tools/bin/../lib/gcc/arm-none-eabi/13.3.1/thumb/v7-m/nofp/crti.o
LOAD C:/ST/STM32CubeIDE_1.18.1/STM32CubeIDE/plugins/com.st.stm32cube.ide.mcu.externaltools.gnu-tools-for-stm32.13.3.rel1.win32_1.0.0.202411081344/tools/bin/../lib/gcc/arm-none-eabi/13.3.1/thumb/v7-m/nofp/crtbegin.o
LOAD C:/ST/STM32CubeIDE_1.18.1/STM32CubeIDE/plugins/com.st.stm32cube.ide.mcu.externaltools.gnu-tools-for-stm32.13.3.rel1.win32_1.0.0.202411081344/tools/bin/../lib/gcc/arm-none-eabi/13.3.1/../../../../arm-none-eabi/lib/thumb/v7-m/nofp/crt0.o
LOAD ./Core/Src/adc.o
LOAD ./Core/Src/bmp280_spi.o
LOAD ./Core/Src/comunicacion.o
LOAD ./Core/Src/dma.o
LOAD ./Core/Src/freertos.o
LOAD ./Core/Src/gpio.o
LOAD ./Core/Src/main.o
LOAD ./Core/Src/spi.o
LOAD ./Core/Src/stm32f1xx_hal_msp.o
LOAD ./Core/Src/stm32f1xx_hal_timebase_tim.o
LOAD ./Core/Src/stm32f1xx_it.o
LOAD ./Core/Src/syscalls.o
LOAD ./Core/Src/sysmem.o
LOAD ./Core/Src/system_stm32f1xx.o
LOAD ./Core/Src/tim.o
LOAD ./Core/Src/usart.o
LOAD ./Core/Startup/startup_stm32f103c8tx.o
LOAD ./Drivers/STM32F1xx_HAL_Driver/Src/stm32f1xx_hal.o
LOAD ./Drivers/STM32F1xx_HAL_Driver/Src/stm32f1xx_hal_adc.o
LOAD ./Drivers/STM32F1xx_HAL_Driver/Src/stm32f1xx_hal_adc_ex.o
LOAD ./Drivers/STM32F1xx_HAL_Driver/Src/stm32f1xx_hal_cortex.o
LOAD ./Drivers/STM32F1xx_HAL_Driver/Src/stm32f1xx_hal_dma.o
LOAD ./Drivers/STM32F1xx_HAL_Driver/Src/stm32f1xx_hal_exti.o
LOAD ./Drivers/STM32F1xx_HAL_Driver/Src/stm32f1xx_hal_flash.o
LOAD ./Drivers/STM32F1xx_HAL_Driver/Src/stm32f1xx_hal_flash_ex.o
LOAD ./Drivers/STM32F1xx_HAL_Driver/Src/stm32f1xx_hal_gpio.o
LOAD ./Drivers/STM32F1xx_HAL_Driver/Src/stm32f1xx_hal_gpio_ex.o
LOAD ./Drivers/STM32F1xx_HAL_Driver/Src/stm32f1xx_hal_pwr.o
LOAD ./Drivers/STM32F1xx_HAL_Driver/Src/stm32f1xx_hal_rcc.o
LOAD ./Drivers/STM32F1xx_HAL_Driver/Src/stm32f1xx_hal_rcc_ex.o
LOAD ./Drivers/STM32F1xx_HAL_Driver/Src/stm32f1xx_hal_spi.o
LOAD ./Drivers/STM32F1xx_HAL_Driver/Src/stm32f1xx_hal_tim.o
LOAD ./Drivers/STM32F1xx_HAL_Driver/Src/stm32f1xx_hal_tim_ex.o
LOAD ./Drivers/STM32F1xx_HAL_Driver/Src/stm32f1xx_hal_uart.o
LOAD ./Middlewares/Third_Party/FreeRTOS/Source/CMSIS_RTOS/cmsis_os.o
LOAD ./Middlewares/Third_Party/FreeRTOS/Source/croutine.o
LOAD ./Middlewares/Third_Party/FreeRTOS/Source/event_groups.o
LOAD ./Middlewares/Third_Party/FreeRTOS/Source/list.o
LOAD ./Middlewares/Third_Party/FreeRTOS/Source/queue.o
LOAD ./Middlewares/Third_Party/FreeRTOS/Source/stream_buffer.o
LOAD ./Middlewares/Third_Party/FreeRTOS/Source/tasks.o
LOAD ./Middlewares/Third_Party/FreeRTOS/Source/timers.o
LOAD ./Middlewares/Third_Party/FreeRTOS/Source/portable/GCC/ARM_CM3/port.o
LOAD ./Middlewares/Third_Party/FreeRTOS/Source/portable/MemMang/heap_4.o
START GROUP
LOAD C:/ST/STM32CubeIDE_1.18.1/STM32CubeIDE/plugins/com.st.stm32cube.ide.mcu.externaltools.gnu-tools-for-stm32.13.3.rel1.win32_1.0.0.202411081344/tools/bin/../lib/gcc/arm-none-eabi/13.3.1/../../../../arm-none-eabi/lib/thumb/v7-m/nofp\libc_nano.a
LOAD C:/ST/STM32CubeIDE_1.18.1/STM32CubeIDE/plugins/com.st.stm32cube.ide.mcu.externaltools.gnu-tools-for-stm32.13.3.rel1.win32_1.0.0.202411081344/tools/bin/../lib/gcc/arm-none-eabi/13.3.1/../../../../arm-none-eabi/lib/thumb/v7-m/nofp\libm.a
END GROUP
START GROUP
LOAD C:/ST/STM32CubeIDE_1.18.1/STM32CubeIDE/plugins/com.st.stm32cube.ide.mcu.externaltools.gnu-tools-for-stm32.13.3.rel1.win32_1.0.0.202411081344/tools/bin/../lib/gcc/arm-none-eabi/13.3.1/thumb/v7-m/nofp\libgcc.a
LOAD C:/ST/STM32CubeIDE_1.18.1/STM32CubeIDE/plugins/com.st.stm32cube.ide.mcu.externaltools.gnu-tools-for-stm32.13.3.rel1.win32_1.0.0.202411081344/tools/bin/../lib/gcc/arm-none-eabi/13.3.1/../../../../arm-none-eabi/lib/thumb/v7-m/nofp\libc_nano.a
END GROUP
START GROUP
LOAD C:/ST/STM32CubeIDE_1.18.1/STM32CubeIDE/plugins/com.st.stm32cube.ide.mcu.externaltools.gnu-tools-for-stm32.13.3.rel1.win32_1.0.0.202411081344/tools/bin/../lib/gcc/arm-none-eabi/13.3.1/thumb/v7-m/nofp\libgcc.a
LOAD C:/ST/STM32CubeIDE_1.18.1/STM32CubeIDE/plugins/com.st.stm32cube.ide.mcu.externaltools.gnu-tools-for-stm32.13.3.rel1.win32_1.0.0.202411081344/tools/bin/../lib/gcc/arm-none-eabi/13.3.1/../../../../arm-none-eabi/lib/thumb/v7-m/nofp\libc_nano.a
LOAD C:/ST/STM32CubeIDE_1.18.1/STM32CubeIDE/plugins/com.st.stm32cube.ide.mcu.externaltools.gnu-tools-for-stm32.13.3.rel1.win32_1.0.0.202411081344/tools/bin/../lib/gcc/arm-none-eabi/13.3.1/../../../../arm-none-eabi/lib/thumb/v7-m/nofp\libnosys.a
END GROUP
START GROUP
LOAD C:/ST/STM32CubeIDE_1.18.1/STM32CubeIDE/plugins/com.st.stm32cube.ide.mcu.externaltools.gnu-tools-for-stm32.13.3.rel1.win32_1.0.0.202411081344/tools/bin/../lib/gcc/arm-none-eabi/13.3.1/thumb/v7-m/nofp\libgcc.a
LOAD C:/ST/STM32CubeIDE_1.18.1/STM32CubeIDE/plugins/com.st.stm32cube.ide.mcu.externaltools.gnu-tools-for-stm32.13.3.rel1.win32_1.0.0.202411081344/tools/bin/../lib/gcc/arm-none-eabi/13.3.1/../../../../arm-none-eabi/lib/thumb/v7-m/nofp\libc_nano.a
LOAD C:/ST/STM32CubeIDE_1.18.1/STM32CubeIDE/plugins/com.st.stm32cube.ide.mcu.externaltools.gnu-tools-for-stm32.13.3.rel1.win32_1.0.0.202411081344/tools/bin/../lib/gcc/arm-none-eabi/13.3.1/../../../../arm-none-eabi/lib/thumb/v7-m/nofp\libnosys.a
END GROUP
LOAD C:/ST/STM32CubeIDE_1.18.1/STM32CubeIDE/plugins/com.st.stm32cube.ide.mcu.externaltools.gnu-tools-for-stm32.13.3.rel1.win32_1.0.0.202411081344/tools/bin/../lib/gcc/arm-none-eabi/13.3.1/thumb/v7-m/nofp/crtend.o
LOAD C:/ST/STM32CubeIDE_1.18.1/STM32CubeIDE/plugins/com.st.stm32cube.ide.mcu.externaltools.gnu-tools-for-stm32.13.3.rel1.win32_1.0.0.202411081344/tools/bin/../lib/gcc/arm-none-eabi/13.3.1/thumb/v7-m/nofp/crtn.o
                0x20005000                        _estack = (ORIGIN (RAM) + LENGTH (RAM))
                0x00000200                        _Min_Heap_Size = 0x200
                0x00000400                        _Min_Stack_Size = 0x400

.isr_vector     0x08000000      0x10c
                0x08000000                        . = ALIGN (0x4)
 *(.isr_vector)
 .isr_vector    0x08000000      0x10c ./Core/Startup/startup_stm32f103c8tx.o
                0x08000000                g_pfnVectors
                0x0800010c                        . = ALIGN (0x4)

.text           0x08000110     0x8ebc
                0x08000110                        . = ALIGN (0x4)
 *(.text)
 .text          0x08000110       0x40 C:/ST/STM32CubeIDE_1.18.1/STM32CubeIDE/plugins/com.st.stm32cube.ide.mcu.externaltools.gnu-tools-for-stm32.13.3.rel1.win32_1.0.0.202411081344/tools/bin/../lib/gcc/arm-none-eabi/13.3.1/thumb/v7-m/nofp/crtbegin.o
 .text          0x08000150      0x21c C:/ST/STM32CubeIDE_1.18.1/STM32CubeIDE/plugins/com.st.stm32cube.ide.mcu.externaltools.gnu-tools-for-stm32.13.3.rel1.win32_1.0.0.202411081344/tools/bin/../lib/gcc/arm-none-eabi/13.3.1/thumb/v7-m/nofp\libgcc.a(_arm_addsubsf3.o)
                0x08000150                __aeabi_frsub
                0x08000158                __subsf3
                0x08000158                __aeabi_fsub
                0x0800015c                __aeabi_fadd
                0x0800015c                __addsf3
                0x080002bc                __aeabi_ui2f
                0x080002bc                __floatunsisf
                0x080002c4                __aeabi_i2f
                0x080002c4                __floatsisf
                0x080002e0                __aeabi_ul2f
                0x080002e0                __floatundisf
                0x080002f0                __aeabi_l2f
                0x080002f0                __floatdisf
 .text          0x0800036c      0x2a0 C:/ST/STM32CubeIDE_1.18.1/STM32CubeIDE/plugins/com.st.stm32cube.ide.mcu.externaltools.gnu-tools-for-stm32.13.3.rel1.win32_1.0.0.202411081344/tools/bin/../lib/gcc/arm-none-eabi/13.3.1/thumb/v7-m/nofp\libgcc.a(_arm_muldivsf3.o)
                0x0800036c                __mulsf3
                0x0800036c                __aeabi_fmul
                0x080004d4                __aeabi_fdiv
                0x080004d4                __divsf3
 .text          0x0800060c       0x40 C:/ST/STM32CubeIDE_1.18.1/STM32CubeIDE/plugins/com.st.stm32cube.ide.mcu.externaltools.gnu-tools-for-stm32.13.3.rel1.win32_1.0.0.202411081344/tools/bin/../lib/gcc/arm-none-eabi/13.3.1/thumb/v7-m/nofp\libgcc.a(_arm_fixunssfsi.o)
                0x0800060c                __fixunssfsi
                0x0800060c                __aeabi_f2uiz
 .text          0x0800064c       0xa0 C:/ST/STM32CubeIDE_1.18.1/STM32CubeIDE/plugins/com.st.stm32cube.ide.mcu.externaltools.gnu-tools-for-stm32.13.3.rel1.win32_1.0.0.202411081344/tools/bin/../lib/gcc/arm-none-eabi/13.3.1/thumb/v7-m/nofp\libgcc.a(_aeabi_ldivmod.o)
                0x0800064c                __aeabi_ldivmod
 .text          0x080006ec      0x300 C:/ST/STM32CubeIDE_1.18.1/STM32CubeIDE/plugins/com.st.stm32cube.ide.mcu.externaltools.gnu-tools-for-stm32.13.3.rel1.win32_1.0.0.202411081344/tools/bin/../lib/gcc/arm-none-eabi/13.3.1/thumb/v7-m/nofp\libgcc.a(_udivmoddi4.o)
                0x080006ec                __udivmoddi4
 .text          0x080009ec        0x4 C:/ST/STM32CubeIDE_1.18.1/STM32CubeIDE/plugins/com.st.stm32cube.ide.mcu.externaltools.gnu-tools-for-stm32.13.3.rel1.win32_1.0.0.202411081344/tools/bin/../lib/gcc/arm-none-eabi/13.3.1/thumb/v7-m/nofp\libgcc.a(_dvmd_tls.o)
                0x080009ec                __aeabi_idiv0
                0x080009ec                __aeabi_ldiv0
 *(.text*)
 .text.MX_ADC1_Init
                0x080009f0       0xb8 ./Core/Src/adc.o
                0x080009f0                MX_ADC1_Init
 .text.HAL_ADC_MspInit
                0x08000aa8       0xd0 ./Core/Src/adc.o
                0x08000aa8                HAL_ADC_MspInit
 .text.CS_Select
                0x08000b78       0x20 ./Core/Src/bmp280_spi.o
 .text.CS_Unselect
                0x08000b98       0x20 ./Core/Src/bmp280_spi.o
 .text.BMP280_Write8
                0x08000bb8       0x44 ./Core/Src/bmp280_spi.o
 .text.BMP280_ReadBytes
                0x08000bfc       0x50 ./Core/Src/bmp280_spi.o
 .text.BMP280_ReadCalibration
                0x08000c4c      0x114 ./Core/Src/bmp280_spi.o
 .text.BMP280_SPI_Init
                0x08000d60       0x8c ./Core/Src/bmp280_spi.o
                0x08000d60                BMP280_SPI_Init
 .text.BMP280_ReadTemperature
                0x08000dec       0xa8 ./Core/Src/bmp280_spi.o
                0x08000dec                BMP280_ReadTemperature
 .text.BMP280_ReadPressure
                0x08000e94      0x59c ./Core/Src/bmp280_spi.o
                0x08000e94                BMP280_ReadPressure
 .text.HAL_UART_RxCpltCallback
                0x08001430       0x5c ./Core/Src/comunicacion.o
                0x08001430                HAL_UART_RxCpltCallback
 .text.calcular_crc
                0x0800148c       0x72 ./Core/Src/comunicacion.o
                0x0800148c                calcular_crc
 *fill*         0x080014fe        0x2 
 .text.MX_DMA_Init
                0x08001500       0x3c ./Core/Src/dma.o
                0x08001500                MX_DMA_Init
 .text.vApplicationGetIdleTaskMemory
                0x0800153c       0x30 ./Core/Src/freertos.o
                0x0800153c                vApplicationGetIdleTaskMemory
 .text.MX_FREERTOS_Init
                0x0800156c      0x124 ./Core/Src/freertos.o
                0x0800156c                MX_FREERTOS_Init
 .text.StartDefaultTask
                0x08001690       0x10 ./Core/Src/freertos.o
                0x08001690                StartDefaultTask
 .text.StartUart_TTL_Task
                0x080016a0      0x174 ./Core/Src/freertos.o
                0x080016a0                StartUart_TTL_Task
 .text.StartReadInputsTask
                0x08001814       0xb0 ./Core/Src/freertos.o
                0x08001814                StartReadInputsTask
 .text.StartLeerADC
                0x080018c4       0x84 ./Core/Src/freertos.o
                0x080018c4                StartLeerADC
 .text.StartLeerBMP280
                0x08001948       0x7c ./Core/Src/freertos.o
                0x08001948                StartLeerBMP280
 .text.MX_GPIO_Init
                0x080019c4      0x120 ./Core/Src/gpio.o
                0x080019c4                MX_GPIO_Init
 .text.main     0x08001ae4       0x6c ./Core/Src/main.o
                0x08001ae4                main
 .text.SystemClock_Config
                0x08001b50       0xb6 ./Core/Src/main.o
                0x08001b50                SystemClock_Config
 *fill*         0x08001c06        0x2 
 .text.HAL_TIM_PeriodElapsedCallback
                0x08001c08       0x24 ./Core/Src/main.o
                0x08001c08                HAL_TIM_PeriodElapsedCallback
 .text.Error_Handler
                0x08001c2c        0xc ./Core/Src/main.o
                0x08001c2c                Error_Handler
 .text.MX_SPI2_Init
                0x08001c38       0x6c ./Core/Src/spi.o
                0x08001c38                MX_SPI2_Init
 .text.HAL_SPI_MspInit
                0x08001ca4       0x98 ./Core/Src/spi.o
                0x08001ca4                HAL_SPI_MspInit
 .text.HAL_MspInit
                0x08001d3c       0x70 ./Core/Src/stm32f1xx_hal_msp.o
                0x08001d3c                HAL_MspInit
 .text.HAL_InitTick
                0x08001dac       0xfc ./Core/Src/stm32f1xx_hal_timebase_tim.o
                0x08001dac                HAL_InitTick
 .text.NMI_Handler
                0x08001ea8        0x8 ./Core/Src/stm32f1xx_it.o
                0x08001ea8                NMI_Handler
 .text.HardFault_Handler
                0x08001eb0        0x8 ./Core/Src/stm32f1xx_it.o
                0x08001eb0                HardFault_Handler
 .text.MemManage_Handler
                0x08001eb8        0x8 ./Core/Src/stm32f1xx_it.o
                0x08001eb8                MemManage_Handler
 .text.BusFault_Handler
                0x08001ec0        0x8 ./Core/Src/stm32f1xx_it.o
                0x08001ec0                BusFault_Handler
 .text.UsageFault_Handler
                0x08001ec8        0x8 ./Core/Src/stm32f1xx_it.o
                0x08001ec8                UsageFault_Handler
 .text.DebugMon_Handler
                0x08001ed0        0xc ./Core/Src/stm32f1xx_it.o
                0x08001ed0                DebugMon_Handler
 .text.DMA1_Channel1_IRQHandler
                0x08001edc       0x14 ./Core/Src/stm32f1xx_it.o
                0x08001edc                DMA1_Channel1_IRQHandler
 .text.TIM4_IRQHandler
                0x08001ef0       0x14 ./Core/Src/stm32f1xx_it.o
                0x08001ef0                TIM4_IRQHandler
 .text.USART1_IRQHandler
                0x08001f04       0x14 ./Core/Src/stm32f1xx_it.o
                0x08001f04                USART1_IRQHandler
 .text.SystemInit
                0x08001f18        0xc ./Core/Src/system_stm32f1xx.o
                0x08001f18                SystemInit
 .text.MX_TIM2_Init
                0x08001f24       0x98 ./Core/Src/tim.o
                0x08001f24                MX_TIM2_Init
 .text.MX_TIM3_Init
                0x08001fbc      0x104 ./Core/Src/tim.o
                0x08001fbc                MX_TIM3_Init
 .text.HAL_TIM_Base_MspInit
                0x080020c0       0x60 ./Core/Src/tim.o
                0x080020c0                HAL_TIM_Base_MspInit
 .text.HAL_TIM_MspPostInit
                0x08002120       0x64 ./Core/Src/tim.o
                0x08002120                HAL_TIM_MspPostInit
 .text.MX_USART1_UART_Init
                0x08002184       0x54 ./Core/Src/usart.o
                0x08002184                MX_USART1_UART_Init
 .text.HAL_UART_MspInit
                0x080021d8       0xa8 ./Core/Src/usart.o
                0x080021d8                HAL_UART_MspInit
 .text.Reset_Handler
                0x08002280       0x48 ./Core/Startup/startup_stm32f103c8tx.o
                0x08002280                Reset_Handler
 .text.Default_Handler
                0x080022c8        0x2 ./Core/Startup/startup_stm32f103c8tx.o
                0x080022c8                RTC_Alarm_IRQHandler
                0x080022c8                EXTI2_IRQHandler
                0x080022c8                TIM1_CC_IRQHandler
                0x080022c8                PVD_IRQHandler
                0x080022c8                EXTI3_IRQHandler
                0x080022c8                EXTI0_IRQHandler
                0x080022c8                I2C2_EV_IRQHandler
                0x080022c8                ADC1_2_IRQHandler
                0x080022c8                SPI1_IRQHandler
                0x080022c8                TAMPER_IRQHandler
                0x080022c8                DMA1_Channel4_IRQHandler
                0x080022c8                USART3_IRQHandler
                0x080022c8                RTC_IRQHandler
                0x080022c8                DMA1_Channel7_IRQHandler
                0x080022c8                CAN1_RX1_IRQHandler
                0x080022c8                I2C1_EV_IRQHandler
                0x080022c8                DMA1_Channel6_IRQHandler
                0x080022c8                TIM3_IRQHandler
                0x080022c8                RCC_IRQHandler
                0x080022c8                TIM1_TRG_COM_IRQHandler
                0x080022c8                Default_Handler
                0x080022c8                EXTI15_10_IRQHandler
                0x080022c8                EXTI9_5_IRQHandler
                0x080022c8                SPI2_IRQHandler
                0x080022c8                DMA1_Channel5_IRQHandler
                0x080022c8                EXTI4_IRQHandler
                0x080022c8                USB_LP_CAN1_RX0_IRQHandler
                0x080022c8                USB_HP_CAN1_TX_IRQHandler
                0x080022c8                DMA1_Channel3_IRQHandler
                0x080022c8                TIM1_UP_IRQHandler
                0x080022c8                WWDG_IRQHandler
                0x080022c8                TIM2_IRQHandler
                0x080022c8                TIM1_BRK_IRQHandler
                0x080022c8                EXTI1_IRQHandler
                0x080022c8                USART2_IRQHandler
                0x080022c8                I2C2_ER_IRQHandler
                0x080022c8                DMA1_Channel2_IRQHandler
                0x080022c8                CAN1_SCE_IRQHandler
                0x080022c8                FLASH_IRQHandler
                0x080022c8                I2C1_ER_IRQHandler
                0x080022c8                USBWakeUp_IRQHandler
 *fill*         0x080022ca        0x2 
 .text.HAL_Init
                0x080022cc       0x2c ./Drivers/STM32F1xx_HAL_Driver/Src/stm32f1xx_hal.o
                0x080022cc                HAL_Init
 .text.HAL_IncTick
                0x080022f8       0x24 ./Drivers/STM32F1xx_HAL_Driver/Src/stm32f1xx_hal.o
                0x080022f8                HAL_IncTick
 .text.HAL_GetTick
                0x0800231c       0x14 ./Drivers/STM32F1xx_HAL_Driver/Src/stm32f1xx_hal.o
                0x0800231c                HAL_GetTick
 .text.HAL_Delay
                0x08002330       0x48 ./Drivers/STM32F1xx_HAL_Driver/Src/stm32f1xx_hal.o
                0x08002330                HAL_Delay
 .text.HAL_ADC_Init
                0x08002378      0x1b0 ./Drivers/STM32F1xx_HAL_Driver/Src/stm32f1xx_hal_adc.o
                0x08002378                HAL_ADC_Init
 .text.HAL_ADC_Start_DMA
                0x08002528      0x1bc ./Drivers/STM32F1xx_HAL_Driver/Src/stm32f1xx_hal_adc.o
                0x08002528                HAL_ADC_Start_DMA
 .text.HAL_ADC_ConvCpltCallback
                0x080026e4       0x12 ./Drivers/STM32F1xx_HAL_Driver/Src/stm32f1xx_hal_adc.o
                0x080026e4                HAL_ADC_ConvCpltCallback
 .text.HAL_ADC_ConvHalfCpltCallback
                0x080026f6       0x12 ./Drivers/STM32F1xx_HAL_Driver/Src/stm32f1xx_hal_adc.o
                0x080026f6                HAL_ADC_ConvHalfCpltCallback
 .text.HAL_ADC_ErrorCallback
                0x08002708       0x12 ./Drivers/STM32F1xx_HAL_Driver/Src/stm32f1xx_hal_adc.o
                0x08002708                HAL_ADC_ErrorCallback
 *fill*         0x0800271a        0x2 
 .text.HAL_ADC_ConfigChannel
                0x0800271c      0x1f0 ./Drivers/STM32F1xx_HAL_Driver/Src/stm32f1xx_hal_adc.o
                0x0800271c                HAL_ADC_ConfigChannel
 .text.ADC_Enable
                0x0800290c       0xb4 ./Drivers/STM32F1xx_HAL_Driver/Src/stm32f1xx_hal_adc.o
                0x0800290c                ADC_Enable
 .text.ADC_ConversionStop_Disable
                0x080029c0       0x82 ./Drivers/STM32F1xx_HAL_Driver/Src/stm32f1xx_hal_adc.o
                0x080029c0                ADC_ConversionStop_Disable
 .text.ADC_DMAConvCplt
                0x08002a42       0x7c ./Drivers/STM32F1xx_HAL_Driver/Src/stm32f1xx_hal_adc.o
                0x08002a42                ADC_DMAConvCplt
 .text.ADC_DMAHalfConvCplt
                0x08002abe       0x1c ./Drivers/STM32F1xx_HAL_Driver/Src/stm32f1xx_hal_adc.o
                0x08002abe                ADC_DMAHalfConvCplt
 .text.ADC_DMAError
                0x08002ada       0x34 ./Drivers/STM32F1xx_HAL_Driver/Src/stm32f1xx_hal_adc.o
                0x08002ada                ADC_DMAError
 *fill*         0x08002b0e        0x2 
 .text.__NVIC_SetPriorityGrouping
                0x08002b10       0x48 ./Drivers/STM32F1xx_HAL_Driver/Src/stm32f1xx_hal_cortex.o
 .text.__NVIC_GetPriorityGrouping
                0x08002b58       0x1c ./Drivers/STM32F1xx_HAL_Driver/Src/stm32f1xx_hal_cortex.o
 .text.__NVIC_EnableIRQ
                0x08002b74       0x38 ./Drivers/STM32F1xx_HAL_Driver/Src/stm32f1xx_hal_cortex.o
 .text.__NVIC_SetPriority
                0x08002bac       0x54 ./Drivers/STM32F1xx_HAL_Driver/Src/stm32f1xx_hal_cortex.o
 .text.NVIC_EncodePriority
                0x08002c00       0x64 ./Drivers/STM32F1xx_HAL_Driver/Src/stm32f1xx_hal_cortex.o
 .text.HAL_NVIC_SetPriorityGrouping
                0x08002c64       0x16 ./Drivers/STM32F1xx_HAL_Driver/Src/stm32f1xx_hal_cortex.o
                0x08002c64                HAL_NVIC_SetPriorityGrouping
 .text.HAL_NVIC_SetPriority
                0x08002c7a       0x38 ./Drivers/STM32F1xx_HAL_Driver/Src/stm32f1xx_hal_cortex.o
                0x08002c7a                HAL_NVIC_SetPriority
 .text.HAL_NVIC_EnableIRQ
                0x08002cb2       0x1c ./Drivers/STM32F1xx_HAL_Driver/Src/stm32f1xx_hal_cortex.o
                0x08002cb2                HAL_NVIC_EnableIRQ
 *fill*         0x08002cce        0x2 
 .text.HAL_DMA_Init
                0x08002cd0       0xb4 ./Drivers/STM32F1xx_HAL_Driver/Src/stm32f1xx_hal_dma.o
                0x08002cd0                HAL_DMA_Init
 .text.HAL_DMA_Start_IT
                0x08002d84       0xc0 ./Drivers/STM32F1xx_HAL_Driver/Src/stm32f1xx_hal_dma.o
                0x08002d84                HAL_DMA_Start_IT
 .text.HAL_DMA_Abort
                0x08002e44       0x76 ./Drivers/STM32F1xx_HAL_Driver/Src/stm32f1xx_hal_dma.o
                0x08002e44                HAL_DMA_Abort
 *fill*         0x08002eba        0x2 
 .text.HAL_DMA_Abort_IT
                0x08002ebc       0xf0 ./Drivers/STM32F1xx_HAL_Driver/Src/stm32f1xx_hal_dma.o
                0x08002ebc                HAL_DMA_Abort_IT
 .text.HAL_DMA_IRQHandler
                0x08002fac      0x20c ./Drivers/STM32F1xx_HAL_Driver/Src/stm32f1xx_hal_dma.o
                0x08002fac                HAL_DMA_IRQHandler
 .text.DMA_SetConfig
                0x080031b8       0x5a ./Drivers/STM32F1xx_HAL_Driver/Src/stm32f1xx_hal_dma.o
 *fill*         0x08003212        0x2 
 .text.HAL_GPIO_Init
                0x08003214      0x308 ./Drivers/STM32F1xx_HAL_Driver/Src/stm32f1xx_hal_gpio.o
                0x08003214                HAL_GPIO_Init
 .text.HAL_GPIO_ReadPin
                0x0800351c       0x2e ./Drivers/STM32F1xx_HAL_Driver/Src/stm32f1xx_hal_gpio.o
                0x0800351c                HAL_GPIO_ReadPin
 .text.HAL_GPIO_WritePin
                0x0800354a       0x30 ./Drivers/STM32F1xx_HAL_Driver/Src/stm32f1xx_hal_gpio.o
                0x0800354a                HAL_GPIO_WritePin
 .text.HAL_GPIO_TogglePin
                0x0800357a       0x32 ./Drivers/STM32F1xx_HAL_Driver/Src/stm32f1xx_hal_gpio.o
                0x0800357a                HAL_GPIO_TogglePin
 .text.HAL_RCC_OscConfig
                0x080035ac      0x504 ./Drivers/STM32F1xx_HAL_Driver/Src/stm32f1xx_hal_rcc.o
                0x080035ac                HAL_RCC_OscConfig
 .text.HAL_RCC_ClockConfig
                0x08003ab0      0x1d4 ./Drivers/STM32F1xx_HAL_Driver/Src/stm32f1xx_hal_rcc.o
                0x08003ab0                HAL_RCC_ClockConfig
 .text.HAL_RCC_GetSysClockFreq
                0x08003c84       0xa8 ./Drivers/STM32F1xx_HAL_Driver/Src/stm32f1xx_hal_rcc.o
                0x08003c84                HAL_RCC_GetSysClockFreq
 .text.HAL_RCC_GetHCLKFreq
                0x08003d2c       0x14 ./Drivers/STM32F1xx_HAL_Driver/Src/stm32f1xx_hal_rcc.o
                0x08003d2c                HAL_RCC_GetHCLKFreq
 .text.HAL_RCC_GetPCLK1Freq
                0x08003d40       0x28 ./Drivers/STM32F1xx_HAL_Driver/Src/stm32f1xx_hal_rcc.o
                0x08003d40                HAL_RCC_GetPCLK1Freq
 .text.HAL_RCC_GetPCLK2Freq
                0x08003d68       0x28 ./Drivers/STM32F1xx_HAL_Driver/Src/stm32f1xx_hal_rcc.o
                0x08003d68                HAL_RCC_GetPCLK2Freq
 .text.HAL_RCC_GetClockConfig
                0x08003d90       0x60 ./Drivers/STM32F1xx_HAL_Driver/Src/stm32f1xx_hal_rcc.o
                0x08003d90                HAL_RCC_GetClockConfig
 .text.RCC_Delay
                0x08003df0       0x3c ./Drivers/STM32F1xx_HAL_Driver/Src/stm32f1xx_hal_rcc.o
 .text.HAL_RCCEx_PeriphCLKConfig
                0x08003e2c      0x16c ./Drivers/STM32F1xx_HAL_Driver/Src/stm32f1xx_hal_rcc_ex.o
                0x08003e2c                HAL_RCCEx_PeriphCLKConfig
 .text.HAL_SPI_Init
                0x08003f98      0x108 ./Drivers/STM32F1xx_HAL_Driver/Src/stm32f1xx_hal_spi.o
                0x08003f98                HAL_SPI_Init
 .text.HAL_SPI_Transmit
                0x080040a0      0x288 ./Drivers/STM32F1xx_HAL_Driver/Src/stm32f1xx_hal_spi.o
                0x080040a0                HAL_SPI_Transmit
 .text.HAL_SPI_Receive
                0x08004328      0x232 ./Drivers/STM32F1xx_HAL_Driver/Src/stm32f1xx_hal_spi.o
                0x08004328                HAL_SPI_Receive
 .text.HAL_SPI_TransmitReceive
                0x0800455a      0x352 ./Drivers/STM32F1xx_HAL_Driver/Src/stm32f1xx_hal_spi.o
                0x0800455a                HAL_SPI_TransmitReceive
 .text.SPI_WaitFlagStateUntilTimeout
                0x080048ac      0x110 ./Drivers/STM32F1xx_HAL_Driver/Src/stm32f1xx_hal_spi.o
 .text.SPI_EndRxTransaction
                0x080049bc       0xa4 ./Drivers/STM32F1xx_HAL_Driver/Src/stm32f1xx_hal_spi.o
 .text.SPI_EndRxTxTransaction
                0x08004a60       0x62 ./Drivers/STM32F1xx_HAL_Driver/Src/stm32f1xx_hal_spi.o
 .text.HAL_TIM_Base_Init
                0x08004ac2       0x9e ./Drivers/STM32F1xx_HAL_Driver/Src/stm32f1xx_hal_tim.o
                0x08004ac2                HAL_TIM_Base_Init
 .text.HAL_TIM_Base_Start_IT
                0x08004b60       0xa4 ./Drivers/STM32F1xx_HAL_Driver/Src/stm32f1xx_hal_tim.o
                0x08004b60                HAL_TIM_Base_Start_IT
 .text.HAL_TIM_PWM_Init
                0x08004c04       0x9e ./Drivers/STM32F1xx_HAL_Driver/Src/stm32f1xx_hal_tim.o
                0x08004c04                HAL_TIM_PWM_Init
 .text.HAL_TIM_PWM_MspInit
                0x08004ca2       0x12 ./Drivers/STM32F1xx_HAL_Driver/Src/stm32f1xx_hal_tim.o
                0x08004ca2                HAL_TIM_PWM_MspInit
 .text.HAL_TIM_PWM_Start
                0x08004cb4      0x144 ./Drivers/STM32F1xx_HAL_Driver/Src/stm32f1xx_hal_tim.o
                0x08004cb4                HAL_TIM_PWM_Start
 .text.HAL_TIM_IRQHandler
                0x08004df8      0x1e0 ./Drivers/STM32F1xx_HAL_Driver/Src/stm32f1xx_hal_tim.o
                0x08004df8                HAL_TIM_IRQHandler
 .text.HAL_TIM_PWM_ConfigChannel
                0x08004fd8      0x184 ./Drivers/STM32F1xx_HAL_Driver/Src/stm32f1xx_hal_tim.o
                0x08004fd8                HAL_TIM_PWM_ConfigChannel
 .text.HAL_TIM_ConfigClockSource
                0x0800515c      0x18e ./Drivers/STM32F1xx_HAL_Driver/Src/stm32f1xx_hal_tim.o
                0x0800515c                HAL_TIM_ConfigClockSource
 .text.HAL_TIM_OC_DelayElapsedCallback
                0x080052ea       0x12 ./Drivers/STM32F1xx_HAL_Driver/Src/stm32f1xx_hal_tim.o
                0x080052ea                HAL_TIM_OC_DelayElapsedCallback
 .text.HAL_TIM_IC_CaptureCallback
                0x080052fc       0x12 ./Drivers/STM32F1xx_HAL_Driver/Src/stm32f1xx_hal_tim.o
                0x080052fc                HAL_TIM_IC_CaptureCallback
 .text.HAL_TIM_PWM_PulseFinishedCallback
                0x0800530e       0x12 ./Drivers/STM32F1xx_HAL_Driver/Src/stm32f1xx_hal_tim.o
                0x0800530e                HAL_TIM_PWM_PulseFinishedCallback
 .text.HAL_TIM_TriggerCallback
                0x08005320       0x12 ./Drivers/STM32F1xx_HAL_Driver/Src/stm32f1xx_hal_tim.o
                0x08005320                HAL_TIM_TriggerCallback
 *fill*         0x08005332        0x2 
 .text.TIM_Base_SetConfig
                0x08005334       0xdc ./Drivers/STM32F1xx_HAL_Driver/Src/stm32f1xx_hal_tim.o
                0x08005334                TIM_Base_SetConfig
 .text.TIM_OC1_SetConfig
                0x08005410       0xcc ./Drivers/STM32F1xx_HAL_Driver/Src/stm32f1xx_hal_tim.o
 .text.TIM_OC2_SetConfig
                0x080054dc       0xd4 ./Drivers/STM32F1xx_HAL_Driver/Src/stm32f1xx_hal_tim.o
                0x080054dc                TIM_OC2_SetConfig
 .text.TIM_OC3_SetConfig
                0x080055b0       0xd4 ./Drivers/STM32F1xx_HAL_Driver/Src/stm32f1xx_hal_tim.o
 .text.TIM_OC4_SetConfig
                0x08005684       0x9c ./Drivers/STM32F1xx_HAL_Driver/Src/stm32f1xx_hal_tim.o
 .text.TIM_TI1_ConfigInputStage
                0x08005720       0x5c ./Drivers/STM32F1xx_HAL_Driver/Src/stm32f1xx_hal_tim.o
 .text.TIM_TI2_ConfigInputStage
                0x0800577c       0x5e ./Drivers/STM32F1xx_HAL_Driver/Src/stm32f1xx_hal_tim.o
 .text.TIM_ITRx_SetConfig
                0x080057da       0x34 ./Drivers/STM32F1xx_HAL_Driver/Src/stm32f1xx_hal_tim.o
 .text.TIM_ETR_SetConfig
                0x0800580e       0x3e ./Drivers/STM32F1xx_HAL_Driver/Src/stm32f1xx_hal_tim.o
                0x0800580e                TIM_ETR_SetConfig
 .text.TIM_CCxChannelCmd
                0x0800584c       0x48 ./Drivers/STM32F1xx_HAL_Driver/Src/stm32f1xx_hal_tim.o
                0x0800584c                TIM_CCxChannelCmd
 .text.HAL_TIMEx_MasterConfigSynchronization
                0x08005894       0xbc ./Drivers/STM32F1xx_HAL_Driver/Src/stm32f1xx_hal_tim_ex.o
                0x08005894                HAL_TIMEx_MasterConfigSynchronization
 .text.HAL_TIMEx_CommutCallback
                0x08005950       0x12 ./Drivers/STM32F1xx_HAL_Driver/Src/stm32f1xx_hal_tim_ex.o
                0x08005950                HAL_TIMEx_CommutCallback
 .text.HAL_TIMEx_BreakCallback
                0x08005962       0x12 ./Drivers/STM32F1xx_HAL_Driver/Src/stm32f1xx_hal_tim_ex.o
                0x08005962                HAL_TIMEx_BreakCallback
 .text.HAL_UART_Init
                0x08005974       0xa0 ./Drivers/STM32F1xx_HAL_Driver/Src/stm32f1xx_hal_uart.o
                0x08005974                HAL_UART_Init
 .text.HAL_UART_Transmit
                0x08005a14      0x116 ./Drivers/STM32F1xx_HAL_Driver/Src/stm32f1xx_hal_uart.o
                0x08005a14                HAL_UART_Transmit
 .text.HAL_UART_Receive_IT
                0x08005b2a       0x4a ./Drivers/STM32F1xx_HAL_Driver/Src/stm32f1xx_hal_uart.o
                0x08005b2a                HAL_UART_Receive_IT
 .text.HAL_UART_IRQHandler
                0x08005b74      0x524 ./Drivers/STM32F1xx_HAL_Driver/Src/stm32f1xx_hal_uart.o
                0x08005b74                HAL_UART_IRQHandler
 .text.HAL_UART_TxCpltCallback
                0x08006098       0x12 ./Drivers/STM32F1xx_HAL_Driver/Src/stm32f1xx_hal_uart.o
                0x08006098                HAL_UART_TxCpltCallback
 .text.HAL_UART_ErrorCallback
                0x080060aa       0x12 ./Drivers/STM32F1xx_HAL_Driver/Src/stm32f1xx_hal_uart.o
                0x080060aa                HAL_UART_ErrorCallback
 .text.HAL_UARTEx_RxEventCallback
                0x080060bc       0x16 ./Drivers/STM32F1xx_HAL_Driver/Src/stm32f1xx_hal_uart.o
                0x080060bc                HAL_UARTEx_RxEventCallback
 .text.UART_WaitOnFlagUntilTimeout
                0x080060d2       0xb2 ./Drivers/STM32F1xx_HAL_Driver/Src/stm32f1xx_hal_uart.o
 .text.UART_Start_Receive_IT
                0x08006184       0x72 ./Drivers/STM32F1xx_HAL_Driver/Src/stm32f1xx_hal_uart.o
                0x08006184                UART_Start_Receive_IT
 .text.UART_EndRxTransfer
                0x080061f6       0xc4 ./Drivers/STM32F1xx_HAL_Driver/Src/stm32f1xx_hal_uart.o
 .text.UART_DMAAbortOnError
                0x080062ba       0x28 ./Drivers/STM32F1xx_HAL_Driver/Src/stm32f1xx_hal_uart.o
 .text.UART_Transmit_IT
                0x080062e2       0x9e ./Drivers/STM32F1xx_HAL_Driver/Src/stm32f1xx_hal_uart.o
 .text.UART_EndTransmit_IT
                0x08006380       0x30 ./Drivers/STM32F1xx_HAL_Driver/Src/stm32f1xx_hal_uart.o
 .text.UART_Receive_IT
                0x080063b0      0x17c ./Drivers/STM32F1xx_HAL_Driver/Src/stm32f1xx_hal_uart.o
 .text.UART_SetConfig
                0x0800652c      0x11c ./Drivers/STM32F1xx_HAL_Driver/Src/stm32f1xx_hal_uart.o
 .text.makeFreeRtosPriority
                0x08006648       0x2e ./Middlewares/Third_Party/FreeRTOS/Source/CMSIS_RTOS/cmsis_os.o
 .text.inHandlerMode
                0x08006676       0x22 ./Middlewares/Third_Party/FreeRTOS/Source/CMSIS_RTOS/cmsis_os.o
 .text.osKernelStart
                0x08006698        0xe ./Middlewares/Third_Party/FreeRTOS/Source/CMSIS_RTOS/cmsis_os.o
                0x08006698                osKernelStart
 .text.osThreadCreate
                0x080066a6       0x98 ./Middlewares/Third_Party/FreeRTOS/Source/CMSIS_RTOS/cmsis_os.o
                0x080066a6                osThreadCreate
 .text.osDelay  0x0800673e       0x28 ./Middlewares/Third_Party/FreeRTOS/Source/CMSIS_RTOS/cmsis_os.o
                0x0800673e                osDelay
 .text.osMutexCreate
                0x08006766       0x30 ./Middlewares/Third_Party/FreeRTOS/Source/CMSIS_RTOS/cmsis_os.o
                0x08006766                osMutexCreate
 *fill*         0x08006796        0x2 
 .text.osMutexWait
                0x08006798       0x9c ./Middlewares/Third_Party/FreeRTOS/Source/CMSIS_RTOS/cmsis_os.o
                0x08006798                osMutexWait
 .text.osMutexRelease
                0x08006834       0x6c ./Middlewares/Third_Party/FreeRTOS/Source/CMSIS_RTOS/cmsis_os.o
                0x08006834                osMutexRelease
 .text.vListInitialise
                0x080068a0       0x3e ./Middlewares/Third_Party/FreeRTOS/Source/list.o
                0x080068a0                vListInitialise
 .text.vListInitialiseItem
                0x080068de       0x18 ./Middlewares/Third_Party/FreeRTOS/Source/list.o
                0x080068de                vListInitialiseItem
 .text.vListInsertEnd
                0x080068f6       0x46 ./Middlewares/Third_Party/FreeRTOS/Source/list.o
                0x080068f6                vListInsertEnd
 .text.vListInsert
                0x0800693c       0x70 ./Middlewares/Third_Party/FreeRTOS/Source/list.o
                0x0800693c                vListInsert
 .text.uxListRemove
                0x080069ac       0x52 ./Middlewares/Third_Party/FreeRTOS/Source/list.o
                0x080069ac                uxListRemove
 *fill*         0x080069fe        0x2 
 .text.xQueueGenericReset
                0x08006a00       0xd4 ./Middlewares/Third_Party/FreeRTOS/Source/queue.o
                0x08006a00                xQueueGenericReset
 .text.xQueueGenericCreateStatic
                0x08006ad4       0xfa ./Middlewares/Third_Party/FreeRTOS/Source/queue.o
                0x08006ad4                xQueueGenericCreateStatic
 .text.xQueueGenericCreate
                0x08006bce       0x76 ./Middlewares/Third_Party/FreeRTOS/Source/queue.o
                0x08006bce                xQueueGenericCreate
 .text.prvInitialiseNewQueue
                0x08006c44       0x3e ./Middlewares/Third_Party/FreeRTOS/Source/queue.o
 .text.prvInitialiseMutex
                0x08006c82       0x34 ./Middlewares/Third_Party/FreeRTOS/Source/queue.o
 .text.xQueueCreateMutex
                0x08006cb6       0x30 ./Middlewares/Third_Party/FreeRTOS/Source/queue.o
                0x08006cb6                xQueueCreateMutex
 .text.xQueueCreateMutexStatic
                0x08006ce6       0x36 ./Middlewares/Third_Party/FreeRTOS/Source/queue.o
                0x08006ce6                xQueueCreateMutexStatic
 .text.xQueueGenericSend
                0x08006d1c      0x204 ./Middlewares/Third_Party/FreeRTOS/Source/queue.o
                0x08006d1c                xQueueGenericSend
 .text.xQueueGiveFromISR
                0x08006f20      0x120 ./Middlewares/Third_Party/FreeRTOS/Source/queue.o
                0x08006f20                xQueueGiveFromISR
 .text.xQueueSemaphoreTake
                0x08007040      0x220 ./Middlewares/Third_Party/FreeRTOS/Source/queue.o
                0x08007040                xQueueSemaphoreTake
 .text.xQueueReceiveFromISR
                0x08007260      0x104 ./Middlewares/Third_Party/FreeRTOS/Source/queue.o
                0x08007260                xQueueReceiveFromISR
 .text.prvGetDisinheritPriorityAfterTimeout
                0x08007364       0x2e ./Middlewares/Third_Party/FreeRTOS/Source/queue.o
 .text.prvCopyDataToQueue
                0x08007392       0xd4 ./Middlewares/Third_Party/FreeRTOS/Source/queue.o
 .text.prvCopyDataFromQueue
                0x08007466       0x4c ./Middlewares/Third_Party/FreeRTOS/Source/queue.o
 .text.prvUnlockQueue
                0x080074b2       0xa4 ./Middlewares/Third_Party/FreeRTOS/Source/queue.o
 .text.prvIsQueueEmpty
                0x08007556       0x2c ./Middlewares/Third_Party/FreeRTOS/Source/queue.o
 .text.prvIsQueueFull
                0x08007582       0x30 ./Middlewares/Third_Party/FreeRTOS/Source/queue.o
 .text.xTaskCreateStatic
                0x080075b2       0xc0 ./Middlewares/Third_Party/FreeRTOS/Source/tasks.o
                0x080075b2                xTaskCreateStatic
 .text.xTaskCreate
                0x08007672       0x8a ./Middlewares/Third_Party/FreeRTOS/Source/tasks.o
                0x08007672                xTaskCreate
 .text.prvInitialiseNewTask
                0x080076fc      0x140 ./Middlewares/Third_Party/FreeRTOS/Source/tasks.o
 .text.prvAddNewTaskToReadyList
                0x0800783c       0xd4 ./Middlewares/Third_Party/FreeRTOS/Source/tasks.o
 .text.vTaskDelay
                0x08007910       0x6c ./Middlewares/Third_Party/FreeRTOS/Source/tasks.o
                0x08007910                vTaskDelay
 .text.vTaskStartScheduler
                0x0800797c       0xd4 ./Middlewares/Third_Party/FreeRTOS/Source/tasks.o
                0x0800797c                vTaskStartScheduler
 .text.vTaskSuspendAll
                0x08007a50       0x1c ./Middlewares/Third_Party/FreeRTOS/Source/tasks.o
                0x08007a50                vTaskSuspendAll
 .text.xTaskResumeAll
                0x08007a6c      0x13c ./Middlewares/Third_Party/FreeRTOS/Source/tasks.o
                0x08007a6c                xTaskResumeAll
 .text.xTaskGetTickCount
                0x08007ba8       0x1c ./Middlewares/Third_Party/FreeRTOS/Source/tasks.o
                0x08007ba8                xTaskGetTickCount
 .text.xTaskIncrementTick
                0x08007bc4      0x174 ./Middlewares/Third_Party/FreeRTOS/Source/tasks.o
                0x08007bc4                xTaskIncrementTick
 .text.vTaskSwitchContext
                0x08007d38       0xc4 ./Middlewares/Third_Party/FreeRTOS/Source/tasks.o
                0x08007d38                vTaskSwitchContext
 .text.vTaskPlaceOnEventList
                0x08007dfc       0x4c ./Middlewares/Third_Party/FreeRTOS/Source/tasks.o
                0x08007dfc                vTaskPlaceOnEventList
 .text.xTaskRemoveFromEventList
                0x08007e48       0xc8 ./Middlewares/Third_Party/FreeRTOS/Source/tasks.o
                0x08007e48                xTaskRemoveFromEventList
 .text.vTaskInternalSetTimeOutState
                0x08007f10       0x2c ./Middlewares/Third_Party/FreeRTOS/Source/tasks.o
                0x08007f10                vTaskInternalSetTimeOutState
 .text.xTaskCheckForTimeOut
                0x08007f3c       0xc8 ./Middlewares/Third_Party/FreeRTOS/Source/tasks.o
                0x08007f3c                xTaskCheckForTimeOut
 .text.vTaskMissedYield
                0x08008004       0x18 ./Middlewares/Third_Party/FreeRTOS/Source/tasks.o
                0x08008004                vTaskMissedYield
 .text.prvIdleTask
                0x0800801c       0x30 ./Middlewares/Third_Party/FreeRTOS/Source/tasks.o
 .text.prvInitialiseTaskLists
                0x0800804c       0x80 ./Middlewares/Third_Party/FreeRTOS/Source/tasks.o
 .text.prvCheckTasksWaitingTermination
                0x080080cc       0x5c ./Middlewares/Third_Party/FreeRTOS/Source/tasks.o
 .text.prvDeleteTCB
                0x08008128       0x6a ./Middlewares/Third_Party/FreeRTOS/Source/tasks.o
 *fill*         0x08008192        0x2 
 .text.prvResetNextTaskUnblockTime
                0x08008194       0x40 ./Middlewares/Third_Party/FreeRTOS/Source/tasks.o
 .text.xTaskGetSchedulerState
                0x080081d4       0x3c ./Middlewares/Third_Party/FreeRTOS/Source/tasks.o
                0x080081d4                xTaskGetSchedulerState
 .text.xTaskPriorityInherit
                0x08008210       0xec ./Middlewares/Third_Party/FreeRTOS/Source/tasks.o
                0x08008210                xTaskPriorityInherit
 .text.xTaskPriorityDisinherit
                0x080082fc      0x110 ./Middlewares/Third_Party/FreeRTOS/Source/tasks.o
                0x080082fc                xTaskPriorityDisinherit
 .text.vTaskPriorityDisinheritAfterTimeout
                0x0800840c      0x120 ./Middlewares/Third_Party/FreeRTOS/Source/tasks.o
                0x0800840c                vTaskPriorityDisinheritAfterTimeout
 .text.pvTaskIncrementMutexHeldCount
                0x0800852c       0x28 ./Middlewares/Third_Party/FreeRTOS/Source/tasks.o
                0x0800852c                pvTaskIncrementMutexHeldCount
 .text.prvAddCurrentTaskToDelayedList
                0x08008554       0xcc ./Middlewares/Third_Party/FreeRTOS/Source/tasks.o
 .text.pxPortInitialiseStack
                0x08008620       0x58 ./Middlewares/Third_Party/FreeRTOS/Source/portable/GCC/ARM_CM3/port.o
                0x08008620                pxPortInitialiseStack
 .text.prvTaskExitError
                0x08008678       0x58 ./Middlewares/Third_Party/FreeRTOS/Source/portable/GCC/ARM_CM3/port.o
 .text.SVC_Handler
                0x080086d0       0x28 ./Middlewares/Third_Party/FreeRTOS/Source/portable/GCC/ARM_CM3/port.o
                0x080086d0                SVC_Handler
 .text.prvPortStartFirstTask
                0x080086f8       0x20 ./Middlewares/Third_Party/FreeRTOS/Source/portable/GCC/ARM_CM3/port.o
 .text.xPortStartScheduler
                0x08008718       0xe4 ./Middlewares/Third_Party/FreeRTOS/Source/portable/GCC/ARM_CM3/port.o
                0x08008718                xPortStartScheduler
 .text.vPortEnterCritical
                0x080087fc       0x60 ./Middlewares/Third_Party/FreeRTOS/Source/portable/GCC/ARM_CM3/port.o
                0x080087fc                vPortEnterCritical
 .text.vPortExitCritical
                0x0800885c       0x54 ./Middlewares/Third_Party/FreeRTOS/Source/portable/GCC/ARM_CM3/port.o
                0x0800885c                vPortExitCritical
 .text.PendSV_Handler
                0x080088b0       0x48 ./Middlewares/Third_Party/FreeRTOS/Source/portable/GCC/ARM_CM3/port.o
                0x080088b0                PendSV_Handler
 .text.SysTick_Handler
                0x080088f8       0x44 ./Middlewares/Third_Party/FreeRTOS/Source/portable/GCC/ARM_CM3/port.o
                0x080088f8                SysTick_Handler
 .text.vPortSetupTimerInterrupt
                0x0800893c       0x44 ./Middlewares/Third_Party/FreeRTOS/Source/portable/GCC/ARM_CM3/port.o
                0x0800893c                vPortSetupTimerInterrupt
 .text.vPortValidateInterruptPriority
                0x08008980       0x80 ./Middlewares/Third_Party/FreeRTOS/Source/portable/GCC/ARM_CM3/port.o
                0x08008980                vPortValidateInterruptPriority
 .text.pvPortMalloc
                0x08008a00      0x19c ./Middlewares/Third_Party/FreeRTOS/Source/portable/MemMang/heap_4.o
                0x08008a00                pvPortMalloc
 .text.vPortFree
                0x08008b9c       0xc8 ./Middlewares/Third_Party/FreeRTOS/Source/portable/MemMang/heap_4.o
                0x08008b9c                vPortFree
 .text.prvHeapInit
                0x08008c64       0xc4 ./Middlewares/Third_Party/FreeRTOS/Source/portable/MemMang/heap_4.o
 .text.prvInsertBlockIntoFreeList
                0x08008d28       0xb0 ./Middlewares/Third_Party/FreeRTOS/Source/portable/MemMang/heap_4.o
 .text.memset   0x08008dd8       0x10 C:/ST/STM32CubeIDE_1.18.1/STM32CubeIDE/plugins/com.st.stm32cube.ide.mcu.externaltools.gnu-tools-for-stm32.13.3.rel1.win32_1.0.0.202411081344/tools/bin/../lib/gcc/arm-none-eabi/13.3.1/../../../../arm-none-eabi/lib/thumb/v7-m/nofp\libc_nano.a(libc_a-memset.o)
                0x08008dd8                memset
 .text._reclaim_reent
                0x08008de8       0xbc C:/ST/STM32CubeIDE_1.18.1/STM32CubeIDE/plugins/com.st.stm32cube.ide.mcu.externaltools.gnu-tools-for-stm32.13.3.rel1.win32_1.0.0.202411081344/tools/bin/../lib/gcc/arm-none-eabi/13.3.1/../../../../arm-none-eabi/lib/thumb/v7-m/nofp\libc_nano.a(libc_a-reent.o)
                0x08008de8                _reclaim_reent
 .text.__libc_init_array
                0x08008ea4       0x48 C:/ST/STM32CubeIDE_1.18.1/STM32CubeIDE/plugins/com.st.stm32cube.ide.mcu.externaltools.gnu-tools-for-stm32.13.3.rel1.win32_1.0.0.202411081344/tools/bin/../lib/gcc/arm-none-eabi/13.3.1/../../../../arm-none-eabi/lib/thumb/v7-m/nofp\libc_nano.a(libc_a-init.o)
                0x08008ea4                __libc_init_array
 .text.__retarget_lock_acquire_recursive
                0x08008eec        0x2 C:/ST/STM32CubeIDE_1.18.1/STM32CubeIDE/plugins/com.st.stm32cube.ide.mcu.externaltools.gnu-tools-for-stm32.13.3.rel1.win32_1.0.0.202411081344/tools/bin/../lib/gcc/arm-none-eabi/13.3.1/../../../../arm-none-eabi/lib/thumb/v7-m/nofp\libc_nano.a(libc_a-lock.o)
                0x08008eec                __retarget_lock_acquire_recursive
 .text.__retarget_lock_release_recursive
                0x08008eee        0x2 C:/ST/STM32CubeIDE_1.18.1/STM32CubeIDE/plugins/com.st.stm32cube.ide.mcu.externaltools.gnu-tools-for-stm32.13.3.rel1.win32_1.0.0.202411081344/tools/bin/../lib/gcc/arm-none-eabi/13.3.1/../../../../arm-none-eabi/lib/thumb/v7-m/nofp\libc_nano.a(libc_a-lock.o)
                0x08008eee                __retarget_lock_release_recursive
 .text.memcpy   0x08008ef0       0x1c C:/ST/STM32CubeIDE_1.18.1/STM32CubeIDE/plugins/com.st.stm32cube.ide.mcu.externaltools.gnu-tools-for-stm32.13.3.rel1.win32_1.0.0.202411081344/tools/bin/../lib/gcc/arm-none-eabi/13.3.1/../../../../arm-none-eabi/lib/thumb/v7-m/nofp\libc_nano.a(libc_a-memcpy-stub.o)
                0x08008ef0                memcpy
 .text._free_r  0x08008f0c       0x90 C:/ST/STM32CubeIDE_1.18.1/STM32CubeIDE/plugins/com.st.stm32cube.ide.mcu.externaltools.gnu-tools-for-stm32.13.3.rel1.win32_1.0.0.202411081344/tools/bin/../lib/gcc/arm-none-eabi/13.3.1/../../../../arm-none-eabi/lib/thumb/v7-m/nofp\libc_nano.a(libc_a-freer.o)
                0x08008f0c                _free_r
 .text.__malloc_lock
                0x08008f9c        0xc C:/ST/STM32CubeIDE_1.18.1/STM32CubeIDE/plugins/com.st.stm32cube.ide.mcu.externaltools.gnu-tools-for-stm32.13.3.rel1.win32_1.0.0.202411081344/tools/bin/../lib/gcc/arm-none-eabi/13.3.1/../../../../arm-none-eabi/lib/thumb/v7-m/nofp\libc_nano.a(libc_a-mlock.o)
                0x08008f9c                __malloc_lock
 .text.__malloc_unlock
                0x08008fa8        0xc C:/ST/STM32CubeIDE_1.18.1/STM32CubeIDE/plugins/com.st.stm32cube.ide.mcu.externaltools.gnu-tools-for-stm32.13.3.rel1.win32_1.0.0.202411081344/tools/bin/../lib/gcc/arm-none-eabi/13.3.1/../../../../arm-none-eabi/lib/thumb/v7-m/nofp\libc_nano.a(libc_a-mlock.o)
                0x08008fa8                __malloc_unlock
 *(.glue_7)
 .glue_7        0x08008fb4        0x0 linker stubs
 *(.glue_7t)
 .glue_7t       0x08008fb4        0x0 linker stubs
 *(.eh_frame)
 .eh_frame      0x08008fb4        0x0 C:/ST/STM32CubeIDE_1.18.1/STM32CubeIDE/plugins/com.st.stm32cube.ide.mcu.externaltools.gnu-tools-for-stm32.13.3.rel1.win32_1.0.0.202411081344/tools/bin/../lib/gcc/arm-none-eabi/13.3.1/thumb/v7-m/nofp/crtbegin.o
 *(.init)
 .init          0x08008fb4        0x4 C:/ST/STM32CubeIDE_1.18.1/STM32CubeIDE/plugins/com.st.stm32cube.ide.mcu.externaltools.gnu-tools-for-stm32.13.3.rel1.win32_1.0.0.202411081344/tools/bin/../lib/gcc/arm-none-eabi/13.3.1/thumb/v7-m/nofp/crti.o
                0x08008fb4                _init
 .init          0x08008fb8        0x8 C:/ST/STM32CubeIDE_1.18.1/STM32CubeIDE/plugins/com.st.stm32cube.ide.mcu.externaltools.gnu-tools-for-stm32.13.3.rel1.win32_1.0.0.202411081344/tools/bin/../lib/gcc/arm-none-eabi/13.3.1/thumb/v7-m/nofp/crtn.o
 *(.fini)
 .fini          0x08008fc0        0x4 C:/ST/STM32CubeIDE_1.18.1/STM32CubeIDE/plugins/com.st.stm32cube.ide.mcu.externaltools.gnu-tools-for-stm32.13.3.rel1.win32_1.0.0.202411081344/tools/bin/../lib/gcc/arm-none-eabi/13.3.1/thumb/v7-m/nofp/crti.o
                0x08008fc0                _fini
 .fini          0x08008fc4        0x8 C:/ST/STM32CubeIDE_1.18.1/STM32CubeIDE/plugins/com.st.stm32cube.ide.mcu.externaltools.gnu-tools-for-stm32.13.3.rel1.win32_1.0.0.202411081344/tools/bin/../lib/gcc/arm-none-eabi/13.3.1/thumb/v7-m/nofp/crtn.o
                0x08008fcc                        . = ALIGN (0x4)
                0x08008fcc                        _etext = .

.vfp11_veneer   0x08008fcc        0x0
 .vfp11_veneer  0x08008fcc        0x0 linker stubs

.v4_bx          0x08008fcc        0x0
 .v4_bx         0x08008fcc        0x0 linker stubs

.iplt           0x08008fcc        0x0
 .iplt          0x08008fcc        0x0 C:/ST/STM32CubeIDE_1.18.1/STM32CubeIDE/plugins/com.st.stm32cube.ide.mcu.externaltools.gnu-tools-for-stm32.13.3.rel1.win32_1.0.0.202411081344/tools/bin/../lib/gcc/arm-none-eabi/13.3.1/thumb/v7-m/nofp/crtbegin.o

.rodata         0x08008fcc      0x114
                0x08008fcc                        . = ALIGN (0x4)
 *(.rodata)
 .rodata        0x08008fcc       0xd8 ./Core/Src/freertos.o
 .rodata        0x080090a4        0x5 ./Middlewares/Third_Party/FreeRTOS/Source/tasks.o
 *(.rodata*)
 *fill*         0x080090a9        0x3 
 .rodata.os_mutex_def_MensajeDeSalida
                0x080090ac        0x8 ./Core/Src/freertos.o
                0x080090ac                os_mutex_def_MensajeDeSalida
 .rodata.AHBPrescTable
                0x080090b4       0x10 ./Core/Src/system_stm32f1xx.o
                0x080090b4                AHBPrescTable
 .rodata.APBPrescTable
                0x080090c4        0x8 ./Core/Src/system_stm32f1xx.o
                0x080090c4                APBPrescTable
 .rodata.aPLLMULFactorTable.1
                0x080090cc       0x10 ./Drivers/STM32F1xx_HAL_Driver/Src/stm32f1xx_hal_rcc.o
 .rodata.aPredivFactorTable.0
                0x080090dc        0x2 ./Drivers/STM32F1xx_HAL_Driver/Src/stm32f1xx_hal_rcc.o
                0x080090e0                        . = ALIGN (0x4)
 *fill*         0x080090de        0x2 

.ARM.extab      0x080090e0        0x0
                0x080090e0                        . = ALIGN (0x4)
 *(.ARM.extab* .gnu.linkonce.armextab.*)
                0x080090e0                        . = ALIGN (0x4)

.ARM            0x080090e0        0x8
                0x080090e0                        . = ALIGN (0x4)
                0x080090e0                        __exidx_start = .
 *(.ARM.exidx*)
 .ARM.exidx     0x080090e0        0x8 C:/ST/STM32CubeIDE_1.18.1/STM32CubeIDE/plugins/com.st.stm32cube.ide.mcu.externaltools.gnu-tools-for-stm32.13.3.rel1.win32_1.0.0.202411081344/tools/bin/../lib/gcc/arm-none-eabi/13.3.1/thumb/v7-m/nofp\libgcc.a(_udivmoddi4.o)
                0x080090e8                        __exidx_end = .
                0x080090e8                        . = ALIGN (0x4)

.preinit_array  0x080090e8        0x0
                0x080090e8                        . = ALIGN (0x4)
                0x080090e8                        PROVIDE (__preinit_array_start = .)
 *(.preinit_array*)
                0x080090e8                        PROVIDE (__preinit_array_end = .)
                0x080090e8                        . = ALIGN (0x4)

.init_array     0x080090e8        0x4
                0x080090e8                        . = ALIGN (0x4)
                0x080090e8                        PROVIDE (__init_array_start = .)
 *(SORT_BY_NAME(.init_array.*))
 *(.init_array*)
 .init_array    0x080090e8        0x4 C:/ST/STM32CubeIDE_1.18.1/STM32CubeIDE/plugins/com.st.stm32cube.ide.mcu.externaltools.gnu-tools-for-stm32.13.3.rel1.win32_1.0.0.202411081344/tools/bin/../lib/gcc/arm-none-eabi/13.3.1/thumb/v7-m/nofp/crtbegin.o
                0x080090ec                        PROVIDE (__init_array_end = .)
                0x080090ec                        . = ALIGN (0x4)

.fini_array     0x080090ec        0x4
                0x080090ec                        . = ALIGN (0x4)
                [!provide]                        PROVIDE (__fini_array_start = .)
 *(SORT_BY_NAME(.fini_array.*))
 *(.fini_array*)
 .fini_array    0x080090ec        0x4 C:/ST/STM32CubeIDE_1.18.1/STM32CubeIDE/plugins/com.st.stm32cube.ide.mcu.externaltools.gnu-tools-for-stm32.13.3.rel1.win32_1.0.0.202411081344/tools/bin/../lib/gcc/arm-none-eabi/13.3.1/thumb/v7-m/nofp/crtbegin.o
                [!provide]                        PROVIDE (__fini_array_end = .)
                0x080090f0                        . = ALIGN (0x4)
                0x080090f0                        _sidata = LOADADDR (.data)

.rel.dyn        0x080090f0        0x0
 .rel.iplt      0x080090f0        0x0 C:/ST/STM32CubeIDE_1.18.1/STM32CubeIDE/plugins/com.st.stm32cube.ide.mcu.externaltools.gnu-tools-for-stm32.13.3.rel1.win32_1.0.0.202411081344/tools/bin/../lib/gcc/arm-none-eabi/13.3.1/thumb/v7-m/nofp/crtbegin.o

.data           0x20000000       0x60 load address 0x080090f0
                0x20000000                        . = ALIGN (0x4)
                0x20000000                        _sdata = .
 *(.data)
 *(.data*)
 .data.SystemCoreClock
                0x20000000        0x4 ./Core/Src/system_stm32f1xx.o
                0x20000000                SystemCoreClock
 .data.uwTickPrio
                0x20000004        0x4 ./Drivers/STM32F1xx_HAL_Driver/Src/stm32f1xx_hal.o
                0x20000004                uwTickPrio
 .data.uwTickFreq
                0x20000008        0x1 ./Drivers/STM32F1xx_HAL_Driver/Src/stm32f1xx_hal.o
                0x20000008                uwTickFreq
 *fill*         0x20000009        0x3 
 .data.uxCriticalNesting
                0x2000000c        0x4 ./Middlewares/Third_Party/FreeRTOS/Source/portable/GCC/ARM_CM3/port.o
 .data._impure_ptr
                0x20000010        0x4 C:/ST/STM32CubeIDE_1.18.1/STM32CubeIDE/plugins/com.st.stm32cube.ide.mcu.externaltools.gnu-tools-for-stm32.13.3.rel1.win32_1.0.0.202411081344/tools/bin/../lib/gcc/arm-none-eabi/13.3.1/../../../../arm-none-eabi/lib/thumb/v7-m/nofp\libc_nano.a(libc_a-impure.o)
                0x20000010                _impure_ptr
 .data._impure_data
                0x20000014       0x4c C:/ST/STM32CubeIDE_1.18.1/STM32CubeIDE/plugins/com.st.stm32cube.ide.mcu.externaltools.gnu-tools-for-stm32.13.3.rel1.win32_1.0.0.202411081344/tools/bin/../lib/gcc/arm-none-eabi/13.3.1/../../../../arm-none-eabi/lib/thumb/v7-m/nofp\libc_nano.a(libc_a-impure.o)
                0x20000014                _impure_data
 *(.RamFunc)
 *(.RamFunc*)
                0x20000060                        . = ALIGN (0x4)
                0x20000060                        _edata = .

.igot.plt       0x20000060        0x0 load address 0x08009150
 .igot.plt      0x20000060        0x0 C:/ST/STM32CubeIDE_1.18.1/STM32CubeIDE/plugins/com.st.stm32cube.ide.mcu.externaltools.gnu-tools-for-stm32.13.3.rel1.win32_1.0.0.202411081344/tools/bin/../lib/gcc/arm-none-eabi/13.3.1/thumb/v7-m/nofp/crtbegin.o
                0x20000060                        . = ALIGN (0x4)

.bss            0x20000060     0x1fa4 load address 0x08009150
                0x20000060                        _sbss = .
                0x20000060                        __bss_start__ = _sbss
 *(.bss)
 .bss           0x20000060       0x1c C:/ST/STM32CubeIDE_1.18.1/STM32CubeIDE/plugins/com.st.stm32cube.ide.mcu.externaltools.gnu-tools-for-stm32.13.3.rel1.win32_1.0.0.202411081344/tools/bin/../lib/gcc/arm-none-eabi/13.3.1/thumb/v7-m/nofp/crtbegin.o
 *(.bss*)
 .bss.hadc1     0x2000007c       0x30 ./Core/Src/adc.o
                0x2000007c                hadc1
 .bss.hdma_adc1
                0x200000ac       0x44 ./Core/Src/adc.o
                0x200000ac                hdma_adc1
 .bss.bmp_spi   0x200000f0        0x4 ./Core/Src/bmp280_spi.o
 .bss.bmp_cs_port
                0x200000f4        0x4 ./Core/Src/bmp280_spi.o
 .bss.bmp_cs_pin
                0x200000f8        0x2 ./Core/Src/bmp280_spi.o
 *fill*         0x200000fa        0x2 
 .bss.bmp_calib
                0x200000fc       0x18 ./Core/Src/bmp280_spi.o
 .bss.t_fine    0x20000114        0x4 ./Core/Src/bmp280_spi.o
 .bss.procesar_trama_recibida
                0x20000118        0x1 ./Core/Src/comunicacion.o
                0x20000118                procesar_trama_recibida
 *fill*         0x20000119        0x3 
 .bss.trama_recibida
                0x2000011c        0x7 ./Core/Src/comunicacion.o
                0x2000011c                trama_recibida
 *fill*         0x20000123        0x1 
 .bss.mensaje_de_salida
                0x20000124        0xb ./Core/Src/freertos.o
                0x20000124                mensaje_de_salida
 *fill*         0x2000012f        0x1 
 .bss.transmisionMutex
                0x20000130        0x4 ./Core/Src/freertos.o
                0x20000130                transmisionMutex
 .bss.MensajeDeSalidaMutexHandle
                0x20000134        0x4 ./Core/Src/freertos.o
                0x20000134                MensajeDeSalidaMutexHandle
 .bss.defaultTaskHandle
                0x20000138        0x4 ./Core/Src/freertos.o
                0x20000138                defaultTaskHandle
 .bss.Uart_TTL_TaskHandle
                0x2000013c        0x4 ./Core/Src/freertos.o
                0x2000013c                Uart_TTL_TaskHandle
 .bss.ReadInputsTaskHandle
                0x20000140        0x4 ./Core/Src/freertos.o
                0x20000140                ReadInputsTaskHandle
 .bss.LeerADCHandle
                0x20000144        0x4 ./Core/Src/freertos.o
                0x20000144                LeerADCHandle
 .bss.LeerBMP280Handle
                0x20000148        0x4 ./Core/Src/freertos.o
                0x20000148                LeerBMP280Handle
 .bss.xIdleTaskTCBBuffer
                0x2000014c       0xa0 ./Core/Src/freertos.o
 .bss.xIdleStack
                0x200001ec      0x200 ./Core/Src/freertos.o
 .bss.adc_valores
                0x200003ec        0x6 ./Core/Src/main.o
                0x200003ec                adc_valores
 *fill*         0x200003f2        0x2 
 .bss.hspi2     0x200003f4       0x58 ./Core/Src/spi.o
                0x200003f4                hspi2
 .bss.htim4     0x2000044c       0x48 ./Core/Src/stm32f1xx_hal_timebase_tim.o
                0x2000044c                htim4
 .bss.htim2     0x20000494       0x48 ./Core/Src/tim.o
                0x20000494                htim2
 .bss.htim3     0x200004dc       0x48 ./Core/Src/tim.o
                0x200004dc                htim3
 .bss.huart1    0x20000524       0x48 ./Core/Src/usart.o
                0x20000524                huart1
 .bss.uwTick    0x2000056c        0x4 ./Drivers/STM32F1xx_HAL_Driver/Src/stm32f1xx_hal.o
                0x2000056c                uwTick
 .bss.pxCurrentTCB
                0x20000570        0x4 ./Middlewares/Third_Party/FreeRTOS/Source/tasks.o
                0x20000570                pxCurrentTCB
 .bss.pxReadyTasksLists
                0x20000574       0x8c ./Middlewares/Third_Party/FreeRTOS/Source/tasks.o
 .bss.xDelayedTaskList1
                0x20000600       0x14 ./Middlewares/Third_Party/FreeRTOS/Source/tasks.o
 .bss.xDelayedTaskList2
                0x20000614       0x14 ./Middlewares/Third_Party/FreeRTOS/Source/tasks.o
 .bss.pxDelayedTaskList
                0x20000628        0x4 ./Middlewares/Third_Party/FreeRTOS/Source/tasks.o
 .bss.pxOverflowDelayedTaskList
                0x2000062c        0x4 ./Middlewares/Third_Party/FreeRTOS/Source/tasks.o
 .bss.xPendingReadyList
                0x20000630       0x14 ./Middlewares/Third_Party/FreeRTOS/Source/tasks.o
 .bss.xTasksWaitingTermination
                0x20000644       0x14 ./Middlewares/Third_Party/FreeRTOS/Source/tasks.o
 .bss.uxDeletedTasksWaitingCleanUp
                0x20000658        0x4 ./Middlewares/Third_Party/FreeRTOS/Source/tasks.o
 .bss.xSuspendedTaskList
                0x2000065c       0x14 ./Middlewares/Third_Party/FreeRTOS/Source/tasks.o
 .bss.uxCurrentNumberOfTasks
                0x20000670        0x4 ./Middlewares/Third_Party/FreeRTOS/Source/tasks.o
 .bss.xTickCount
                0x20000674        0x4 ./Middlewares/Third_Party/FreeRTOS/Source/tasks.o
 .bss.uxTopReadyPriority
                0x20000678        0x4 ./Middlewares/Third_Party/FreeRTOS/Source/tasks.o
 .bss.xSchedulerRunning
                0x2000067c        0x4 ./Middlewares/Third_Party/FreeRTOS/Source/tasks.o
 .bss.xPendedTicks
                0x20000680        0x4 ./Middlewares/Third_Party/FreeRTOS/Source/tasks.o
 .bss.xYieldPending
                0x20000684        0x4 ./Middlewares/Third_Party/FreeRTOS/Source/tasks.o
 .bss.xNumOfOverflows
                0x20000688        0x4 ./Middlewares/Third_Party/FreeRTOS/Source/tasks.o
 .bss.uxTaskNumber
                0x2000068c        0x4 ./Middlewares/Third_Party/FreeRTOS/Source/tasks.o
 .bss.xNextTaskUnblockTime
                0x20000690        0x4 ./Middlewares/Third_Party/FreeRTOS/Source/tasks.o
 .bss.xIdleTaskHandle
                0x20000694        0x4 ./Middlewares/Third_Party/FreeRTOS/Source/tasks.o
 .bss.uxSchedulerSuspended
                0x20000698        0x4 ./Middlewares/Third_Party/FreeRTOS/Source/tasks.o
 .bss.ucMaxSysCallPriority
                0x2000069c        0x1 ./Middlewares/Third_Party/FreeRTOS/Source/portable/GCC/ARM_CM3/port.o
 *fill*         0x2000069d        0x3 
 .bss.ulMaxPRIGROUPValue
                0x200006a0        0x4 ./Middlewares/Third_Party/FreeRTOS/Source/portable/GCC/ARM_CM3/port.o
 .bss.ucHeap    0x200006a4     0x1800 ./Middlewares/Third_Party/FreeRTOS/Source/portable/MemMang/heap_4.o
 .bss.xStart    0x20001ea4        0x8 ./Middlewares/Third_Party/FreeRTOS/Source/portable/MemMang/heap_4.o
 .bss.pxEnd     0x20001eac        0x4 ./Middlewares/Third_Party/FreeRTOS/Source/portable/MemMang/heap_4.o
 .bss.xFreeBytesRemaining
                0x20001eb0        0x4 ./Middlewares/Third_Party/FreeRTOS/Source/portable/MemMang/heap_4.o
 .bss.xMinimumEverFreeBytesRemaining
                0x20001eb4        0x4 ./Middlewares/Third_Party/FreeRTOS/Source/portable/MemMang/heap_4.o
 .bss.xNumberOfSuccessfulAllocations
                0x20001eb8        0x4 ./Middlewares/Third_Party/FreeRTOS/Source/portable/MemMang/heap_4.o
 .bss.xNumberOfSuccessfulFrees
                0x20001ebc        0x4 ./Middlewares/Third_Party/FreeRTOS/Source/portable/MemMang/heap_4.o
 .bss.xBlockAllocatedBit
                0x20001ec0        0x4 ./Middlewares/Third_Party/FreeRTOS/Source/portable/MemMang/heap_4.o
 .bss.__sf      0x20001ec4      0x138 C:/ST/STM32CubeIDE_1.18.1/STM32CubeIDE/plugins/com.st.stm32cube.ide.mcu.externaltools.gnu-tools-for-stm32.13.3.rel1.win32_1.0.0.202411081344/tools/bin/../lib/gcc/arm-none-eabi/13.3.1/../../../../arm-none-eabi/lib/thumb/v7-m/nofp\libc_nano.a(libc_a-findfp.o)
                0x20001ec4                __sf
 .bss.__lock___malloc_recursive_mutex
                0x20001ffc        0x1 C:/ST/STM32CubeIDE_1.18.1/STM32CubeIDE/plugins/com.st.stm32cube.ide.mcu.externaltools.gnu-tools-for-stm32.13.3.rel1.win32_1.0.0.202411081344/tools/bin/../lib/gcc/arm-none-eabi/13.3.1/../../../../arm-none-eabi/lib/thumb/v7-m/nofp\libc_nano.a(libc_a-lock.o)
                0x20001ffc                __lock___malloc_recursive_mutex
 *fill*         0x20001ffd        0x3 
 .bss.__malloc_free_list
                0x20002000        0x4 C:/ST/STM32CubeIDE_1.18.1/STM32CubeIDE/plugins/com.st.stm32cube.ide.mcu.externaltools.gnu-tools-for-stm32.13.3.rel1.win32_1.0.0.202411081344/tools/bin/../lib/gcc/arm-none-eabi/13.3.1/../../../../arm-none-eabi/lib/thumb/v7-m/nofp\libc_nano.a(libc_a-mallocr.o)
                0x20002000                __malloc_free_list
 *(COMMON)
                0x20002004                        . = ALIGN (0x4)
                0x20002004                        _ebss = .
                0x20002004                        __bss_end__ = _ebss

._user_heap_stack
                0x20002004      0x604 load address 0x08009150
                0x20002008                        . = ALIGN (0x8)
 *fill*         0x20002004        0x4 
                [!provide]                        PROVIDE (end = .)
                0x20002008                        PROVIDE (_end = .)
                0x20002208                        . = (. + _Min_Heap_Size)
 *fill*         0x20002008      0x200 
                0x20002608                        . = (. + _Min_Stack_Size)
 *fill*         0x20002208      0x400 
                0x20002608                        . = ALIGN (0x8)

/DISCARD/
 libc.a(*)
 libm.a(*)
 libgcc.a(*)

.ARM.attributes
                0x00000000       0x29
 *(.ARM.attributes)
 .ARM.attributes
                0x00000000       0x1d C:/ST/STM32CubeIDE_1.18.1/STM32CubeIDE/plugins/com.st.stm32cube.ide.mcu.externaltools.gnu-tools-for-stm32.13.3.rel1.win32_1.0.0.202411081344/tools/bin/../lib/gcc/arm-none-eabi/13.3.1/thumb/v7-m/nofp/crti.o
 .ARM.attributes
                0x0000001d       0x2d C:/ST/STM32CubeIDE_1.18.1/STM32CubeIDE/plugins/com.st.stm32cube.ide.mcu.externaltools.gnu-tools-for-stm32.13.3.rel1.win32_1.0.0.202411081344/tools/bin/../lib/gcc/arm-none-eabi/13.3.1/thumb/v7-m/nofp/crtbegin.o
 .ARM.attributes
                0x0000004a       0x2d ./Core/Src/adc.o
 .ARM.attributes
                0x00000077       0x2d ./Core/Src/bmp280_spi.o
 .ARM.attributes
                0x000000a4       0x2d ./Core/Src/comunicacion.o
 .ARM.attributes
                0x000000d1       0x2d ./Core/Src/dma.o
 .ARM.attributes
                0x000000fe       0x2d ./Core/Src/freertos.o
 .ARM.attributes
                0x0000012b       0x2d ./Core/Src/gpio.o
 .ARM.attributes
                0x00000158       0x2d ./Core/Src/main.o
 .ARM.attributes
                0x00000185       0x2d ./Core/Src/spi.o
 .ARM.attributes
                0x000001b2       0x2d ./Core/Src/stm32f1xx_hal_msp.o
 .ARM.attributes
                0x000001df       0x2d ./Core/Src/stm32f1xx_hal_timebase_tim.o
 .ARM.attributes
                0x0000020c       0x2d ./Core/Src/stm32f1xx_it.o
 .ARM.attributes
                0x00000239       0x2d ./Core/Src/system_stm32f1xx.o
 .ARM.attributes
                0x00000266       0x2d ./Core/Src/tim.o
 .ARM.attributes
                0x00000293       0x2d ./Core/Src/usart.o
 .ARM.attributes
                0x000002c0       0x21 ./Core/Startup/startup_stm32f103c8tx.o
 .ARM.attributes
                0x000002e1       0x2d ./Drivers/STM32F1xx_HAL_Driver/Src/stm32f1xx_hal.o
 .ARM.attributes
                0x0000030e       0x2d ./Drivers/STM32F1xx_HAL_Driver/Src/stm32f1xx_hal_adc.o
 .ARM.attributes
                0x0000033b       0x2d ./Drivers/STM32F1xx_HAL_Driver/Src/stm32f1xx_hal_cortex.o
 .ARM.attributes
                0x00000368       0x2d ./Drivers/STM32F1xx_HAL_Driver/Src/stm32f1xx_hal_dma.o
 .ARM.attributes
                0x00000395       0x2d ./Drivers/STM32F1xx_HAL_Driver/Src/stm32f1xx_hal_gpio.o
 .ARM.attributes
                0x000003c2       0x2d ./Drivers/STM32F1xx_HAL_Driver/Src/stm32f1xx_hal_rcc.o
 .ARM.attributes
                0x000003ef       0x2d ./Drivers/STM32F1xx_HAL_Driver/Src/stm32f1xx_hal_rcc_ex.o
 .ARM.attributes
                0x0000041c       0x2d ./Drivers/STM32F1xx_HAL_Driver/Src/stm32f1xx_hal_spi.o
 .ARM.attributes
                0x00000449       0x2d ./Drivers/STM32F1xx_HAL_Driver/Src/stm32f1xx_hal_tim.o
 .ARM.attributes
                0x00000476       0x2d ./Drivers/STM32F1xx_HAL_Driver/Src/stm32f1xx_hal_tim_ex.o
 .ARM.attributes
                0x000004a3       0x2d ./Drivers/STM32F1xx_HAL_Driver/Src/stm32f1xx_hal_uart.o
 .ARM.attributes
                0x000004d0       0x2d ./Middlewares/Third_Party/FreeRTOS/Source/CMSIS_RTOS/cmsis_os.o
 .ARM.attributes
                0x000004fd       0x2d ./Middlewares/Third_Party/FreeRTOS/Source/list.o
 .ARM.attributes
                0x0000052a       0x2d ./Middlewares/Third_Party/FreeRTOS/Source/queue.o
 .ARM.attributes
                0x00000557       0x2d ./Middlewares/Third_Party/FreeRTOS/Source/tasks.o
 .ARM.attributes
                0x00000584       0x2d ./Middlewares/Third_Party/FreeRTOS/Source/portable/GCC/ARM_CM3/port.o
 .ARM.attributes
                0x000005b1       0x2d ./Middlewares/Third_Party/FreeRTOS/Source/portable/MemMang/heap_4.o
 .ARM.attributes
                0x000005de       0x2d C:/ST/STM32CubeIDE_1.18.1/STM32CubeIDE/plugins/com.st.stm32cube.ide.mcu.externaltools.gnu-tools-for-stm32.13.3.rel1.win32_1.0.0.202411081344/tools/bin/../lib/gcc/arm-none-eabi/13.3.1/../../../../arm-none-eabi/lib/thumb/v7-m/nofp\libc_nano.a(libc_a-findfp.o)
 .ARM.attributes
                0x0000060b       0x2d C:/ST/STM32CubeIDE_1.18.1/STM32CubeIDE/plugins/com.st.stm32cube.ide.mcu.externaltools.gnu-tools-for-stm32.13.3.rel1.win32_1.0.0.202411081344/tools/bin/../lib/gcc/arm-none-eabi/13.3.1/../../../../arm-none-eabi/lib/thumb/v7-m/nofp\libc_nano.a(libc_a-memset.o)
 .ARM.attributes
                0x00000638       0x2d C:/ST/STM32CubeIDE_1.18.1/STM32CubeIDE/plugins/com.st.stm32cube.ide.mcu.externaltools.gnu-tools-for-stm32.13.3.rel1.win32_1.0.0.202411081344/tools/bin/../lib/gcc/arm-none-eabi/13.3.1/../../../../arm-none-eabi/lib/thumb/v7-m/nofp\libc_nano.a(libc_a-reent.o)
 .ARM.attributes
                0x00000665       0x2d C:/ST/STM32CubeIDE_1.18.1/STM32CubeIDE/plugins/com.st.stm32cube.ide.mcu.externaltools.gnu-tools-for-stm32.13.3.rel1.win32_1.0.0.202411081344/tools/bin/../lib/gcc/arm-none-eabi/13.3.1/../../../../arm-none-eabi/lib/thumb/v7-m/nofp\libc_nano.a(libc_a-impure.o)
 .ARM.attributes
                0x00000692       0x2d C:/ST/STM32CubeIDE_1.18.1/STM32CubeIDE/plugins/com.st.stm32cube.ide.mcu.externaltools.gnu-tools-for-stm32.13.3.rel1.win32_1.0.0.202411081344/tools/bin/../lib/gcc/arm-none-eabi/13.3.1/../../../../arm-none-eabi/lib/thumb/v7-m/nofp\libc_nano.a(libc_a-init.o)
 .ARM.attributes
                0x000006bf       0x2d C:/ST/STM32CubeIDE_1.18.1/STM32CubeIDE/plugins/com.st.stm32cube.ide.mcu.externaltools.gnu-tools-for-stm32.13.3.rel1.win32_1.0.0.202411081344/tools/bin/../lib/gcc/arm-none-eabi/13.3.1/../../../../arm-none-eabi/lib/thumb/v7-m/nofp\libc_nano.a(libc_a-lock.o)
 .ARM.attributes
                0x000006ec       0x2d C:/ST/STM32CubeIDE_1.18.1/STM32CubeIDE/plugins/com.st.stm32cube.ide.mcu.externaltools.gnu-tools-for-stm32.13.3.rel1.win32_1.0.0.202411081344/tools/bin/../lib/gcc/arm-none-eabi/13.3.1/../../../../arm-none-eabi/lib/thumb/v7-m/nofp\libc_nano.a(libc_a-memcpy-stub.o)
 .ARM.attributes
                0x00000719       0x2d C:/ST/STM32CubeIDE_1.18.1/STM32CubeIDE/plugins/com.st.stm32cube.ide.mcu.externaltools.gnu-tools-for-stm32.13.3.rel1.win32_1.0.0.202411081344/tools/bin/../lib/gcc/arm-none-eabi/13.3.1/../../../../arm-none-eabi/lib/thumb/v7-m/nofp\libc_nano.a(libc_a-freer.o)
 .ARM.attributes
                0x00000746       0x2d C:/ST/STM32CubeIDE_1.18.1/STM32CubeIDE/plugins/com.st.stm32cube.ide.mcu.externaltools.gnu-tools-for-stm32.13.3.rel1.win32_1.0.0.202411081344/tools/bin/../lib/gcc/arm-none-eabi/13.3.1/../../../../arm-none-eabi/lib/thumb/v7-m/nofp\libc_nano.a(libc_a-mallocr.o)
 .ARM.attributes
                0x00000773       0x2d C:/ST/STM32CubeIDE_1.18.1/STM32CubeIDE/plugins/com.st.stm32cube.ide.mcu.externaltools.gnu-tools-for-stm32.13.3.rel1.win32_1.0.0.202411081344/tools/bin/../lib/gcc/arm-none-eabi/13.3.1/../../../../arm-none-eabi/lib/thumb/v7-m/nofp\libc_nano.a(libc_a-mlock.o)
 .ARM.attributes
                0x000007a0       0x1d C:/ST/STM32CubeIDE_1.18.1/STM32CubeIDE/plugins/com.st.stm32cube.ide.mcu.externaltools.gnu-tools-for-stm32.13.3.rel1.win32_1.0.0.202411081344/tools/bin/../lib/gcc/arm-none-eabi/13.3.1/thumb/v7-m/nofp\libgcc.a(_arm_addsubsf3.o)
 .ARM.attributes
                0x000007bd       0x1d C:/ST/STM32CubeIDE_1.18.1/STM32CubeIDE/plugins/com.st.stm32cube.ide.mcu.externaltools.gnu-tools-for-stm32.13.3.rel1.win32_1.0.0.202411081344/tools/bin/../lib/gcc/arm-none-eabi/13.3.1/thumb/v7-m/nofp\libgcc.a(_arm_muldivsf3.o)
 .ARM.attributes
                0x000007da       0x1d C:/ST/STM32CubeIDE_1.18.1/STM32CubeIDE/plugins/com.st.stm32cube.ide.mcu.externaltools.gnu-tools-for-stm32.13.3.rel1.win32_1.0.0.202411081344/tools/bin/../lib/gcc/arm-none-eabi/13.3.1/thumb/v7-m/nofp\libgcc.a(_arm_fixunssfsi.o)
 .ARM.attributes
                0x000007f7       0x1d C:/ST/STM32CubeIDE_1.18.1/STM32CubeIDE/plugins/com.st.stm32cube.ide.mcu.externaltools.gnu-tools-for-stm32.13.3.rel1.win32_1.0.0.202411081344/tools/bin/../lib/gcc/arm-none-eabi/13.3.1/thumb/v7-m/nofp\libgcc.a(_aeabi_ldivmod.o)
 .ARM.attributes
                0x00000814       0x2d C:/ST/STM32CubeIDE_1.18.1/STM32CubeIDE/plugins/com.st.stm32cube.ide.mcu.externaltools.gnu-tools-for-stm32.13.3.rel1.win32_1.0.0.202411081344/tools/bin/../lib/gcc/arm-none-eabi/13.3.1/thumb/v7-m/nofp\libgcc.a(_udivmoddi4.o)
 .ARM.attributes
                0x00000841       0x1d C:/ST/STM32CubeIDE_1.18.1/STM32CubeIDE/plugins/com.st.stm32cube.ide.mcu.externaltools.gnu-tools-for-stm32.13.3.rel1.win32_1.0.0.202411081344/tools/bin/../lib/gcc/arm-none-eabi/13.3.1/thumb/v7-m/nofp\libgcc.a(_dvmd_tls.o)
 .ARM.attributes
                0x0000085e       0x1d C:/ST/STM32CubeIDE_1.18.1/STM32CubeIDE/plugins/com.st.stm32cube.ide.mcu.externaltools.gnu-tools-for-stm32.13.3.rel1.win32_1.0.0.202411081344/tools/bin/../lib/gcc/arm-none-eabi/13.3.1/thumb/v7-m/nofp/crtn.o
OUTPUT(TP3_STM32_FreeRtos.elf elf32-littlearm)
LOAD linker stubs
LOAD C:/ST/STM32CubeIDE_1.18.1/STM32CubeIDE/plugins/com.st.stm32cube.ide.mcu.externaltools.gnu-tools-for-stm32.13.3.rel1.win32_1.0.0.202411081344/tools/bin/../lib/gcc/arm-none-eabi/13.3.1/../../../../arm-none-eabi/lib/thumb/v7-m/nofp\libc.a
LOAD C:/ST/STM32CubeIDE_1.18.1/STM32CubeIDE/plugins/com.st.stm32cube.ide.mcu.externaltools.gnu-tools-for-stm32.13.3.rel1.win32_1.0.0.202411081344/tools/bin/../lib/gcc/arm-none-eabi/13.3.1/../../../../arm-none-eabi/lib/thumb/v7-m/nofp\libm.a
LOAD C:/ST/STM32CubeIDE_1.18.1/STM32CubeIDE/plugins/com.st.stm32cube.ide.mcu.externaltools.gnu-tools-for-stm32.13.3.rel1.win32_1.0.0.202411081344/tools/bin/../lib/gcc/arm-none-eabi/13.3.1/thumb/v7-m/nofp\libgcc.a

.debug_info     0x00000000    0x19d53
 .debug_info    0x00000000      0x7fc ./Core/Src/adc.o
 .debug_info    0x000007fc      0x9d2 ./Core/Src/bmp280_spi.o
 .debug_info    0x000011ce      0x684 ./Core/Src/comunicacion.o
 .debug_info    0x00001852      0x2cf ./Core/Src/dma.o
 .debug_info    0x00001b21     0x1c2a ./Core/Src/freertos.o
 .debug_info    0x0000374b      0x2d3 ./Core/Src/gpio.o
 .debug_info    0x00003a1e      0xec7 ./Core/Src/main.o
 .debug_info    0x000048e5      0x7bc ./Core/Src/spi.o
 .debug_info    0x000050a1      0x361 ./Core/Src/stm32f1xx_hal_msp.o
 .debug_info    0x00005402      0x9a8 ./Core/Src/stm32f1xx_hal_timebase_tim.o
 .debug_info    0x00005daa      0x940 ./Core/Src/stm32f1xx_it.o
 .debug_info    0x000066ea      0x222 ./Core/Src/system_stm32f1xx.o
 .debug_info    0x0000690c      0xa7f ./Core/Src/tim.o
 .debug_info    0x0000738b      0x938 ./Core/Src/usart.o
 .debug_info    0x00007cc3       0x30 ./Core/Startup/startup_stm32f103c8tx.o
 .debug_info    0x00007cf3      0x704 ./Drivers/STM32F1xx_HAL_Driver/Src/stm32f1xx_hal.o
 .debug_info    0x000083f7      0xc50 ./Drivers/STM32F1xx_HAL_Driver/Src/stm32f1xx_hal_adc.o
 .debug_info    0x00009047      0xa87 ./Drivers/STM32F1xx_HAL_Driver/Src/stm32f1xx_hal_cortex.o
 .debug_info    0x00009ace      0x6d2 ./Drivers/STM32F1xx_HAL_Driver/Src/stm32f1xx_hal_dma.o
 .debug_info    0x0000a1a0      0x5ab ./Drivers/STM32F1xx_HAL_Driver/Src/stm32f1xx_hal_gpio.o
 .debug_info    0x0000a74b      0x7d5 ./Drivers/STM32F1xx_HAL_Driver/Src/stm32f1xx_hal_rcc.o
 .debug_info    0x0000af20      0x3c0 ./Drivers/STM32F1xx_HAL_Driver/Src/stm32f1xx_hal_rcc_ex.o
 .debug_info    0x0000b2e0     0x142d ./Drivers/STM32F1xx_HAL_Driver/Src/stm32f1xx_hal_spi.o
 .debug_info    0x0000c70d     0x2959 ./Drivers/STM32F1xx_HAL_Driver/Src/stm32f1xx_hal_tim.o
 .debug_info    0x0000f066     0x149b ./Drivers/STM32F1xx_HAL_Driver/Src/stm32f1xx_hal_tim_ex.o
 .debug_info    0x00010501     0x2eed ./Drivers/STM32F1xx_HAL_Driver/Src/stm32f1xx_hal_uart.o
 .debug_info    0x000133ee     0x21e2 ./Middlewares/Third_Party/FreeRTOS/Source/CMSIS_RTOS/cmsis_os.o
 .debug_info    0x000155d0      0x2af ./Middlewares/Third_Party/FreeRTOS/Source/list.o
 .debug_info    0x0001587f     0x17cd ./Middlewares/Third_Party/FreeRTOS/Source/queue.o
 .debug_info    0x0001704c     0x239e ./Middlewares/Third_Party/FreeRTOS/Source/tasks.o
 .debug_info    0x000193ea      0x494 ./Middlewares/Third_Party/FreeRTOS/Source/portable/GCC/ARM_CM3/port.o
 .debug_info    0x0001987e      0x4d5 ./Middlewares/Third_Party/FreeRTOS/Source/portable/MemMang/heap_4.o

.debug_abbrev   0x00000000     0x4457
 .debug_abbrev  0x00000000      0x1f2 ./Core/Src/adc.o
 .debug_abbrev  0x000001f2      0x220 ./Core/Src/bmp280_spi.o
 .debug_abbrev  0x00000412      0x1d7 ./Core/Src/comunicacion.o
 .debug_abbrev  0x000005e9       0xfc ./Core/Src/dma.o
 .debug_abbrev  0x000006e5      0x321 ./Core/Src/freertos.o
 .debug_abbrev  0x00000a06      0x13f ./Core/Src/gpio.o
 .debug_abbrev  0x00000b45      0x24d ./Core/Src/main.o
 .debug_abbrev  0x00000d92      0x1e7 ./Core/Src/spi.o
 .debug_abbrev  0x00000f79      0x11c ./Core/Src/stm32f1xx_hal_msp.o
 .debug_abbrev  0x00001095      0x1f3 ./Core/Src/stm32f1xx_hal_timebase_tim.o
 .debug_abbrev  0x00001288      0x188 ./Core/Src/stm32f1xx_it.o
 .debug_abbrev  0x00001410      0x13f ./Core/Src/system_stm32f1xx.o
 .debug_abbrev  0x0000154f      0x241 ./Core/Src/tim.o
 .debug_abbrev  0x00001790      0x205 ./Core/Src/usart.o
 .debug_abbrev  0x00001995       0x24 ./Core/Startup/startup_stm32f103c8tx.o
 .debug_abbrev  0x000019b9      0x201 ./Drivers/STM32F1xx_HAL_Driver/Src/stm32f1xx_hal.o
 .debug_abbrev  0x00001bba      0x225 ./Drivers/STM32F1xx_HAL_Driver/Src/stm32f1xx_hal_adc.o
 .debug_abbrev  0x00001ddf      0x2f8 ./Drivers/STM32F1xx_HAL_Driver/Src/stm32f1xx_hal_cortex.o
 .debug_abbrev  0x000020d7      0x20b ./Drivers/STM32F1xx_HAL_Driver/Src/stm32f1xx_hal_dma.o
 .debug_abbrev  0x000022e2      0x1ca ./Drivers/STM32F1xx_HAL_Driver/Src/stm32f1xx_hal_gpio.o
 .debug_abbrev  0x000024ac      0x2b3 ./Drivers/STM32F1xx_HAL_Driver/Src/stm32f1xx_hal_rcc.o
 .debug_abbrev  0x0000275f      0x188 ./Drivers/STM32F1xx_HAL_Driver/Src/stm32f1xx_hal_rcc_ex.o
 .debug_abbrev  0x000028e7      0x27a ./Drivers/STM32F1xx_HAL_Driver/Src/stm32f1xx_hal_spi.o
 .debug_abbrev  0x00002b61      0x277 ./Drivers/STM32F1xx_HAL_Driver/Src/stm32f1xx_hal_tim.o
 .debug_abbrev  0x00002dd8      0x282 ./Drivers/STM32F1xx_HAL_Driver/Src/stm32f1xx_hal_tim_ex.o
 .debug_abbrev  0x0000305a      0x2f8 ./Drivers/STM32F1xx_HAL_Driver/Src/stm32f1xx_hal_uart.o
 .debug_abbrev  0x00003352      0x416 ./Middlewares/Third_Party/FreeRTOS/Source/CMSIS_RTOS/cmsis_os.o
 .debug_abbrev  0x00003768       0xf5 ./Middlewares/Third_Party/FreeRTOS/Source/list.o
 .debug_abbrev  0x0000385d      0x3b5 ./Middlewares/Third_Party/FreeRTOS/Source/queue.o
 .debug_abbrev  0x00003c12      0x3d0 ./Middlewares/Third_Party/FreeRTOS/Source/tasks.o
 .debug_abbrev  0x00003fe2      0x258 ./Middlewares/Third_Party/FreeRTOS/Source/portable/GCC/ARM_CM3/port.o
 .debug_abbrev  0x0000423a      0x21d ./Middlewares/Third_Party/FreeRTOS/Source/portable/MemMang/heap_4.o

.debug_aranges  0x00000000     0x1638
 .debug_aranges
                0x00000000       0x30 ./Core/Src/adc.o
 .debug_aranges
                0x00000030       0x58 ./Core/Src/bmp280_spi.o
 .debug_aranges
                0x00000088       0x28 ./Core/Src/comunicacion.o
 .debug_aranges
                0x000000b0       0x20 ./Core/Src/dma.o
 .debug_aranges
                0x000000d0       0x50 ./Core/Src/freertos.o
 .debug_aranges
                0x00000120       0x20 ./Core/Src/gpio.o
 .debug_aranges
                0x00000140       0x38 ./Core/Src/main.o
 .debug_aranges
                0x00000178       0x30 ./Core/Src/spi.o
 .debug_aranges
                0x000001a8       0x20 ./Core/Src/stm32f1xx_hal_msp.o
 .debug_aranges
                0x000001c8       0x30 ./Core/Src/stm32f1xx_hal_timebase_tim.o
 .debug_aranges
                0x000001f8       0x60 ./Core/Src/stm32f1xx_it.o
 .debug_aranges
                0x00000258       0x28 ./Core/Src/system_stm32f1xx.o
 .debug_aranges
                0x00000280       0x40 ./Core/Src/tim.o
 .debug_aranges
                0x000002c0       0x30 ./Core/Src/usart.o
 .debug_aranges
                0x000002f0       0x28 ./Core/Startup/startup_stm32f103c8tx.o
 .debug_aranges
                0x00000318       0xe0 ./Drivers/STM32F1xx_HAL_Driver/Src/stm32f1xx_hal.o
 .debug_aranges
                0x000003f8       0xf0 ./Drivers/STM32F1xx_HAL_Driver/Src/stm32f1xx_hal_adc.o
 .debug_aranges
                0x000004e8      0x100 ./Drivers/STM32F1xx_HAL_Driver/Src/stm32f1xx_hal_cortex.o
 .debug_aranges
                0x000005e8       0x80 ./Drivers/STM32F1xx_HAL_Driver/Src/stm32f1xx_hal_dma.o
 .debug_aranges
                0x00000668       0x58 ./Drivers/STM32F1xx_HAL_Driver/Src/stm32f1xx_hal_gpio.o
 .debug_aranges
                0x000006c0       0x90 ./Drivers/STM32F1xx_HAL_Driver/Src/stm32f1xx_hal_rcc.o
 .debug_aranges
                0x00000750       0x30 ./Drivers/STM32F1xx_HAL_Driver/Src/stm32f1xx_hal_rcc_ex.o
 .debug_aranges
                0x00000780      0x1d0 ./Drivers/STM32F1xx_HAL_Driver/Src/stm32f1xx_hal_spi.o
 .debug_aranges
                0x00000950      0x3d0 ./Drivers/STM32F1xx_HAL_Driver/Src/stm32f1xx_hal_tim.o
 .debug_aranges
                0x00000d20      0x168 ./Drivers/STM32F1xx_HAL_Driver/Src/stm32f1xx_hal_tim_ex.o
 .debug_aranges
                0x00000e88      0x208 ./Drivers/STM32F1xx_HAL_Driver/Src/stm32f1xx_hal_uart.o
 .debug_aranges
                0x00001090      0x1d8 ./Middlewares/Third_Party/FreeRTOS/Source/CMSIS_RTOS/cmsis_os.o
 .debug_aranges
                0x00001268       0x40 ./Middlewares/Third_Party/FreeRTOS/Source/list.o
 .debug_aranges
                0x000012a8      0x108 ./Middlewares/Third_Party/FreeRTOS/Source/queue.o
 .debug_aranges
                0x000013b0      0x1b8 ./Middlewares/Third_Party/FreeRTOS/Source/tasks.o
 .debug_aranges
                0x00001568       0x78 ./Middlewares/Third_Party/FreeRTOS/Source/portable/GCC/ARM_CM3/port.o
 .debug_aranges
                0x000015e0       0x58 ./Middlewares/Third_Party/FreeRTOS/Source/portable/MemMang/heap_4.o

.debug_rnglists
                0x00000000     0x1126
 .debug_rnglists
                0x00000000       0x21 ./Core/Src/adc.o
 .debug_rnglists
                0x00000021       0x41 ./Core/Src/bmp280_spi.o
 .debug_rnglists
                0x00000062       0x19 ./Core/Src/comunicacion.o
 .debug_rnglists
                0x0000007b       0x13 ./Core/Src/dma.o
 .debug_rnglists
                0x0000008e       0x3b ./Core/Src/freertos.o
 .debug_rnglists
                0x000000c9       0x14 ./Core/Src/gpio.o
 .debug_rnglists
                0x000000dd       0x26 ./Core/Src/main.o
 .debug_rnglists
                0x00000103       0x20 ./Core/Src/spi.o
 .debug_rnglists
                0x00000123       0x13 ./Core/Src/stm32f1xx_hal_msp.o
 .debug_rnglists
                0x00000136       0x20 ./Core/Src/stm32f1xx_hal_timebase_tim.o
 .debug_rnglists
                0x00000156       0x43 ./Core/Src/stm32f1xx_it.o
 .debug_rnglists
                0x00000199       0x1a ./Core/Src/system_stm32f1xx.o
 .debug_rnglists
                0x000001b3       0x2d ./Core/Src/tim.o
 .debug_rnglists
                0x000001e0       0x20 ./Core/Src/usart.o
 .debug_rnglists
                0x00000200       0x19 ./Core/Startup/startup_stm32f103c8tx.o
 .debug_rnglists
                0x00000219       0xa3 ./Drivers/STM32F1xx_HAL_Driver/Src/stm32f1xx_hal.o
 .debug_rnglists
                0x000002bc       0xbc ./Drivers/STM32F1xx_HAL_Driver/Src/stm32f1xx_hal_adc.o
 .debug_rnglists
                0x00000378       0xbb ./Drivers/STM32F1xx_HAL_Driver/Src/stm32f1xx_hal_cortex.o
 .debug_rnglists
                0x00000433       0x64 ./Drivers/STM32F1xx_HAL_Driver/Src/stm32f1xx_hal_dma.o
 .debug_rnglists
                0x00000497       0x3f ./Drivers/STM32F1xx_HAL_Driver/Src/stm32f1xx_hal_gpio.o
 .debug_rnglists
                0x000004d6       0x6c ./Drivers/STM32F1xx_HAL_Driver/Src/stm32f1xx_hal_rcc.o
 .debug_rnglists
                0x00000542       0x21 ./Drivers/STM32F1xx_HAL_Driver/Src/stm32f1xx_hal_rcc_ex.o
 .debug_rnglists
                0x00000563      0x16e ./Drivers/STM32F1xx_HAL_Driver/Src/stm32f1xx_hal_spi.o
 .debug_rnglists
                0x000006d1      0x31a ./Drivers/STM32F1xx_HAL_Driver/Src/stm32f1xx_hal_tim.o
 .debug_rnglists
                0x000009eb      0x125 ./Drivers/STM32F1xx_HAL_Driver/Src/stm32f1xx_hal_tim_ex.o
 .debug_rnglists
                0x00000b10      0x1bc ./Drivers/STM32F1xx_HAL_Driver/Src/stm32f1xx_hal_uart.o
 .debug_rnglists
                0x00000ccc      0x16a ./Middlewares/Third_Party/FreeRTOS/Source/CMSIS_RTOS/cmsis_os.o
 .debug_rnglists
                0x00000e36       0x2b ./Middlewares/Third_Party/FreeRTOS/Source/list.o
 .debug_rnglists
                0x00000e61       0xcd ./Middlewares/Third_Party/FreeRTOS/Source/queue.o
 .debug_rnglists
                0x00000f2e      0x15f ./Middlewares/Third_Party/FreeRTOS/Source/tasks.o
 .debug_rnglists
                0x0000108d       0x57 ./Middlewares/Third_Party/FreeRTOS/Source/portable/GCC/ARM_CM3/port.o
 .debug_rnglists
                0x000010e4       0x42 ./Middlewares/Third_Party/FreeRTOS/Source/portable/MemMang/heap_4.o

.debug_macro    0x00000000    0x1bd40
 .debug_macro   0x00000000      0x1e3 ./Core/Src/adc.o
 .debug_macro   0x000001e3      0xacc ./Core/Src/adc.o
 .debug_macro   0x00000caf      0x22d ./Core/Src/adc.o
 .debug_macro   0x00000edc       0x2e ./Core/Src/adc.o
 .debug_macro   0x00000f0a       0x22 ./Core/Src/adc.o
 .debug_macro   0x00000f2c       0x22 ./Core/Src/adc.o
 .debug_macro   0x00000f4e       0x8e ./Core/Src/adc.o
 .debug_macro   0x00000fdc       0x51 ./Core/Src/adc.o
 .debug_macro   0x0000102d      0x103 ./Core/Src/adc.o
 .debug_macro   0x00001130       0x6a ./Core/Src/adc.o
 .debug_macro   0x0000119a      0x1df ./Core/Src/adc.o
 .debug_macro   0x00001379       0x1c ./Core/Src/adc.o
 .debug_macro   0x00001395       0x22 ./Core/Src/adc.o
 .debug_macro   0x000013b7       0xbd ./Core/Src/adc.o
 .debug_macro   0x00001474      0xd23 ./Core/Src/adc.o
 .debug_macro   0x00002197     0xe09e ./Core/Src/adc.o
 .debug_macro   0x00010235       0x6d ./Core/Src/adc.o
 .debug_macro   0x000102a2     0x34a2 ./Core/Src/adc.o
 .debug_macro   0x00013744      0x190 ./Core/Src/adc.o
 .debug_macro   0x000138d4       0x5c ./Core/Src/adc.o
 .debug_macro   0x00013930      0x5bc ./Core/Src/adc.o
 .debug_macro   0x00013eec      0x289 ./Core/Src/adc.o
 .debug_macro   0x00014175      0x1cb ./Core/Src/adc.o
 .debug_macro   0x00014340      0x114 ./Core/Src/adc.o
 .debug_macro   0x00014454      0x1b2 ./Core/Src/adc.o
 .debug_macro   0x00014606       0x27 ./Core/Src/adc.o
 .debug_macro   0x0001462d      0x136 ./Core/Src/adc.o
 .debug_macro   0x00014763      0x1bc ./Core/Src/adc.o
 .debug_macro   0x0001491f       0x34 ./Core/Src/adc.o
 .debug_macro   0x00014953       0x3c ./Core/Src/adc.o
 .debug_macro   0x0001498f       0x57 ./Core/Src/adc.o
 .debug_macro   0x000149e6      0x46a ./Core/Src/adc.o
 .debug_macro   0x00014e50      0x1b5 ./Core/Src/adc.o
 .debug_macro   0x00015005       0x87 ./Core/Src/adc.o
 .debug_macro   0x0001508c      0x240 ./Core/Src/adc.o
 .debug_macro   0x000152cc      0x140 ./Core/Src/adc.o
 .debug_macro   0x0001540c      0x217 ./Core/Src/adc.o
 .debug_macro   0x00015623      0x8ed ./Core/Src/adc.o
 .debug_macro   0x00015f10      0x28e ./Core/Src/adc.o
 .debug_macro   0x0001619e       0x83 ./Core/Src/adc.o
 .debug_macro   0x00016221       0x22 ./Core/Src/adc.o
 .debug_macro   0x00016243       0xa0 ./Core/Src/adc.o
 .debug_macro   0x000162e3      0x1ec ./Core/Src/bmp280_spi.o
 .debug_macro   0x000164cf       0x34 ./Core/Src/bmp280_spi.o
 .debug_macro   0x00016503      0x2be ./Core/Src/comunicacion.o
 .debug_macro   0x000167c1       0x16 ./Core/Src/comunicacion.o
 .debug_macro   0x000167d7       0x5b ./Core/Src/comunicacion.o
 .debug_macro   0x00016832       0x24 ./Core/Src/comunicacion.o
 .debug_macro   0x00016856       0x94 ./Core/Src/comunicacion.o
 .debug_macro   0x000168ea       0x43 ./Core/Src/comunicacion.o
 .debug_macro   0x0001692d       0x34 ./Core/Src/comunicacion.o
 .debug_macro   0x00016961       0x16 ./Core/Src/comunicacion.o
 .debug_macro   0x00016977       0x57 ./Core/Src/comunicacion.o
 .debug_macro   0x000169ce       0x9e ./Core/Src/comunicacion.o
 .debug_macro   0x00016a6c      0x370 ./Core/Src/comunicacion.o
 .debug_macro   0x00016ddc      0x112 ./Core/Src/comunicacion.o
 .debug_macro   0x00016eee       0x10 ./Core/Src/comunicacion.o
 .debug_macro   0x00016efe       0x16 ./Core/Src/comunicacion.o
 .debug_macro   0x00016f14       0x4a ./Core/Src/comunicacion.o
 .debug_macro   0x00016f5e       0x34 ./Core/Src/comunicacion.o
 .debug_macro   0x00016f92       0x10 ./Core/Src/comunicacion.o
 .debug_macro   0x00016fa2       0x58 ./Core/Src/comunicacion.o
 .debug_macro   0x00016ffa       0x8e ./Core/Src/comunicacion.o
 .debug_macro   0x00017088       0x1c ./Core/Src/comunicacion.o
 .debug_macro   0x000170a4      0x185 ./Core/Src/comunicacion.o
 .debug_macro   0x00017229       0x16 ./Core/Src/comunicacion.o
 .debug_macro   0x0001723f       0x16 ./Core/Src/comunicacion.o
 .debug_macro   0x00017255      0x146 ./Core/Src/comunicacion.o
 .debug_macro   0x0001739b       0x56 ./Core/Src/comunicacion.o
 .debug_macro   0x000173f1      0x1e3 ./Core/Src/dma.o
 .debug_macro   0x000175d4      0x3d4 ./Core/Src/freertos.o
 .debug_macro   0x000179a8       0xf1 ./Core/Src/freertos.o
 .debug_macro   0x00017a99      0x15a ./Core/Src/freertos.o
 .debug_macro   0x00017bf3       0xde ./Core/Src/freertos.o
 .debug_macro   0x00017cd1       0x1c ./Core/Src/freertos.o
 .debug_macro   0x00017ced       0x26 ./Core/Src/freertos.o
 .debug_macro   0x00017d13       0x61 ./Core/Src/freertos.o
 .debug_macro   0x00017d74       0x10 ./Core/Src/freertos.o
 .debug_macro   0x00017d84       0x3c ./Core/Src/freertos.o
 .debug_macro   0x00017dc0      0x4fe ./Core/Src/freertos.o
 .debug_macro   0x000182be       0xb5 ./Core/Src/freertos.o
 .debug_macro   0x00018373       0xaa ./Core/Src/freertos.o
 .debug_macro   0x0001841d       0x91 ./Core/Src/freertos.o
 .debug_macro   0x000184ae       0x8d ./Core/Src/freertos.o
 .debug_macro   0x0001853b       0x7e ./Core/Src/freertos.o
 .debug_macro   0x000185b9       0x19 ./Core/Src/freertos.o
 .debug_macro   0x000185d2       0xf2 ./Core/Src/freertos.o
 .debug_macro   0x000186c4       0x16 ./Core/Src/freertos.o
 .debug_macro   0x000186da       0x20 ./Core/Src/freertos.o
 .debug_macro   0x000186fa       0x1c ./Core/Src/freertos.o
 .debug_macro   0x00018716       0x1c ./Core/Src/freertos.o
 .debug_macro   0x00018732      0x1e3 ./Core/Src/gpio.o
 .debug_macro   0x00018915      0x3b9 ./Core/Src/main.o
 .debug_macro   0x00018cce       0xf1 ./Core/Src/main.o
 .debug_macro   0x00018dbf      0x1e3 ./Core/Src/spi.o
 .debug_macro   0x00018fa2      0x1d9 ./Core/Src/stm32f1xx_hal_msp.o
 .debug_macro   0x0001917b      0x1c1 ./Core/Src/stm32f1xx_hal_timebase_tim.o
 .debug_macro   0x0001933c      0x1e3 ./Core/Src/stm32f1xx_it.o
 .debug_macro   0x0001951f      0x1c1 ./Core/Src/system_stm32f1xx.o
 .debug_macro   0x000196e0      0x1e3 ./Core/Src/tim.o
 .debug_macro   0x000198c3      0x2c4 ./Core/Src/usart.o
 .debug_macro   0x00019b87      0x1e5 ./Drivers/STM32F1xx_HAL_Driver/Src/stm32f1xx_hal.o
 .debug_macro   0x00019d6c      0x1de ./Drivers/STM32F1xx_HAL_Driver/Src/stm32f1xx_hal_adc.o
 .debug_macro   0x00019f4a      0x1c1 ./Drivers/STM32F1xx_HAL_Driver/Src/stm32f1xx_hal_cortex.o
 .debug_macro   0x0001a10b      0x1c1 ./Drivers/STM32F1xx_HAL_Driver/Src/stm32f1xx_hal_dma.o
 .debug_macro   0x0001a2cc      0x22c ./Drivers/STM32F1xx_HAL_Driver/Src/stm32f1xx_hal_gpio.o
 .debug_macro   0x0001a4f8      0x1d3 ./Drivers/STM32F1xx_HAL_Driver/Src/stm32f1xx_hal_rcc.o
 .debug_macro   0x0001a6cb      0x1c1 ./Drivers/STM32F1xx_HAL_Driver/Src/stm32f1xx_hal_rcc_ex.o
 .debug_macro   0x0001a88c      0x1c9 ./Drivers/STM32F1xx_HAL_Driver/Src/stm32f1xx_hal_spi.o
 .debug_macro   0x0001aa55      0x1c2 ./Drivers/STM32F1xx_HAL_Driver/Src/stm32f1xx_hal_tim.o
 .debug_macro   0x0001ac17      0x1c1 ./Drivers/STM32F1xx_HAL_Driver/Src/stm32f1xx_hal_tim_ex.o
 .debug_macro   0x0001add8      0x1c2 ./Drivers/STM32F1xx_HAL_Driver/Src/stm32f1xx_hal_uart.o
 .debug_macro   0x0001af9a      0x210 ./Middlewares/Third_Party/FreeRTOS/Source/CMSIS_RTOS/cmsis_os.o
 .debug_macro   0x0001b1aa       0x10 ./Middlewares/Third_Party/FreeRTOS/Source/CMSIS_RTOS/cmsis_os.o
 .debug_macro   0x0001b1ba       0x16 ./Middlewares/Third_Party/FreeRTOS/Source/CMSIS_RTOS/cmsis_os.o
 .debug_macro   0x0001b1d0       0xab ./Middlewares/Third_Party/FreeRTOS/Source/CMSIS_RTOS/cmsis_os.o
 .debug_macro   0x0001b27b      0x199 ./Middlewares/Third_Party/FreeRTOS/Source/list.o