Archive member included to satisfy reference by file (symbol)

C:/ST/STM32CubeIDE_1.18.1/STM32CubeIDE/plugins/com.st.stm32cube.ide.mcu.externaltools.gnu-tools-for-stm32.13.3.rel1.win32_1.0.0.202411081344/tools/bin/../lib/gcc/arm-none-eabi/13.3.1/../../../../arm-none-eabi/lib/thumb/v7-m/nofp\libc_nano.a(libc_a-exit.o)
                              C:/ST/STM32CubeIDE_1.18.1/STM32CubeIDE/plugins/com.st.stm32cube.ide.mcu.externaltools.gnu-tools-for-stm32.13.3.rel1.win32_1.0.0.202411081344/tools/bin/../lib/gcc/arm-none-eabi/13.3.1/../../../../arm-none-eabi/lib/thumb/v7-m/nofp/crt0.o (exit)
C:/ST/STM32CubeIDE_1.18.1/STM32CubeIDE/plugins/com.st.stm32cube.ide.mcu.externaltools.gnu-tools-for-stm32.13.3.rel1.win32_1.0.0.202411081344/tools/bin/../lib/gcc/arm-none-eabi/13.3.1/../../../../arm-none-eabi/lib/thumb/v7-m/nofp\libc_nano.a(libc_a-findfp.o)
                              ./Middlewares/Third_Party/FreeRTOS/Source/tasks.o (__sf)
C:/ST/STM32CubeIDE_1.18.1/STM32CubeIDE/plugins/com.st.stm32cube.ide.mcu.externaltools.gnu-tools-for-stm32.13.3.rel1.win32_1.0.0.202411081344/tools/bin/../lib/gcc/arm-none-eabi/13.3.1/../../../../arm-none-eabi/lib/thumb/v7-m/nofp\libc_nano.a(libc_a-fwalk.o)
                              C:/ST/STM32CubeIDE_1.18.1/STM32CubeIDE/plugins/com.st.stm32cube.ide.mcu.externaltools.gnu-tools-for-stm32.13.3.rel1.win32_1.0.0.202411081344/tools/bin/../lib/gcc/arm-none-eabi/13.3.1/../../../../arm-none-eabi/lib/thumb/v7-m/nofp\libc_nano.a(libc_a-findfp.o) (_fwalk_sglue)
C:/ST/STM32CubeIDE_1.18.1/STM32CubeIDE/plugins/com.st.stm32cube.ide.mcu.externaltools.gnu-tools-for-stm32.13.3.rel1.win32_1.0.0.202411081344/tools/bin/../lib/gcc/arm-none-eabi/13.3.1/../../../../arm-none-eabi/lib/thumb/v7-m/nofp\libc_nano.a(libc_a-stdio.o)
                              C:/ST/STM32CubeIDE_1.18.1/STM32CubeIDE/plugins/com.st.stm32cube.ide.mcu.externaltools.gnu-tools-for-stm32.13.3.rel1.win32_1.0.0.202411081344/tools/bin/../lib/gcc/arm-none-eabi/13.3.1/../../../../arm-none-eabi/lib/thumb/v7-m/nofp\libc_nano.a(libc_a-findfp.o) (__sread)
C:/ST/STM32CubeIDE_1.18.1/STM32CubeIDE/plugins/com.st.stm32cube.ide.mcu.externaltools.gnu-tools-for-stm32.13.3.rel1.win32_1.0.0.202411081344/tools/bin/../lib/gcc/arm-none-eabi/13.3.1/../../../../arm-none-eabi/lib/thumb/v7-m/nofp\libc_nano.a(libc_a-memset.o)
                              C:/ST/STM32CubeIDE_1.18.1/STM32CubeIDE/plugins/com.st.stm32cube.ide.mcu.externaltools.gnu-tools-for-stm32.13.3.rel1.win32_1.0.0.202411081344/tools/bin/../lib/gcc/arm-none-eabi/13.3.1/../../../../arm-none-eabi/lib/thumb/v7-m/nofp/crt0.o (memset)
C:/ST/STM32CubeIDE_1.18.1/STM32CubeIDE/plugins/com.st.stm32cube.ide.mcu.externaltools.gnu-tools-for-stm32.13.3.rel1.win32_1.0.0.202411081344/tools/bin/../lib/gcc/arm-none-eabi/13.3.1/../../../../arm-none-eabi/lib/thumb/v7-m/nofp\libc_nano.a(libc_a-closer.o)
                              C:/ST/STM32CubeIDE_1.18.1/STM32CubeIDE/plugins/com.st.stm32cube.ide.mcu.externaltools.gnu-tools-for-stm32.13.3.rel1.win32_1.0.0.202411081344/tools/bin/../lib/gcc/arm-none-eabi/13.3.1/../../../../arm-none-eabi/lib/thumb/v7-m/nofp\libc_nano.a(libc_a-stdio.o) (_close_r)
C:/ST/STM32CubeIDE_1.18.1/STM32CubeIDE/plugins/com.st.stm32cube.ide.mcu.externaltools.gnu-tools-for-stm32.13.3.rel1.win32_1.0.0.202411081344/tools/bin/../lib/gcc/arm-none-eabi/13.3.1/../../../../arm-none-eabi/lib/thumb/v7-m/nofp\libc_nano.a(libc_a-reent.o)
                              ./Middlewares/Third_Party/FreeRTOS/Source/tasks.o (_reclaim_reent)
C:/ST/STM32CubeIDE_1.18.1/STM32CubeIDE/plugins/com.st.stm32cube.ide.mcu.externaltools.gnu-tools-for-stm32.13.3.rel1.win32_1.0.0.202411081344/tools/bin/../lib/gcc/arm-none-eabi/13.3.1/../../../../arm-none-eabi/lib/thumb/v7-m/nofp\libc_nano.a(libc_a-impure.o)
                              ./Middlewares/Third_Party/FreeRTOS/Source/tasks.o (_impure_ptr)
C:/ST/STM32CubeIDE_1.18.1/STM32CubeIDE/plugins/com.st.stm32cube.ide.mcu.externaltools.gnu-tools-for-stm32.13.3.rel1.win32_1.0.0.202411081344/tools/bin/../lib/gcc/arm-none-eabi/13.3.1/../../../../arm-none-eabi/lib/thumb/v7-m/nofp\libc_nano.a(libc_a-lseekr.o)
                              C:/ST/STM32CubeIDE_1.18.1/STM32CubeIDE/plugins/com.st.stm32cube.ide.mcu.externaltools.gnu-tools-for-stm32.13.3.rel1.win32_1.0.0.202411081344/tools/bin/../lib/gcc/arm-none-eabi/13.3.1/../../../../arm-none-eabi/lib/thumb/v7-m/nofp\libc_nano.a(libc_a-stdio.o) (_lseek_r)
C:/ST/STM32CubeIDE_1.18.1/STM32CubeIDE/plugins/com.st.stm32cube.ide.mcu.externaltools.gnu-tools-for-stm32.13.3.rel1.win32_1.0.0.202411081344/tools/bin/../lib/gcc/arm-none-eabi/13.3.1/../../../../arm-none-eabi/lib/thumb/v7-m/nofp\libc_nano.a(libc_a-readr.o)
                              C:/ST/STM32CubeIDE_1.18.1/STM32CubeIDE/plugins/com.st.stm32cube.ide.mcu.externaltools.gnu-tools-for-stm32.13.3.rel1.win32_1.0.0.202411081344/tools/bin/../lib/gcc/arm-none-eabi/13.3.1/../../../../arm-none-eabi/lib/thumb/v7-m/nofp\libc_nano.a(libc_a-stdio.o) (_read_r)
[...]
Memory Configuration

Name             Origin             Length             Attributes
RAM              0x20000000         0x00005000         xrw
FLASH            0x08000000         0x00010000         xr
*default*        0x00000000         0xffffffff

Linker script and memory map

LOAD C:/ST/STM32CubeIDE_1.18.1/STM32CubeIDE/plugins/com.st.stm32cube.ide.mcu.externaltools.gnu-tools-for-stm32.13.3.rel1.win32_1.0.0.202411081344/tools/bin/../lib/gcc/arm-none-eabi/13.3.1/thumb/v7-m/nofp/crti.o
LOAD C:/ST/STM32CubeIDE_1.18.1/STM32CubeIDE/plugins/com.st.stm32cube.ide.mcu.externaltools.gnu-tools-for-stm32.13.3.rel1.win32_1.0.0.202411081344/tools/bin/../lib/gcc/arm-none-eabi/13.3.1/thumb/v7-m/nofp/crtbegin.o
LOAD C:/ST/STM32CubeIDE_1.18.1/STM32CubeIDE/plugins/com.st.stm32cube.ide.mcu.externaltools.gnu-tools-for-stm32.13.3.rel1.win32_1.0.0.202411081344/tools/bin/../lib/gcc/arm-none-eabi/13.3.1/../../../../arm-none-eabi/lib/thumb/v7-m/nofp/crt0.o
LOAD ./Core/Src/adc.o
LOAD ./Core/Src/comunicacion.o
LOAD ./Core/Src/freertos.o
LOAD ./Core/Src/gpio.o
LOAD ./Core/Src/main.o
LOAD ./Core/Src/stm32f1xx_hal_msp.o
LOAD ./Core/Src/stm32f1xx_hal_timebase_tim.o
LOAD ./Core/Src/stm32f1xx_it.o
LOAD ./Core/Src/syscalls.o
LOAD ./Core/Src/sysmem.o
LOAD ./Core/Src/system_stm32f1xx.o
LOAD ./Core/Src/tim.o
LOAD ./Core/Src/usart.o
LOAD ./Core/Startup/startup_stm32f103c8tx.o
LOAD ./Drivers/STM32F1xx_HAL_Driver/Src/stm32f1xx_hal.o
LOAD ./Drivers/STM32F1xx_HAL_Driver/Src/stm32f1xx_hal_adc.o
LOAD ./Drivers/STM32F1xx_HAL_Driver/Src/stm32f1xx_hal_adc_ex.o
LOAD ./Drivers/STM32F1xx_HAL_Driver/Src/stm32f1xx_hal_cortex.o
LOAD ./Drivers/STM32F1xx_HAL_Driver/Src/stm32f1xx_hal_dma.o
LOAD ./Drivers/STM32F1xx_HAL_Driver/Src/stm32f1xx_hal_exti.o
LOAD ./Drivers/STM32F1xx_HAL_Driver/Src/stm32f1xx_hal_flash.o
LOAD ./Drivers/STM32F1xx_HAL_Driver/Src/stm32f1xx_hal_flash_ex.o
LOAD ./Drivers/STM32F1xx_HAL_Driver/Src/stm32f1xx_hal_gpio.o
LOAD ./Drivers/STM32F1xx_HAL_Driver/Src/stm32f1xx_hal_gpio_ex.o
LOAD ./Drivers/STM32F1xx_HAL_Driver/Src/stm32f1xx_hal_pwr.o
LOAD ./Drivers/STM32F1xx_HAL_Driver/Src/stm32f1xx_hal_rcc.o
LOAD ./Drivers/STM32F1xx_HAL_Driver/Src/stm32f1xx_hal_rcc_ex.o
LOAD ./Drivers/STM32F1xx_HAL_Driver/Src/stm32f1xx_hal_tim.o
LOAD ./Drivers/STM32F1xx_HAL_Driver/Src/stm32f1xx_hal_tim_ex.o
LOAD ./Drivers/STM32F1xx_HAL_Driver/Src/stm32f1xx_hal_uart.o
LOAD ./Middlewares/Third_Party/FreeRTOS/Source/CMSIS_RTOS/cmsis_os.o
LOAD ./Middlewares/Third_Party/FreeRTOS/Source/croutine.o
LOAD ./Middlewares/Third_Party/FreeRTOS/Source/event_groups.o
LOAD ./Middlewares/Third_Party/FreeRTOS/Source/list.o
LOAD ./Middlewares/Third_Party/FreeRTOS/Source/queue.o
LOAD ./Middlewares/Third_Party/FreeRTOS/Source/stream_buffer.o
LOAD ./Middlewares/Third_Party/FreeRTOS/Source/tasks.o
LOAD ./Middlewares/Third_Party/FreeRTOS/Source/timers.o
LOAD ./Middlewares/Third_Party/FreeRTOS/Source/portable/GCC/ARM_CM3/port.o
LOAD ./Middlewares/Third_Party/FreeRTOS/Source/portable/MemMang/heap_4.o
START GROUP
LOAD C:/ST/STM32CubeIDE_1.18.1/STM32CubeIDE/plugins/com.st.stm32cube.ide.mcu.externaltools.gnu-tools-for-stm32.13.3.rel1.win32_1.0.0.202411081344/tools/bin/../lib/gcc/arm-none-eabi/13.3.1/../../../../arm-none-eabi/lib/thumb/v7-m/nofp\libc_nano.a
LOAD C:/ST/STM32CubeIDE_1.18.1/STM32CubeIDE/plugins/com.st.stm32cube.ide.mcu.externaltools.gnu-tools-for-stm32.13.3.rel1.win32_1.0.0.202411081344/tools/bin/../lib/gcc/arm-none-eabi/13.3.1/../../../../arm-none-eabi/lib/thumb/v7-m/nofp\libm.a
END GROUP
START GROUP
LOAD C:/ST/STM32CubeIDE_1.18.1/STM32CubeIDE/plugins/com.st.stm32cube.ide.mcu.externaltools.gnu-tools-for-stm32.13.3.rel1.win32_1.0.0.202411081344/tools/bin/../lib/gcc/arm-none-eabi/13.3.1/thumb/v7-m/nofp\libgcc.a
LOAD C:/ST/STM32CubeIDE_1.18.1/STM32CubeIDE/plugins/com.st.stm32cube.ide.mcu.externaltools.gnu-tools-for-stm32.13.3.rel1.win32_1.0.0.202411081344/tools/bin/../lib/gcc/arm-none-eabi/13.3.1/../../../../arm-none-eabi/lib/thumb/v7-m/nofp\libc_nano.a
END GROUP
START GROUP
LOAD C:/ST/STM32CubeIDE_1.18.1/STM32CubeIDE/plugins/com.st.stm32cube.ide.mcu.externaltools.gnu-tools-for-stm32.13.3.rel1.win32_1.0.0.202411081344/tools/bin/../lib/gcc/arm-none-eabi/13.3.1/thumb/v7-m/nofp\libgcc.a
LOAD C:/ST/STM32CubeIDE_1.18.1/STM32CubeIDE/plugins/com.st.stm32cube.ide.mcu.externaltools.gnu-tools-for-stm32.13.3.rel1.win32_1.0.0.202411081344/tools/bin/../lib/gcc/arm-none-eabi/13.3.1/../../../../arm-none-eabi/lib/thumb/v7-m/nofp\libc_nano.a
LOAD C:/ST/STM32CubeIDE_1.18.1/STM32CubeIDE/plugins/com.st.stm32cube.ide.mcu.externaltools.gnu-tools-for-stm32.13.3.rel1.win32_1.0.0.202411081344/tools/bin/../lib/gcc/arm-none-eabi/13.3.1/../../../../arm-none-eabi/lib/thumb/v7-m/nofp\libnosys.a
END GROUP
START GROUP
LOAD C:/ST/STM32CubeIDE_1.18.1/STM32CubeIDE/plugins/com.st.stm32cube.ide.mcu.externaltools.gnu-tools-for-stm32.13.3.rel1.win32_1.0.0.202411081344/tools/bin/../lib/gcc/arm-none-eabi/13.3.1/thumb/v7-m/nofp\libgcc.a
LOAD C:/ST/STM32CubeIDE_1.18.1/STM32CubeIDE/plugins/com.st.stm32cube.ide.mcu.externaltools.gnu-tools-for-stm32.13.3.rel1.win32_1.0.0.202411081344/tools/bin/../lib/gcc/arm-none-eabi/13.3.1/../../../../arm-none-eabi/lib/thumb/v7-m/nofp\libc_nano.a
LOAD C:/ST/STM32CubeIDE_1.18.1/STM32CubeIDE/plugins/com.st.stm32cube.ide.mcu.externaltools.gnu-tools-for-stm32.13.3.rel1.win32_1.0.0.202411081344/tools/bin/../lib/gcc/arm-none-eabi/13.3.1/../../../../arm-none-eabi/lib/thumb/v7-m/nofp\libnosys.a
END GROUP
LOAD C:/ST/STM32CubeIDE_1.18.1/STM32CubeIDE/plugins/com.st.stm32cube.ide.mcu.externaltools.gnu-tools-for-stm32.13.3.rel1.win32_1.0.0.202411081344/tools/bin/../lib/gcc/arm-none-eabi/13.3.1/thumb/v7-m/nofp/crtend.o
LOAD C:/ST/STM32CubeIDE_1.18.1/STM32CubeIDE/plugins/com.st.stm32cube.ide.mcu.externaltools.gnu-tools-for-stm32.13.3.rel1.win32_1.0.0.202411081344/tools/bin/../lib/gcc/arm-none-eabi/13.3.1/thumb/v7-m/nofp/crtn.o
                0x20005000                        _estack = (ORIGIN (RAM) + LENGTH (RAM))
                0x00000200                        _Min_Heap_Size = 0x200
                0x00000400                        _Min_Stack_Size = 0x400

.isr_vector     0x08000000      0x10c
                0x08000000                        . = ALIGN (0x4)
 *(.isr_vector)
 .isr_vector    0x08000000      0x10c ./Core/Startup/startup_stm32f103c8tx.o
                0x08000000                g_pfnVectors
                0x0800010c                        . = ALIGN (0x4)

.text           0x08000110     0x6dec
                0x08000110                        . = ALIGN (0x4)
 *(.text)
 .text          0x08000110       0x40 C:/ST/STM32CubeIDE_1.18.1/STM32CubeIDE/plugins/com.st.stm32cube.ide.mcu.externaltools.gnu-tools-for-stm32.13.3.rel1.win32_1.0.0.202411081344/tools/bin/../lib/gcc/arm-none-eabi/13.3.1/thumb/v7-m/nofp/crtbegin.o
 *(.text*)
 .text.MX_ADC1_Init
                0x08000150       0xb8 ./Core/Src/adc.o
                0x08000150                MX_ADC1_Init
 .text.HAL_ADC_MspInit
                0x08000208       0x78 ./Core/Src/adc.o
                0x08000208                HAL_ADC_MspInit
 .text.HAL_UART_RxCpltCallback
                0x08000280       0x5c ./Core/Src/comunicacion.o
                0x08000280                HAL_UART_RxCpltCallback
 .text.calcular_crc
                0x080002dc       0x72 ./Core/Src/comunicacion.o
                0x080002dc                calcular_crc
 *fill*         0x0800034e        0x2 
 .text.vApplicationGetIdleTaskMemory
                0x08000350       0x30 ./Core/Src/freertos.o
                0x08000350                vApplicationGetIdleTaskMemory
 .text.MX_FREERTOS_Init
                0x08000380       0xf4 ./Core/Src/freertos.o
                0x08000380                MX_FREERTOS_Init
 .text.StartDefaultTask
                0x08000474       0x10 ./Core/Src/freertos.o
                0x08000474                StartDefaultTask
 .text.StartUart_TTL_Task
                0x08000484      0x174 ./Core/Src/freertos.o
                0x08000484                StartUart_TTL_Task
 .text.StartReadInputsTask
                0x080005f8       0xb0 ./Core/Src/freertos.o
                0x080005f8                StartReadInputsTask
 .text.StartLeerADC
                0x080006a8       0xb8 ./Core/Src/freertos.o
                0x080006a8                StartLeerADC
 .text.MX_GPIO_Init
                0x08000760       0xf4 ./Core/Src/gpio.o
                0x08000760                MX_GPIO_Init
 .text.main     0x08000854       0x5c ./Core/Src/main.o
                0x08000854                main
 .text.SystemClock_Config
                0x080008b0       0xb6 ./Core/Src/main.o
                0x080008b0                SystemClock_Config
 *fill*         0x08000966        0x2 
 .text.HAL_TIM_PeriodElapsedCallback
                0x08000968       0x24 ./Core/Src/main.o
                0x08000968                HAL_TIM_PeriodElapsedCallback
 .text.Error_Handler
                0x0800098c        0xc ./Core/Src/main.o
                0x0800098c                Error_Handler
 .text.HAL_MspInit
                0x08000998       0x70 ./Core/Src/stm32f1xx_hal_msp.o
                0x08000998                HAL_MspInit
 .text.HAL_InitTick
                0x08000a08       0xfc ./Core/Src/stm32f1xx_hal_timebase_tim.o
                0x08000a08                HAL_InitTick
 .text.NMI_Handler
                0x08000b04        0x8 ./Core/Src/stm32f1xx_it.o
                0x08000b04                NMI_Handler
 .text.HardFault_Handler
                0x08000b0c        0x8 ./Core/Src/stm32f1xx_it.o
                0x08000b0c                HardFault_Handler
 .text.MemManage_Handler
                0x08000b14        0x8 ./Core/Src/stm32f1xx_it.o
                0x08000b14                MemManage_Handler
 .text.BusFault_Handler
                0x08000b1c        0x8 ./Core/Src/stm32f1xx_it.o
                0x08000b1c                BusFault_Handler
 .text.UsageFault_Handler
                0x08000b24        0x8 ./Core/Src/stm32f1xx_it.o
                0x08000b24                UsageFault_Handler
 .text.DebugMon_Handler
                0x08000b2c        0xc ./Core/Src/stm32f1xx_it.o
                0x08000b2c                DebugMon_Handler
 .text.TIM4_IRQHandler
                0x08000b38       0x14 ./Core/Src/stm32f1xx_it.o
                0x08000b38                TIM4_IRQHandler
 .text.USART1_IRQHandler
                0x08000b4c       0x14 ./Core/Src/stm32f1xx_it.o
                0x08000b4c                USART1_IRQHandler
 .text.SystemInit
                0x08000b60        0xc ./Core/Src/system_stm32f1xx.o
                0x08000b60                SystemInit
 .text.MX_TIM2_Init
                0x08000b6c       0x98 ./Core/Src/tim.o
                0x08000b6c                MX_TIM2_Init
 .text.MX_TIM3_Init
                0x08000c04      0x104 ./Core/Src/tim.o
                0x08000c04                MX_TIM3_Init
 .text.HAL_TIM_Base_MspInit
                0x08000d08       0x60 ./Core/Src/tim.o
                0x08000d08                HAL_TIM_Base_MspInit
 .text.HAL_TIM_MspPostInit
                0x08000d68       0x64 ./Core/Src/tim.o
                0x08000d68                HAL_TIM_MspPostInit
 .text.MX_USART1_UART_Init
                0x08000dcc       0x54 ./Core/Src/usart.o
                0x08000dcc                MX_USART1_UART_Init
 .text.HAL_UART_MspInit
                0x08000e20       0xa8 ./Core/Src/usart.o
                0x08000e20                HAL_UART_MspInit
 .text.Reset_Handler
                0x08000ec8       0x48 ./Core/Startup/startup_stm32f103c8tx.o
                0x08000ec8                Reset_Handler
 .text.Default_Handler
                0x08000f10        0x2 ./Core/Startup/startup_stm32f103c8tx.o
                0x08000f10                RTC_Alarm_IRQHandler
                0x08000f10                EXTI2_IRQHandler
                0x08000f10                TIM1_CC_IRQHandler
                0x08000f10                PVD_IRQHandler
                0x08000f10                EXTI3_IRQHandler
                0x08000f10                EXTI0_IRQHandler
                0x08000f10                I2C2_EV_IRQHandler
                0x08000f10                ADC1_2_IRQHandler
                0x08000f10                SPI1_IRQHandler
                0x08000f10                TAMPER_IRQHandler
                0x08000f10                DMA1_Channel4_IRQHandler
                0x08000f10                USART3_IRQHandler
                0x08000f10                RTC_IRQHandler
                0x08000f10                DMA1_Channel7_IRQHandler
                0x08000f10                CAN1_RX1_IRQHandler
                0x08000f10                I2C1_EV_IRQHandler
                0x08000f10                DMA1_Channel6_IRQHandler
                0x08000f10                TIM3_IRQHandler
                0x08000f10                RCC_IRQHandler
                0x08000f10                TIM1_TRG_COM_IRQHandler
                0x08000f10                DMA1_Channel1_IRQHandler
                0x08000f10                Default_Handler
                0x08000f10                EXTI15_10_IRQHandler
                0x08000f10                EXTI9_5_IRQHandler
                0x08000f10                SPI2_IRQHandler
                0x08000f10                DMA1_Channel5_IRQHandler
                0x08000f10                EXTI4_IRQHandler
                0x08000f10                USB_LP_CAN1_RX0_IRQHandler
                0x08000f10                USB_HP_CAN1_TX_IRQHandler
                0x08000f10                DMA1_Channel3_IRQHandler
                0x08000f10                TIM1_UP_IRQHandler
                0x08000f10                WWDG_IRQHandler
                0x08000f10                TIM2_IRQHandler
                0x08000f10                TIM1_BRK_IRQHandler
                0x08000f10                EXTI1_IRQHandler
                0x08000f10                USART2_IRQHandler
                0x08000f10                I2C2_ER_IRQHandler
                0x08000f10                DMA1_Channel2_IRQHandler
                0x08000f10                CAN1_SCE_IRQHandler
                0x08000f10                FLASH_IRQHandler
                0x08000f10                I2C1_ER_IRQHandler
                0x08000f10                USBWakeUp_IRQHandler
 *fill*         0x08000f12        0x2 
 .text.HAL_Init
                0x08000f14       0x2c ./Drivers/STM32F1xx_HAL_Driver/Src/stm32f1xx_hal.o
                0x08000f14                HAL_Init
 .text.HAL_IncTick
                0x08000f40       0x24 ./Drivers/STM32F1xx_HAL_Driver/Src/stm32f1xx_hal.o
                0x08000f40                HAL_IncTick
 .text.HAL_GetTick
                0x08000f64       0x14 ./Drivers/STM32F1xx_HAL_Driver/Src/stm32f1xx_hal.o
                0x08000f64                HAL_GetTick
 .text.HAL_ADC_Init
                0x08000f78      0x1b0 ./Drivers/STM32F1xx_HAL_Driver/Src/stm32f1xx_hal_adc.o
                0x08000f78                HAL_ADC_Init
 .text.HAL_ADC_Start
                0x08001128      0x15c ./Drivers/STM32F1xx_HAL_Driver/Src/stm32f1xx_hal_adc.o
                0x08001128                HAL_ADC_Start
 .text.HAL_ADC_PollForConversion
                0x08001284      0x20c ./Drivers/STM32F1xx_HAL_Driver/Src/stm32f1xx_hal_adc.o
                0x08001284                HAL_ADC_PollForConversion
 .text.HAL_ADC_GetValue
                0x08001490       0x18 ./Drivers/STM32F1xx_HAL_Driver/Src/stm32f1xx_hal_adc.o
                0x08001490                HAL_ADC_GetValue
 .text.HAL_ADC_ConfigChannel
                0x080014a8      0x1f0 ./Drivers/STM32F1xx_HAL_Driver/Src/stm32f1xx_hal_adc.o
                0x080014a8                HAL_ADC_ConfigChannel
 .text.ADC_Enable
                0x08001698       0xb4 ./Drivers/STM32F1xx_HAL_Driver/Src/stm32f1xx_hal_adc.o
                0x08001698                ADC_Enable
 .text.ADC_ConversionStop_Disable
                0x0800174c       0x82 ./Drivers/STM32F1xx_HAL_Driver/Src/stm32f1xx_hal_adc.o
                0x0800174c                ADC_ConversionStop_Disable
 *fill*         0x080017ce        0x2 
 .text.__NVIC_SetPriorityGrouping
                0x080017d0       0x48 ./Drivers/STM32F1xx_HAL_Driver/Src/stm32f1xx_hal_cortex.o
 .text.__NVIC_GetPriorityGrouping
                0x08001818       0x1c ./Drivers/STM32F1xx_HAL_Driver/Src/stm32f1xx_hal_cortex.o
 .text.__NVIC_EnableIRQ
                0x08001834       0x38 ./Drivers/STM32F1xx_HAL_Driver/Src/stm32f1xx_hal_cortex.o
 .text.__NVIC_SetPriority
                0x0800186c       0x54 ./Drivers/STM32F1xx_HAL_Driver/Src/stm32f1xx_hal_cortex.o
 .text.NVIC_EncodePriority
                0x080018c0       0x64 ./Drivers/STM32F1xx_HAL_Driver/Src/stm32f1xx_hal_cortex.o
 .text.HAL_NVIC_SetPriorityGrouping
                0x08001924       0x16 ./Drivers/STM32F1xx_HAL_Driver/Src/stm32f1xx_hal_cortex.o
                0x08001924                HAL_NVIC_SetPriorityGrouping
 .text.HAL_NVIC_SetPriority
                0x0800193a       0x38 ./Drivers/STM32F1xx_HAL_Driver/Src/stm32f1xx_hal_cortex.o
                0x0800193a                HAL_NVIC_SetPriority
 .text.HAL_NVIC_EnableIRQ
                0x08001972       0x1c ./Drivers/STM32F1xx_HAL_Driver/Src/stm32f1xx_hal_cortex.o
                0x08001972                HAL_NVIC_EnableIRQ
 .text.HAL_DMA_Abort
                0x0800198e       0x76 ./Drivers/STM32F1xx_HAL_Driver/Src/stm32f1xx_hal_dma.o
                0x0800198e                HAL_DMA_Abort
 .text.HAL_DMA_Abort_IT
                0x08001a04       0xf0 ./Drivers/STM32F1xx_HAL_Driver/Src/stm32f1xx_hal_dma.o
                0x08001a04                HAL_DMA_Abort_IT
 .text.HAL_GPIO_Init
                0x08001af4      0x308 ./Drivers/STM32F1xx_HAL_Driver/Src/stm32f1xx_hal_gpio.o
                0x08001af4                HAL_GPIO_Init
 .text.HAL_GPIO_ReadPin
                0x08001dfc       0x2e ./Drivers/STM32F1xx_HAL_Driver/Src/stm32f1xx_hal_gpio.o
                0x08001dfc                HAL_GPIO_ReadPin
 .text.HAL_GPIO_WritePin
                0x08001e2a       0x30 ./Drivers/STM32F1xx_HAL_Driver/Src/stm32f1xx_hal_gpio.o
                0x08001e2a                HAL_GPIO_WritePin
 .text.HAL_GPIO_TogglePin
                0x08001e5a       0x32 ./Drivers/STM32F1xx_HAL_Driver/Src/stm32f1xx_hal_gpio.o
                0x08001e5a                HAL_GPIO_TogglePin
 .text.HAL_RCC_OscConfig
                0x08001e8c      0x504 ./Drivers/STM32F1xx_HAL_Driver/Src/stm32f1xx_hal_rcc.o
                0x08001e8c                HAL_RCC_OscConfig
 .text.HAL_RCC_ClockConfig
                0x08002390      0x1d4 ./Drivers/STM32F1xx_HAL_Driver/Src/stm32f1xx_hal_rcc.o
                0x08002390                HAL_RCC_ClockConfig
 .text.HAL_RCC_GetSysClockFreq
                0x08002564       0xa8 ./Drivers/STM32F1xx_HAL_Driver/Src/stm32f1xx_hal_rcc.o
                0x08002564                HAL_RCC_GetSysClockFreq
 .text.HAL_RCC_GetHCLKFreq
                0x0800260c       0x14 ./Drivers/STM32F1xx_HAL_Driver/Src/stm32f1xx_hal_rcc.o
                0x0800260c                HAL_RCC_GetHCLKFreq
 .text.HAL_RCC_GetPCLK1Freq
                0x08002620       0x28 ./Drivers/STM32F1xx_HAL_Driver/Src/stm32f1xx_hal_rcc.o
                0x08002620                HAL_RCC_GetPCLK1Freq
 .text.HAL_RCC_GetPCLK2Freq
                0x08002648       0x28 ./Drivers/STM32F1xx_HAL_Driver/Src/stm32f1xx_hal_rcc.o
                0x08002648                HAL_RCC_GetPCLK2Freq
 .text.HAL_RCC_GetClockConfig
                0x08002670       0x60 ./Drivers/STM32F1xx_HAL_Driver/Src/stm32f1xx_hal_rcc.o
                0x08002670                HAL_RCC_GetClockConfig
 .text.RCC_Delay
                0x080026d0       0x3c ./Drivers/STM32F1xx_HAL_Driver/Src/stm32f1xx_hal_rcc.o
 .text.HAL_RCCEx_PeriphCLKConfig
                0x0800270c      0x16c ./Drivers/STM32F1xx_HAL_Driver/Src/stm32f1xx_hal_rcc_ex.o
                0x0800270c                HAL_RCCEx_PeriphCLKConfig
 .text.HAL_RCCEx_GetPeriphCLKFreq
                0x08002878      0x16c ./Drivers/STM32F1xx_HAL_Driver/Src/stm32f1xx_hal_rcc_ex.o
                0x08002878                HAL_RCCEx_GetPeriphCLKFreq
 .text.HAL_TIM_Base_Init
                0x080029e4       0x9e ./Drivers/STM32F1xx_HAL_Driver/Src/stm32f1xx_hal_tim.o
                0x080029e4                HAL_TIM_Base_Init
 *fill*         0x08002a82        0x2 
 .text.HAL_TIM_Base_Start_IT
                0x08002a84       0xa4 ./Drivers/STM32F1xx_HAL_Driver/Src/stm32f1xx_hal_tim.o
                0x08002a84                HAL_TIM_Base_Start_IT
 .text.HAL_TIM_PWM_Init
                0x08002b28       0x9e ./Drivers/STM32F1xx_HAL_Driver/Src/stm32f1xx_hal_tim.o
                0x08002b28                HAL_TIM_PWM_Init
 .text.HAL_TIM_PWM_MspInit
                0x08002bc6       0x12 ./Drivers/STM32F1xx_HAL_Driver/Src/stm32f1xx_hal_tim.o
                0x08002bc6                HAL_TIM_PWM_MspInit
 .text.HAL_TIM_PWM_Start
                0x08002bd8      0x144 ./Drivers/STM32F1xx_HAL_Driver/Src/stm32f1xx_hal_tim.o
                0x08002bd8                HAL_TIM_PWM_Start
 .text.HAL_TIM_IRQHandler
                0x08002d1c      0x1e0 ./Drivers/STM32F1xx_HAL_Driver/Src/stm32f1xx_hal_tim.o
                0x08002d1c                HAL_TIM_IRQHandler
 .text.HAL_TIM_PWM_ConfigChannel
                0x08002efc      0x184 ./Drivers/STM32F1xx_HAL_Driver/Src/stm32f1xx_hal_tim.o
                0x08002efc                HAL_TIM_PWM_ConfigChannel
 .text.HAL_TIM_ConfigClockSource
                0x08003080      0x18e ./Drivers/STM32F1xx_HAL_Driver/Src/stm32f1xx_hal_tim.o
                0x08003080                HAL_TIM_ConfigClockSource
 .text.HAL_TIM_OC_DelayElapsedCallback
                0x0800320e       0x12 ./Drivers/STM32F1xx_HAL_Driver/Src/stm32f1xx_hal_tim.o
                0x0800320e                HAL_TIM_OC_DelayElapsedCallback
 .text.HAL_TIM_IC_CaptureCallback
                0x08003220       0x12 ./Drivers/STM32F1xx_HAL_Driver/Src/stm32f1xx_hal_tim.o
                0x08003220                HAL_TIM_IC_CaptureCallback
 .text.HAL_TIM_PWM_PulseFinishedCallback
                0x08003232       0x12 ./Drivers/STM32F1xx_HAL_Driver/Src/stm32f1xx_hal_tim.o
                0x08003232                HAL_TIM_PWM_PulseFinishedCallback
 .text.HAL_TIM_TriggerCallback
                0x08003244       0x12 ./Drivers/STM32F1xx_HAL_Driver/Src/stm32f1xx_hal_tim.o
                0x08003244                HAL_TIM_TriggerCallback
 *fill*         0x08003256        0x2 
 .text.TIM_Base_SetConfig
                0x08003258       0xdc ./Drivers/STM32F1xx_HAL_Driver/Src/stm32f1xx_hal_tim.o
                0x08003258                TIM_Base_SetConfig
 .text.TIM_OC1_SetConfig
                0x08003334       0xcc ./Drivers/STM32F1xx_HAL_Driver/Src/stm32f1xx_hal_tim.o
 .text.TIM_OC2_SetConfig
                0x08003400       0xd4 ./Drivers/STM32F1xx_HAL_Driver/Src/stm32f1xx_hal_tim.o
                0x08003400                TIM_OC2_SetConfig
 .text.TIM_OC3_SetConfig
                0x080034d4       0xd4 ./Drivers/STM32F1xx_HAL_Driver/Src/stm32f1xx_hal_tim.o
 .text.TIM_OC4_SetConfig
                0x080035a8       0x9c ./Drivers/STM32F1xx_HAL_Driver/Src/stm32f1xx_hal_tim.o
 .text.TIM_TI1_ConfigInputStage
                0x08003644       0x5c ./Drivers/STM32F1xx_HAL_Driver/Src/stm32f1xx_hal_tim.o
 .text.TIM_TI2_ConfigInputStage
                0x080036a0       0x5e ./Drivers/STM32F1xx_HAL_Driver/Src/stm32f1xx_hal_tim.o
 .text.TIM_ITRx_SetConfig
                0x080036fe       0x34 ./Drivers/STM32F1xx_HAL_Driver/Src/stm32f1xx_hal_tim.o
 .text.TIM_ETR_SetConfig
                0x08003732       0x3e ./Drivers/STM32F1xx_HAL_Driver/Src/stm32f1xx_hal_tim.o
                0x08003732                TIM_ETR_SetConfig
 .text.TIM_CCxChannelCmd
                0x08003770       0x48 ./Drivers/STM32F1xx_HAL_Driver/Src/stm32f1xx_hal_tim.o
                0x08003770                TIM_CCxChannelCmd
 .text.HAL_TIMEx_MasterConfigSynchronization
                0x080037b8       0xbc ./Drivers/STM32F1xx_HAL_Driver/Src/stm32f1xx_hal_tim_ex.o
                0x080037b8                HAL_TIMEx_MasterConfigSynchronization
 .text.HAL_TIMEx_CommutCallback
                0x08003874       0x12 ./Drivers/STM32F1xx_HAL_Driver/Src/stm32f1xx_hal_tim_ex.o
                0x08003874                HAL_TIMEx_CommutCallback
 .text.HAL_TIMEx_BreakCallback
                0x08003886       0x12 ./Drivers/STM32F1xx_HAL_Driver/Src/stm32f1xx_hal_tim_ex.o
                0x08003886                HAL_TIMEx_BreakCallback
 .text.HAL_UART_Init
                0x08003898       0xa0 ./Drivers/STM32F1xx_HAL_Driver/Src/stm32f1xx_hal_uart.o
                0x08003898                HAL_UART_Init
 .text.HAL_UART_Transmit
                0x08003938      0x116 ./Drivers/STM32F1xx_HAL_Driver/Src/stm32f1xx_hal_uart.o
                0x08003938                HAL_UART_Transmit
 .text.HAL_UART_Receive_IT
                0x08003a4e       0x4a ./Drivers/STM32F1xx_HAL_Driver/Src/stm32f1xx_hal_uart.o
                0x08003a4e                HAL_UART_Receive_IT
 .text.HAL_UART_IRQHandler
                0x08003a98      0x524 ./Drivers/STM32F1xx_HAL_Driver/Src/stm32f1xx_hal_uart.o
                0x08003a98                HAL_UART_IRQHandler
 .text.HAL_UART_TxCpltCallback
                0x08003fbc       0x12 ./Drivers/STM32F1xx_HAL_Driver/Src/stm32f1xx_hal_uart.o
                0x08003fbc                HAL_UART_TxCpltCallback
 .text.HAL_UART_ErrorCallback
                0x08003fce       0x12 ./Drivers/STM32F1xx_HAL_Driver/Src/stm32f1xx_hal_uart.o
                0x08003fce                HAL_UART_ErrorCallback
 .text.HAL_UARTEx_RxEventCallback
                0x08003fe0       0x16 ./Drivers/STM32F1xx_HAL_Driver/Src/stm32f1xx_hal_uart.o
                0x08003fe0                HAL_UARTEx_RxEventCallback
 .text.UART_WaitOnFlagUntilTimeout
                0x08003ff6       0xb2 ./Drivers/STM32F1xx_HAL_Driver/Src/stm32f1xx_hal_uart.o
 .text.UART_Start_Receive_IT
                0x080040a8       0x72 ./Drivers/STM32F1xx_HAL_Driver/Src/stm32f1xx_hal_uart.o
                0x080040a8                UART_Start_Receive_IT
 .text.UART_EndRxTransfer
                0x0800411a       0xc4 ./Drivers/STM32F1xx_HAL_Driver/Src/stm32f1xx_hal_uart.o
 .text.UART_DMAAbortOnError
                0x080041de       0x28 ./Drivers/STM32F1xx_HAL_Driver/Src/stm32f1xx_hal_uart.o
 .text.UART_Transmit_IT
                0x08004206       0x9e ./Drivers/STM32F1xx_HAL_Driver/Src/stm32f1xx_hal_uart.o
 .text.UART_EndTransmit_IT
                0x080042a4       0x30 ./Drivers/STM32F1xx_HAL_Driver/Src/stm32f1xx_hal_uart.o
 .text.UART_Receive_IT
                0x080042d4      0x17c ./Drivers/STM32F1xx_HAL_Driver/Src/stm32f1xx_hal_uart.o
 .text.UART_SetConfig
                0x08004450      0x11c ./Drivers/STM32F1xx_HAL_Driver/Src/stm32f1xx_hal_uart.o
 .text.makeFreeRtosPriority
                0x0800456c       0x2e ./Middlewares/Third_Party/FreeRTOS/Source/CMSIS_RTOS/cmsis_os.o
 .text.inHandlerMode
                0x0800459a       0x22 ./Middlewares/Third_Party/FreeRTOS/Source/CMSIS_RTOS/cmsis_os.o
 .text.osKernelStart
                0x080045bc        0xe ./Middlewares/Third_Party/FreeRTOS/Source/CMSIS_RTOS/cmsis_os.o
                0x080045bc                osKernelStart
 .text.osThreadCreate
                0x080045ca       0x98 ./Middlewares/Third_Party/FreeRTOS/Source/CMSIS_RTOS/cmsis_os.o
                0x080045ca                osThreadCreate
 .text.osDelay  0x08004662       0x28 ./Middlewares/Third_Party/FreeRTOS/Source/CMSIS_RTOS/cmsis_os.o
                0x08004662                osDelay
 .text.osMutexCreate
                0x0800468a       0x30 ./Middlewares/Third_Party/FreeRTOS/Source/CMSIS_RTOS/cmsis_os.o
                0x0800468a                osMutexCreate
 *fill*         0x080046ba        0x2 
 .text.osMutexWait
                0x080046bc       0x9c ./Middlewares/Third_Party/FreeRTOS/Source/CMSIS_RTOS/cmsis_os.o
                0x080046bc                osMutexWait
 .text.osMutexRelease
                0x08004758       0x6c ./Middlewares/Third_Party/FreeRTOS/Source/CMSIS_RTOS/cmsis_os.o
                0x08004758                osMutexRelease
 .text.vListInitialise
                0x080047c4       0x3e ./Middlewares/Third_Party/FreeRTOS/Source/list.o
                0x080047c4                vListInitialise
 .text.vListInitialiseItem
                0x08004802       0x18 ./Middlewares/Third_Party/FreeRTOS/Source/list.o
                0x08004802                vListInitialiseItem
 .text.vListInsertEnd
                0x0800481a       0x46 ./Middlewares/Third_Party/FreeRTOS/Source/list.o
                0x0800481a                vListInsertEnd
 .text.vListInsert
                0x08004860       0x70 ./Middlewares/Third_Party/FreeRTOS/Source/list.o
                0x08004860                vListInsert
 .text.uxListRemove
                0x080048d0       0x52 ./Middlewares/Third_Party/FreeRTOS/Source/list.o
                0x080048d0                uxListRemove
 *fill*         0x08004922        0x2 
 .text.xQueueGenericReset
                0x08004924       0xd4 ./Middlewares/Third_Party/FreeRTOS/Source/queue.o
                0x08004924                xQueueGenericReset
 .text.xQueueGenericCreateStatic
                0x080049f8       0xfa ./Middlewares/Third_Party/FreeRTOS/Source/queue.o
                0x080049f8                xQueueGenericCreateStatic
 .text.xQueueGenericCreate
                0x08004af2       0x76 ./Middlewares/Third_Party/FreeRTOS/Source/queue.o
                0x08004af2                xQueueGenericCreate
 .text.prvInitialiseNewQueue
                0x08004b68       0x3e ./Middlewares/Third_Party/FreeRTOS/Source/queue.o
 .text.prvInitialiseMutex
                0x08004ba6       0x34 ./Middlewares/Third_Party/FreeRTOS/Source/queue.o
 .text.xQueueCreateMutex
                0x08004bda       0x30 ./Middlewares/Third_Party/FreeRTOS/Source/queue.o
                0x08004bda                xQueueCreateMutex
 .text.xQueueCreateMutexStatic
                0x08004c0a       0x36 ./Middlewares/Third_Party/FreeRTOS/Source/queue.o
                0x08004c0a                xQueueCreateMutexStatic
 .text.xQueueGenericSend
                0x08004c40      0x204 ./Middlewares/Third_Party/FreeRTOS/Source/queue.o
                0x08004c40                xQueueGenericSend
 .text.xQueueGiveFromISR
                0x08004e44      0x120 ./Middlewares/Third_Party/FreeRTOS/Source/queue.o
                0x08004e44                xQueueGiveFromISR
 .text.xQueueSemaphoreTake
                0x08004f64      0x220 ./Middlewares/Third_Party/FreeRTOS/Source/queue.o
                0x08004f64                xQueueSemaphoreTake
 .text.xQueueReceiveFromISR
                0x08005184      0x104 ./Middlewares/Third_Party/FreeRTOS/Source/queue.o
                0x08005184                xQueueReceiveFromISR
 .text.prvGetDisinheritPriorityAfterTimeout
                0x08005288       0x2e ./Middlewares/Third_Party/FreeRTOS/Source/queue.o
 .text.prvCopyDataToQueue
                0x080052b6       0xd4 ./Middlewares/Third_Party/FreeRTOS/Source/queue.o
 .text.prvCopyDataFromQueue
                0x0800538a       0x4c ./Middlewares/Third_Party/FreeRTOS/Source/queue.o
 .text.prvUnlockQueue
                0x080053d6       0xa4 ./Middlewares/Third_Party/FreeRTOS/Source/queue.o
 .text.prvIsQueueEmpty
                0x0800547a       0x2c ./Middlewares/Third_Party/FreeRTOS/Source/queue.o
 .text.prvIsQueueFull
                0x080054a6       0x30 ./Middlewares/Third_Party/FreeRTOS/Source/queue.o
 .text.xTaskCreateStatic
                0x080054d6       0xc0 ./Middlewares/Third_Party/FreeRTOS/Source/tasks.o
                0x080054d6                xTaskCreateStatic
 .text.xTaskCreate
                0x08005596       0x8a ./Middlewares/Third_Party/FreeRTOS/Source/tasks.o
                0x08005596                xTaskCreate
 .text.prvInitialiseNewTask
                0x08005620      0x140 ./Middlewares/Third_Party/FreeRTOS/Source/tasks.o
 .text.prvAddNewTaskToReadyList
                0x08005760       0xd4 ./Middlewares/Third_Party/FreeRTOS/Source/tasks.o
 .text.vTaskDelay
                0x08005834       0x6c ./Middlewares/Third_Party/FreeRTOS/Source/tasks.o
                0x08005834                vTaskDelay
 .text.vTaskStartScheduler
                0x080058a0       0xd4 ./Middlewares/Third_Party/FreeRTOS/Source/tasks.o
                0x080058a0                vTaskStartScheduler
 .text.vTaskSuspendAll
                0x08005974       0x1c ./Middlewares/Third_Party/FreeRTOS/Source/tasks.o
                0x08005974                vTaskSuspendAll
 .text.xTaskResumeAll
                0x08005990      0x13c ./Middlewares/Third_Party/FreeRTOS/Source/tasks.o
                0x08005990                xTaskResumeAll
 .text.xTaskGetTickCount
                0x08005acc       0x1c ./Middlewares/Third_Party/FreeRTOS/Source/tasks.o
                0x08005acc                xTaskGetTickCount
 .text.xTaskIncrementTick
                0x08005ae8      0x174 ./Middlewares/Third_Party/FreeRTOS/Source/tasks.o
                0x08005ae8                xTaskIncrementTick
 .text.vTaskSwitchContext
                0x08005c5c       0xc4 ./Middlewares/Third_Party/FreeRTOS/Source/tasks.o
                0x08005c5c                vTaskSwitchContext
 .text.vTaskPlaceOnEventList
                0x08005d20       0x4c ./Middlewares/Third_Party/FreeRTOS/Source/tasks.o
                0x08005d20                vTaskPlaceOnEventList
 .text.xTaskRemoveFromEventList
                0x08005d6c       0xc8 ./Middlewares/Third_Party/FreeRTOS/Source/tasks.o
                0x08005d6c                xTaskRemoveFromEventList
 .text.vTaskInternalSetTimeOutState
                0x08005e34       0x2c ./Middlewares/Third_Party/FreeRTOS/Source/tasks.o
                0x08005e34                vTaskInternalSetTimeOutState
 .text.xTaskCheckForTimeOut
                0x08005e60       0xc8 ./Middlewares/Third_Party/FreeRTOS/Source/tasks.o
                0x08005e60                xTaskCheckForTimeOut
 .text.vTaskMissedYield
                0x08005f28       0x18 ./Middlewares/Third_Party/FreeRTOS/Source/tasks.o
                0x08005f28                vTaskMissedYield
 .text.prvIdleTask
                0x08005f40       0x30 ./Middlewares/Third_Party/FreeRTOS/Source/tasks.o
 .text.prvInitialiseTaskLists
                0x08005f70       0x80 ./Middlewares/Third_Party/FreeRTOS/Source/tasks.o
 .text.prvCheckTasksWaitingTermination
                0x08005ff0       0x5c ./Middlewares/Third_Party/FreeRTOS/Source/tasks.o
 .text.prvDeleteTCB
                0x0800604c       0x6a ./Middlewares/Third_Party/FreeRTOS/Source/tasks.o
 *fill*         0x080060b6        0x2 
 .text.prvResetNextTaskUnblockTime
                0x080060b8       0x40 ./Middlewares/Third_Party/FreeRTOS/Source/tasks.o
 .text.xTaskGetSchedulerState
                0x080060f8       0x3c ./Middlewares/Third_Party/FreeRTOS/Source/tasks.o
                0x080060f8                xTaskGetSchedulerState
 .text.xTaskPriorityInherit
                0x08006134       0xec ./Middlewares/Third_Party/FreeRTOS/Source/tasks.o
                0x08006134                xTaskPriorityInherit
 .text.xTaskPriorityDisinherit
                0x08006220      0x110 ./Middlewares/Third_Party/FreeRTOS/Source/tasks.o
                0x08006220                xTaskPriorityDisinherit
 .text.vTaskPriorityDisinheritAfterTimeout
                0x08006330      0x120 ./Middlewares/Third_Party/FreeRTOS/Source/tasks.o
                0x08006330                vTaskPriorityDisinheritAfterTimeout
 .text.pvTaskIncrementMutexHeldCount
                0x08006450       0x28 ./Middlewares/Third_Party/FreeRTOS/Source/tasks.o
                0x08006450                pvTaskIncrementMutexHeldCount
 .text.prvAddCurrentTaskToDelayedList
                0x08006478       0xcc ./Middlewares/Third_Party/FreeRTOS/Source/tasks.o
 .text.pxPortInitialiseStack
                0x08006544       0x58 ./Middlewares/Third_Party/FreeRTOS/Source/portable/GCC/ARM_CM3/port.o
                0x08006544                pxPortInitialiseStack
 .text.prvTaskExitError
                0x0800659c       0x58 ./Middlewares/Third_Party/FreeRTOS/Source/portable/GCC/ARM_CM3/port.o
 *fill*         0x080065f4        0xc 
 .text.SVC_Handler
                0x08006600       0x28 ./Middlewares/Third_Party/FreeRTOS/Source/portable/GCC/ARM_CM3/port.o
                0x08006600                SVC_Handler
 .text.prvPortStartFirstTask
                0x08006628       0x20 ./Middlewares/Third_Party/FreeRTOS/Source/portable/GCC/ARM_CM3/port.o
 .text.xPortStartScheduler
                0x08006648       0xe4 ./Middlewares/Third_Party/FreeRTOS/Source/portable/GCC/ARM_CM3/port.o
                0x08006648                xPortStartScheduler
 .text.vPortEnterCritical
                0x0800672c       0x60 ./Middlewares/Third_Party/FreeRTOS/Source/portable/GCC/ARM_CM3/port.o
                0x0800672c                vPortEnterCritical
 .text.vPortExitCritical
                0x0800678c       0x54 ./Middlewares/Third_Party/FreeRTOS/Source/portable/GCC/ARM_CM3/port.o
                0x0800678c                vPortExitCritical
 .text.PendSV_Handler
                0x080067e0       0x48 ./Middlewares/Third_Party/FreeRTOS/Source/portable/GCC/ARM_CM3/port.o
                0x080067e0                PendSV_Handler
 .text.SysTick_Handler
                0x08006828       0x44 ./Middlewares/Third_Party/FreeRTOS/Source/portable/GCC/ARM_CM3/port.o
                0x08006828                SysTick_Handler
 .text.vPortSetupTimerInterrupt
                0x0800686c       0x44 ./Middlewares/Third_Party/FreeRTOS/Source/portable/GCC/ARM_CM3/port.o
                0x0800686c                vPortSetupTimerInterrupt
 .text.vPortValidateInterruptPriority
                0x080068b0       0x80 ./Middlewares/Third_Party/FreeRTOS/Source/portable/GCC/ARM_CM3/port.o
                0x080068b0                vPortValidateInterruptPriority
 .text.pvPortMalloc
                0x08006930      0x19c ./Middlewares/Third_Party/FreeRTOS/Source/portable/MemMang/heap_4.o
                0x08006930                pvPortMalloc
 .text.vPortFree
                0x08006acc       0xc8 ./Middlewares/Third_Party/FreeRTOS/Source/portable/MemMang/heap_4.o
                0x08006acc                vPortFree
 .text.prvHeapInit
                0x08006b94       0xc4 ./Middlewares/Third_Party/FreeRTOS/Source/portable/MemMang/heap_4.o
 .text.prvInsertBlockIntoFreeList
                0x08006c58       0xb0 ./Middlewares/Third_Party/FreeRTOS/Source/portable/MemMang/heap_4.o
 .text.memset   0x08006d08       0x10 C:/ST/STM32CubeIDE_1.18.1/STM32CubeIDE/plugins/com.st.stm32cube.ide.mcu.externaltools.gnu-tools-for-stm32.13.3.rel1.win32_1.0.0.202411081344/tools/bin/../lib/gcc/arm-none-eabi/13.3.1/../../../../arm-none-eabi/lib/thumb/v7-m/nofp\libc_nano.a(libc_a-memset.o)
                0x08006d08                memset
 .text._reclaim_reent
                0x08006d18       0xbc C:/ST/STM32CubeIDE_1.18.1/STM32CubeIDE/plugins/com.st.stm32cube.ide.mcu.externaltools.gnu-tools-for-stm32.13.3.rel1.win32_1.0.0.202411081344/tools/bin/../lib/gcc/arm-none-eabi/13.3.1/../../../../arm-none-eabi/lib/thumb/v7-m/nofp\libc_nano.a(libc_a-reent.o)
                0x08006d18                _reclaim_reent
 .text.__libc_init_array
                0x08006dd4       0x48 C:/ST/STM32CubeIDE_1.18.1/STM32CubeIDE/plugins/com.st.stm32cube.ide.mcu.externaltools.gnu-tools-for-stm32.13.3.rel1.win32_1.0.0.202411081344/tools/bin/../lib/gcc/arm-none-eabi/13.3.1/../../../../arm-none-eabi/lib/thumb/v7-m/nofp\libc_nano.a(libc_a-init.o)
                0x08006dd4                __libc_init_array
 .text.__retarget_lock_acquire_recursive
                0x08006e1c        0x2 C:/ST/STM32CubeIDE_1.18.1/STM32CubeIDE/plugins/com.st.stm32cube.ide.mcu.externaltools.gnu-tools-for-stm32.13.3.rel1.win32_1.0.0.202411081344/tools/bin/../lib/gcc/arm-none-eabi/13.3.1/../../../../arm-none-eabi/lib/thumb/v7-m/nofp\libc_nano.a(libc_a-lock.o)
                0x08006e1c                __retarget_lock_acquire_recursive
 .text.__retarget_lock_release_recursive
                0x08006e1e        0x2 C:/ST/STM32CubeIDE_1.18.1/STM32CubeIDE/plugins/com.st.stm32cube.ide.mcu.externaltools.gnu-tools-for-stm32.13.3.rel1.win32_1.0.0.202411081344/tools/bin/../lib/gcc/arm-none-eabi/13.3.1/../../../../arm-none-eabi/lib/thumb/v7-m/nofp\libc_nano.a(libc_a-lock.o)
                0x08006e1e                __retarget_lock_release_recursive
 .text.memcpy   0x08006e20       0x1c C:/ST/STM32CubeIDE_1.18.1/STM32CubeIDE/plugins/com.st.stm32cube.ide.mcu.externaltools.gnu-tools-for-stm32.13.3.rel1.win32_1.0.0.202411081344/tools/bin/../lib/gcc/arm-none-eabi/13.3.1/../../../../arm-none-eabi/lib/thumb/v7-m/nofp\libc_nano.a(libc_a-memcpy-stub.o)
                0x08006e20                memcpy
 .text._free_r  0x08006e3c       0x90 C:/ST/STM32CubeIDE_1.18.1/STM32CubeIDE/plugins/com.st.stm32cube.ide.mcu.externaltools.gnu-tools-for-stm32.13.3.rel1.win32_1.0.0.202411081344/tools/bin/../lib/gcc/arm-none-eabi/13.3.1/../../../../arm-none-eabi/lib/thumb/v7-m/nofp\libc_nano.a(libc_a-freer.o)
                0x08006e3c                _free_r
 .text.__malloc_lock
                0x08006ecc        0xc C:/ST/STM32CubeIDE_1.18.1/STM32CubeIDE/plugins/com.st.stm32cube.ide.mcu.externaltools.gnu-tools-for-stm32.13.3.rel1.win32_1.0.0.202411081344/tools/bin/../lib/gcc/arm-none-eabi/13.3.1/../../../../arm-none-eabi/lib/thumb/v7-m/nofp\libc_nano.a(libc_a-mlock.o)
                0x08006ecc                __malloc_lock
 .text.__malloc_unlock
                0x08006ed8        0xc C:/ST/STM32CubeIDE_1.18.1/STM32CubeIDE/plugins/com.st.stm32cube.ide.mcu.externaltools.gnu-tools-for-stm32.13.3.rel1.win32_1.0.0.202411081344/tools/bin/../lib/gcc/arm-none-eabi/13.3.1/../../../../arm-none-eabi/lib/thumb/v7-m/nofp\libc_nano.a(libc_a-mlock.o)
                0x08006ed8                __malloc_unlock
 *(.glue_7)
 .glue_7        0x08006ee4        0x0 linker stubs
 *(.glue_7t)
 .glue_7t       0x08006ee4        0x0 linker stubs
 *(.eh_frame)
 .eh_frame      0x08006ee4        0x0 C:/ST/STM32CubeIDE_1.18.1/STM32CubeIDE/plugins/com.st.stm32cube.ide.mcu.externaltools.gnu-tools-for-stm32.13.3.rel1.win32_1.0.0.202411081344/tools/bin/../lib/gcc/arm-none-eabi/13.3.1/thumb/v7-m/nofp/crtbegin.o
 *(.init)
 .init          0x08006ee4        0x4 C:/ST/STM32CubeIDE_1.18.1/STM32CubeIDE/plugins/com.st.stm32cube.ide.mcu.externaltools.gnu-tools-for-stm32.13.3.rel1.win32_1.0.0.202411081344/tools/bin/../lib/gcc/arm-none-eabi/13.3.1/thumb/v7-m/nofp/crti.o
                0x08006ee4                _init
 .init          0x08006ee8        0x8 C:/ST/STM32CubeIDE_1.18.1/STM32CubeIDE/plugins/com.st.stm32cube.ide.mcu.externaltools.gnu-tools-for-stm32.13.3.rel1.win32_1.0.0.202411081344/tools/bin/../lib/gcc/arm-none-eabi/13.3.1/thumb/v7-m/nofp/crtn.o
 *(.fini)
 .fini          0x08006ef0        0x4 C:/ST/STM32CubeIDE_1.18.1/STM32CubeIDE/plugins/com.st.stm32cube.ide.mcu.externaltools.gnu-tools-for-stm32.13.3.rel1.win32_1.0.0.202411081344/tools/bin/../lib/gcc/arm-none-eabi/13.3.1/thumb/v7-m/nofp/crti.o
                0x08006ef0                _fini
 .fini          0x08006ef4        0x8 C:/ST/STM32CubeIDE_1.18.1/STM32CubeIDE/plugins/com.st.stm32cube.ide.mcu.externaltools.gnu-tools-for-stm32.13.3.rel1.win32_1.0.0.202411081344/tools/bin/../lib/gcc/arm-none-eabi/13.3.1/thumb/v7-m/nofp/crtn.o
                0x08006efc                        . = ALIGN (0x4)
                0x08006efc                        _etext = .

.vfp11_veneer   0x08006efc        0x0
 .vfp11_veneer  0x08006efc        0x0 linker stubs

.v4_bx          0x08006efc        0x0
 .v4_bx         0x08006efc        0x0 linker stubs

.iplt           0x08006efc        0x0
 .iplt          0x08006efc        0x0 C:/ST/STM32CubeIDE_1.18.1/STM32CubeIDE/plugins/com.st.stm32cube.ide.mcu.externaltools.gnu-tools-for-stm32.13.3.rel1.win32_1.0.0.202411081344/tools/bin/../lib/gcc/arm-none-eabi/13.3.1/thumb/v7-m/nofp/crtbegin.o

.rodata         0x08006efc      0x100
                0x08006efc                        . = ALIGN (0x4)
 *(.rodata)
 .rodata        0x08006efc       0xb0 ./Core/Src/freertos.o
 .rodata        0x08006fac        0x5 ./Middlewares/Third_Party/FreeRTOS/Source/tasks.o
 *(.rodata*)
 *fill*         0x08006fb1        0x3 
 .rodata.os_mutex_def_MensajeDeSalida
                0x08006fb4        0x8 ./Core/Src/freertos.o
                0x08006fb4                os_mutex_def_MensajeDeSalida
 .rodata.AHBPrescTable
                0x08006fbc       0x10 ./Core/Src/system_stm32f1xx.o
                0x08006fbc                AHBPrescTable
 .rodata.APBPrescTable
                0x08006fcc        0x8 ./Core/Src/system_stm32f1xx.o
                0x08006fcc                APBPrescTable
 .rodata.aPLLMULFactorTable.1
                0x08006fd4       0x10 ./Drivers/STM32F1xx_HAL_Driver/Src/stm32f1xx_hal_rcc.o
 .rodata.aPredivFactorTable.0
                0x08006fe4        0x2 ./Drivers/STM32F1xx_HAL_Driver/Src/stm32f1xx_hal_rcc.o
 *fill*         0x08006fe6        0x2 
 .rodata.aPLLMULFactorTable.1
                0x08006fe8       0x10 ./Drivers/STM32F1xx_HAL_Driver/Src/stm32f1xx_hal_rcc_ex.o
 .rodata.aPredivFactorTable.0
                0x08006ff8        0x2 ./Drivers/STM32F1xx_HAL_Driver/Src/stm32f1xx_hal_rcc_ex.o
                0x08006ffc                        . = ALIGN (0x4)
 *fill*         0x08006ffa        0x2 

.ARM.extab      0x08006ffc        0x0
                0x08006ffc                        . = ALIGN (0x4)
 *(.ARM.extab* .gnu.linkonce.armextab.*)
                0x08006ffc                        . = ALIGN (0x4)

.ARM            0x08006ffc        0x0
                0x08006ffc                        . = ALIGN (0x4)
                0x08006ffc                        __exidx_start = .
 *(.ARM.exidx*)
                0x08006ffc                        __exidx_end = .
                0x08006ffc                        . = ALIGN (0x4)

.preinit_array  0x08006ffc        0x0
                0x08006ffc                        . = ALIGN (0x4)
                0x08006ffc                        PROVIDE (__preinit_array_start = .)
 *(.preinit_array*)
                0x08006ffc                        PROVIDE (__preinit_array_end = .)
                0x08006ffc                        . = ALIGN (0x4)

.init_array     0x08006ffc        0x4
                0x08006ffc                        . = ALIGN (0x4)
                0x08006ffc                        PROVIDE (__init_array_start = .)
 *(SORT_BY_NAME(.init_array.*))
 *(.init_array*)
 .init_array    0x08006ffc        0x4 C:/ST/STM32CubeIDE_1.18.1/STM32CubeIDE/plugins/com.st.stm32cube.ide.mcu.externaltools.gnu-tools-for-stm32.13.3.rel1.win32_1.0.0.202411081344/tools/bin/../lib/gcc/arm-none-eabi/13.3.1/thumb/v7-m/nofp/crtbegin.o
                0x08007000                        PROVIDE (__init_array_end = .)
                0x08007000                        . = ALIGN (0x4)

.fini_array     0x08007000        0x4
                0x08007000                        . = ALIGN (0x4)
                [!provide]                        PROVIDE (__fini_array_start = .)
 *(SORT_BY_NAME(.fini_array.*))
 *(.fini_array*)
 .fini_array    0x08007000        0x4 C:/ST/STM32CubeIDE_1.18.1/STM32CubeIDE/plugins/com.st.stm32cube.ide.mcu.externaltools.gnu-tools-for-stm32.13.3.rel1.win32_1.0.0.202411081344/tools/bin/../lib/gcc/arm-none-eabi/13.3.1/thumb/v7-m/nofp/crtbegin.o
                [!provide]                        PROVIDE (__fini_array_end = .)
                0x08007004                        . = ALIGN (0x4)
                0x08007004                        _sidata = LOADADDR (.data)

.rel.dyn        0x08007004        0x0
 .rel.iplt      0x08007004        0x0 C:/ST/STM32CubeIDE_1.18.1/STM32CubeIDE/plugins/com.st.stm32cube.ide.mcu.externaltools.gnu-tools-for-stm32.13.3.rel1.win32_1.0.0.202411081344/tools/bin/../lib/gcc/arm-none-eabi/13.3.1/thumb/v7-m/nofp/crtbegin.o

.data           0x20000000       0x60 load address 0x08007004
                0x20000000                        . = ALIGN (0x4)
                0x20000000                        _sdata = .
 *(.data)
 *(.data*)
 .data.SystemCoreClock
                0x20000000        0x4 ./Core/Src/system_stm32f1xx.o
                0x20000000                SystemCoreClock
 .data.uwTickPrio
                0x20000004        0x4 ./Drivers/STM32F1xx_HAL_Driver/Src/stm32f1xx_hal.o
                0x20000004                uwTickPrio
 .data.uwTickFreq
                0x20000008        0x1 ./Drivers/STM32F1xx_HAL_Driver/Src/stm32f1xx_hal.o
                0x20000008                uwTickFreq
 *fill*         0x20000009        0x3 
 .data.uxCriticalNesting
                0x2000000c        0x4 ./Middlewares/Third_Party/FreeRTOS/Source/portable/GCC/ARM_CM3/port.o
 .data._impure_ptr
                0x20000010        0x4 C:/ST/STM32CubeIDE_1.18.1/STM32CubeIDE/plugins/com.st.stm32cube.ide.mcu.externaltools.gnu-tools-for-stm32.13.3.rel1.win32_1.0.0.202411081344/tools/bin/../lib/gcc/arm-none-eabi/13.3.1/../../../../arm-none-eabi/lib/thumb/v7-m/nofp\libc_nano.a(libc_a-impure.o)
                0x20000010                _impure_ptr
 .data._impure_data
                0x20000014       0x4c C:/ST/STM32CubeIDE_1.18.1/STM32CubeIDE/plugins/com.st.stm32cube.ide.mcu.externaltools.gnu-tools-for-stm32.13.3.rel1.win32_1.0.0.202411081344/tools/bin/../lib/gcc/arm-none-eabi/13.3.1/../../../../arm-none-eabi/lib/thumb/v7-m/nofp\libc_nano.a(libc_a-impure.o)
                0x20000014                _impure_data
 *(.RamFunc)
 *(.RamFunc*)
                0x20000060                        . = ALIGN (0x4)
                0x20000060                        _edata = .

.igot.plt       0x20000060        0x0 load address 0x08007064
 .igot.plt      0x20000060        0x0 C:/ST/STM32CubeIDE_1.18.1/STM32CubeIDE/plugins/com.st.stm32cube.ide.mcu.externaltools.gnu-tools-for-stm32.13.3.rel1.win32_1.0.0.202411081344/tools/bin/../lib/gcc/arm-none-eabi/13.3.1/thumb/v7-m/nofp/crtbegin.o
                0x20000060                        . = ALIGN (0x4)

.bss            0x20000060     0x16dc load address 0x08007064
                0x20000060                        _sbss = .
                0x20000060                        __bss_start__ = _sbss
 *(.bss)
 .bss           0x20000060       0x1c C:/ST/STM32CubeIDE_1.18.1/STM32CubeIDE/plugins/com.st.stm32cube.ide.mcu.externaltools.gnu-tools-for-stm32.13.3.rel1.win32_1.0.0.202411081344/tools/bin/../lib/gcc/arm-none-eabi/13.3.1/thumb/v7-m/nofp/crtbegin.o
 *(.bss*)
 .bss.hadc1     0x2000007c       0x30 ./Core/Src/adc.o
                0x2000007c                hadc1
 .bss.procesar_trama_recibida
                0x200000ac        0x1 ./Core/Src/comunicacion.o
                0x200000ac                procesar_trama_recibida
 *fill*         0x200000ad        0x3 
 .bss.trama_recibida
                0x200000b0        0x7 ./Core/Src/comunicacion.o
                0x200000b0                trama_recibida
 *fill*         0x200000b7        0x1 
 .bss.adc_valores
                0x200000b8        0x6 ./Core/Src/freertos.o
                0x200000b8                adc_valores
 *fill*         0x200000be        0x2 
 .bss.mensaje_de_salida
                0x200000c0        0xb ./Core/Src/freertos.o
                0x200000c0                mensaje_de_salida
 *fill*         0x200000cb        0x1 
 .bss.transmisionMutex
                0x200000cc        0x4 ./Core/Src/freertos.o
                0x200000cc                transmisionMutex
 .bss.MensajeDeSalidaMutexHandle
                0x200000d0        0x4 ./Core/Src/freertos.o
                0x200000d0                MensajeDeSalidaMutexHandle
 .bss.defaultTaskHandle
                0x200000d4        0x4 ./Core/Src/freertos.o
                0x200000d4                defaultTaskHandle
 .bss.Uart_TTL_TaskHandle
                0x200000d8        0x4 ./Core/Src/freertos.o
                0x200000d8                Uart_TTL_TaskHandle
 .bss.ReadInputsTaskHandle
                0x200000dc        0x4 ./Core/Src/freertos.o
                0x200000dc                ReadInputsTaskHandle
 .bss.LeerADCHandle
                0x200000e0        0x4 ./Core/Src/freertos.o
                0x200000e0                LeerADCHandle
 .bss.xIdleTaskTCBBuffer
                0x200000e4       0xa0 ./Core/Src/freertos.o
 .bss.xIdleStack
                0x20000184      0x200 ./Core/Src/freertos.o
 .bss.htim4     0x20000384       0x48 ./Core/Src/stm32f1xx_hal_timebase_tim.o
                0x20000384                htim4
 .bss.htim2     0x200003cc       0x48 ./Core/Src/tim.o
                0x200003cc                htim2
 .bss.htim3     0x20000414       0x48 ./Core/Src/tim.o
                0x20000414                htim3
 .bss.huart1    0x2000045c       0x48 ./Core/Src/usart.o
                0x2000045c                huart1
 .bss.uwTick    0x200004a4        0x4 ./Drivers/STM32F1xx_HAL_Driver/Src/stm32f1xx_hal.o
                0x200004a4                uwTick
 .bss.pxCurrentTCB
                0x200004a8        0x4 ./Middlewares/Third_Party/FreeRTOS/Source/tasks.o
                0x200004a8                pxCurrentTCB
 .bss.pxReadyTasksLists
                0x200004ac       0x8c ./Middlewares/Third_Party/FreeRTOS/Source/tasks.o
 .bss.xDelayedTaskList1
                0x20000538       0x14 ./Middlewares/Third_Party/FreeRTOS/Source/tasks.o
 .bss.xDelayedTaskList2
                0x2000054c       0x14 ./Middlewares/Third_Party/FreeRTOS/Source/tasks.o
 .bss.pxDelayedTaskList
                0x20000560        0x4 ./Middlewares/Third_Party/FreeRTOS/Source/tasks.o
 .bss.pxOverflowDelayedTaskList
                0x20000564        0x4 ./Middlewares/Third_Party/FreeRTOS/Source/tasks.o
 .bss.xPendingReadyList
                0x20000568       0x14 ./Middlewares/Third_Party/FreeRTOS/Source/tasks.o
 .bss.xTasksWaitingTermination
                0x2000057c       0x14 ./Middlewares/Third_Party/FreeRTOS/Source/tasks.o
 .bss.uxDeletedTasksWaitingCleanUp
                0x20000590        0x4 ./Middlewares/Third_Party/FreeRTOS/Source/tasks.o
 .bss.xSuspendedTaskList
                0x20000594       0x14 ./Middlewares/Third_Party/FreeRTOS/Source/tasks.o
 .bss.uxCurrentNumberOfTasks
                0x200005a8        0x4 ./Middlewares/Third_Party/FreeRTOS/Source/tasks.o
 .bss.xTickCount
                0x200005ac        0x4 ./Middlewares/Third_Party/FreeRTOS/Source/tasks.o
 .bss.uxTopReadyPriority
                0x200005b0        0x4 ./Middlewares/Third_Party/FreeRTOS/Source/tasks.o
 .bss.xSchedulerRunning
                0x200005b4        0x4 ./Middlewares/Third_Party/FreeRTOS/Source/tasks.o
 .bss.xPendedTicks
                0x200005b8        0x4 ./Middlewares/Third_Party/FreeRTOS/Source/tasks.o
 .bss.xYieldPending
                0x200005bc        0x4 ./Middlewares/Third_Party/FreeRTOS/Source/tasks.o
 .bss.xNumOfOverflows
                0x200005c0        0x4 ./Middlewares/Third_Party/FreeRTOS/Source/tasks.o
 .bss.uxTaskNumber
                0x200005c4        0x4 ./Middlewares/Third_Party/FreeRTOS/Source/tasks.o
 .bss.xNextTaskUnblockTime
                0x200005c8        0x4 ./Middlewares/Third_Party/FreeRTOS/Source/tasks.o
 .bss.xIdleTaskHandle
                0x200005cc        0x4 ./Middlewares/Third_Party/FreeRTOS/Source/tasks.o
 .bss.uxSchedulerSuspended
                0x200005d0        0x4 ./Middlewares/Third_Party/FreeRTOS/Source/tasks.o
 .bss.ucMaxSysCallPriority
                0x200005d4        0x1 ./Middlewares/Third_Party/FreeRTOS/Source/portable/GCC/ARM_CM3/port.o
 *fill*         0x200005d5        0x3 
 .bss.ulMaxPRIGROUPValue
                0x200005d8        0x4 ./Middlewares/Third_Party/FreeRTOS/Source/portable/GCC/ARM_CM3/port.o
 .bss.ucHeap    0x200005dc     0x1000 ./Middlewares/Third_Party/FreeRTOS/Source/portable/MemMang/heap_4.o
 .bss.xStart    0x200015dc        0x8 ./Middlewares/Third_Party/FreeRTOS/Source/portable/MemMang/heap_4.o
 .bss.pxEnd     0x200015e4        0x4 ./Middlewares/Third_Party/FreeRTOS/Source/portable/MemMang/heap_4.o
 .bss.xFreeBytesRemaining
                0x200015e8        0x4 ./Middlewares/Third_Party/FreeRTOS/Source/portable/MemMang/heap_4.o
 .bss.xMinimumEverFreeBytesRemaining
                0x200015ec        0x4 ./Middlewares/Third_Party/FreeRTOS/Source/portable/MemMang/heap_4.o
 .bss.xNumberOfSuccessfulAllocations
                0x200015f0        0x4 ./Middlewares/Third_Party/FreeRTOS/Source/portable/MemMang/heap_4.o
 .bss.xNumberOfSuccessfulFrees
                0x200015f4        0x4 ./Middlewares/Third_Party/FreeRTOS/Source/portable/MemMang/heap_4.o
 .bss.xBlockAllocatedBit
                0x200015f8        0x4 ./Middlewares/Third_Party/FreeRTOS/Source/portable/MemMang/heap_4.o
 .bss.__sf      0x200015fc      0x138 C:/ST/STM32CubeIDE_1.18.1/STM32CubeIDE/plugins/com.st.stm32cube.ide.mcu.externaltools.gnu-tools-for-stm32.13.3.rel1.win32_1.0.0.202411081344/tools/bin/../lib/gcc/arm-none-eabi/13.3.1/../../../../arm-none-eabi/lib/thumb/v7-m/nofp\libc_nano.a(libc_a-findfp.o)
                0x200015fc                __sf
 .bss.__lock___malloc_recursive_mutex
                0x20001734        0x1 C:/ST/STM32CubeIDE_1.18.1/STM32CubeIDE/plugins/com.st.stm32cube.ide.mcu.externaltools.gnu-tools-for-stm32.13.3.rel1.win32_1.0.0.202411081344/tools/bin/../lib/gcc/arm-none-eabi/13.3.1/../../../../arm-none-eabi/lib/thumb/v7-m/nofp\libc_nano.a(libc_a-lock.o)
                0x20001734                __lock___malloc_recursive_mutex
 *fill*         0x20001735        0x3 
 .bss.__malloc_free_list
                0x20001738        0x4 C:/ST/STM32CubeIDE_1.18.1/STM32CubeIDE/plugins/com.st.stm32cube.ide.mcu.externaltools.gnu-tools-for-stm32.13.3.rel1.win32_1.0.0.202411081344/tools/bin/../lib/gcc/arm-none-eabi/13.3.1/../../../../arm-none-eabi/lib/thumb/v7-m/nofp\libc_nano.a(libc_a-mallocr.o)
                0x20001738                __malloc_free_list
 *(COMMON)
                0x2000173c                        . = ALIGN (0x4)
                0x2000173c                        _ebss = .
                0x2000173c                        __bss_end__ = _ebss

._user_heap_stack
                0x2000173c      0x604 load address 0x08007064
                0x20001740                        . = ALIGN (0x8)
 *fill*         0x2000173c        0x4 
                [!provide]                        PROVIDE (end = .)
                0x20001740                        PROVIDE (_end = .)
                0x20001940                        . = (. + _Min_Heap_Size)
 *fill*         0x20001740      0x200 
                0x20001d40                        . = (. + _Min_Stack_Size)
 *fill*         0x20001940      0x400 
                0x20001d40                        . = ALIGN (0x8)

/DISCARD/
 libc.a(*)
 libm.a(*)
 libgcc.a(*)

.ARM.attributes
                0x00000000       0x29
 *(.ARM.attributes)
 .ARM.attributes
                0x00000000       0x1d C:/ST/STM32CubeIDE_1.18.1/STM32CubeIDE/plugins/com.st.stm32cube.ide.mcu.externaltools.gnu-tools-for-stm32.13.3.rel1.win32_1.0.0.202411081344/tools/bin/../lib/gcc/arm-none-eabi/13.3.1/thumb/v7-m/nofp/crti.o
 .ARM.attributes
                0x0000001d       0x2d C:/ST/STM32CubeIDE_1.18.1/STM32CubeIDE/plugins/com.st.stm32cube.ide.mcu.externaltools.gnu-tools-for-stm32.13.3.rel1.win32_1.0.0.202411081344/tools/bin/../lib/gcc/arm-none-eabi/13.3.1/thumb/v7-m/nofp/crtbegin.o
 .ARM.attributes
                0x0000004a       0x2d ./Core/Src/adc.o
 .ARM.attributes
                0x00000077       0x2d ./Core/Src/comunicacion.o
 .ARM.attributes
                0x000000a4       0x2d ./Core/Src/freertos.o
 .ARM.attributes
                0x000000d1       0x2d ./Core/Src/gpio.o
 .ARM.attributes
                0x000000fe       0x2d ./Core/Src/main.o
 .ARM.attributes
                0x0000012b       0x2d ./Core/Src/stm32f1xx_hal_msp.o
 .ARM.attributes
                0x00000158       0x2d ./Core/Src/stm32f1xx_hal_timebase_tim.o
 .ARM.attributes
                0x00000185       0x2d ./Core/Src/stm32f1xx_it.o
 .ARM.attributes
                0x000001b2       0x2d ./Core/Src/system_stm32f1xx.o
 .ARM.attributes
                0x000001df       0x2d ./Core/Src/tim.o
 .ARM.attributes
                0x0000020c       0x2d ./Core/Src/usart.o
 .ARM.attributes
                0x00000239       0x21 ./Core/Startup/startup_stm32f103c8tx.o
 .ARM.attributes
                0x0000025a       0x2d ./Drivers/STM32F1xx_HAL_Driver/Src/stm32f1xx_hal.o
 .ARM.attributes
                0x00000287       0x2d ./Drivers/STM32F1xx_HAL_Driver/Src/stm32f1xx_hal_adc.o
 .ARM.attributes
                0x000002b4       0x2d ./Drivers/STM32F1xx_HAL_Driver/Src/stm32f1xx_hal_cortex.o
 .ARM.attributes
                0x000002e1       0x2d ./Drivers/STM32F1xx_HAL_Driver/Src/stm32f1xx_hal_dma.o
 .ARM.attributes
                0x0000030e       0x2d ./Drivers/STM32F1xx_HAL_Driver/Src/stm32f1xx_hal_gpio.o
 .ARM.attributes
                0x0000033b       0x2d ./Drivers/STM32F1xx_HAL_Driver/Src/stm32f1xx_hal_rcc.o
 .ARM.attributes
                0x00000368       0x2d ./Drivers/STM32F1xx_HAL_Driver/Src/stm32f1xx_hal_rcc_ex.o
 .ARM.attributes
                0x00000395       0x2d ./Drivers/STM32F1xx_HAL_Driver/Src/stm32f1xx_hal_tim.o
 .ARM.attributes
                0x000003c2       0x2d ./Drivers/STM32F1xx_HAL_Driver/Src/stm32f1xx_hal_tim_ex.o
 .ARM.attributes
                0x000003ef       0x2d ./Drivers/STM32F1xx_HAL_Driver/Src/stm32f1xx_hal_uart.o
 .ARM.attributes
                0x0000041c       0x2d ./Middlewares/Third_Party/FreeRTOS/Source/CMSIS_RTOS/cmsis_os.o
 .ARM.attributes
                0x00000449       0x2d ./Middlewares/Third_Party/FreeRTOS/Source/list.o
 .ARM.attributes
                0x00000476       0x2d ./Middlewares/Third_Party/FreeRTOS/Source/queue.o
 .ARM.attributes
                0x000004a3       0x2d ./Middlewares/Third_Party/FreeRTOS/Source/tasks.o
 .ARM.attributes
                0x000004d0       0x2d ./Middlewares/Third_Party/FreeRTOS/Source/portable/GCC/ARM_CM3/port.o
 .ARM.attributes
                0x000004fd       0x2d ./Middlewares/Third_Party/FreeRTOS/Source/portable/MemMang/heap_4.o
 .ARM.attributes
                0x0000052a       0x2d C:/ST/STM32CubeIDE_1.18.1/STM32CubeIDE/plugins/com.st.stm32cube.ide.mcu.externaltools.gnu-tools-for-stm32.13.3.rel1.win32_1.0.0.202411081344/tools/bin/../lib/gcc/arm-none-eabi/13.3.1/../../../../arm-none-eabi/lib/thumb/v7-m/nofp\libc_nano.a(libc_a-findfp.o)
 .ARM.attributes
                0x00000557       0x2d C:/ST/STM32CubeIDE_1.18.1/STM32CubeIDE/plugins/com.st.stm32cube.ide.mcu.externaltools.gnu-tools-for-stm32.13.3.rel1.win32_1.0.0.202411081344/tools/bin/../lib/gcc/arm-none-eabi/13.3.1/../../../../arm-none-eabi/lib/thumb/v7-m/nofp\libc_nano.a(libc_a-memset.o)
 .ARM.attributes
                0x00000584       0x2d C:/ST/STM32CubeIDE_1.18.1/STM32CubeIDE/plugins/com.st.stm32cube.ide.mcu.externaltools.gnu-tools-for-stm32.13.3.rel1.win32_1.0.0.202411081344/tools/bin/../lib/gcc/arm-none-eabi/13.3.1/../../../../arm-none-eabi/lib/thumb/v7-m/nofp\libc_nano.a(libc_a-reent.o)
 .ARM.attributes
                0x000005b1       0x2d C:/ST/STM32CubeIDE_1.18.1/STM32CubeIDE/plugins/com.st.stm32cube.ide.mcu.externaltools.gnu-tools-for-stm32.13.3.rel1.win32_1.0.0.202411081344/tools/bin/../lib/gcc/arm-none-eabi/13.3.1/../../../../arm-none-eabi/lib/thumb/v7-m/nofp\libc_nano.a(libc_a-impure.o)
 .ARM.attributes
                0x000005de       0x2d C:/ST/STM32CubeIDE_1.18.1/STM32CubeIDE/plugins/com.st.stm32cube.ide.mcu.externaltools.gnu-tools-for-stm32.13.3.rel1.win32_1.0.0.202411081344/tools/bin/../lib/gcc/arm-none-eabi/13.3.1/../../../../arm-none-eabi/lib/thumb/v7-m/nofp\libc_nano.a(libc_a-init.o)
 .ARM.attributes
                0x0000060b       0x2d C:/ST/STM32CubeIDE_1.18.1/STM32CubeIDE/plugins/com.st.stm32cube.ide.mcu.externaltools.gnu-tools-for-stm32.13.3.rel1.win32_1.0.0.202411081344/tools/bin/../lib/gcc/arm-none-eabi/13.3.1/../../../../arm-none-eabi/lib/thumb/v7-m/nofp\libc_nano.a(libc_a-lock.o)
 .ARM.attributes
                0x00000638       0x2d C:/ST/STM32CubeIDE_1.18.1/STM32CubeIDE/plugins/com.st.stm32cube.ide.mcu.externaltools.gnu-tools-for-stm32.13.3.rel1.win32_1.0.0.202411081344/tools/bin/../lib/gcc/arm-none-eabi/13.3.1/../../../../arm-none-eabi/lib/thumb/v7-m/nofp\libc_nano.a(libc_a-memcpy-stub.o)
 .ARM.attributes
                0x00000665       0x2d C:/ST/STM32CubeIDE_1.18.1/STM32CubeIDE/plugins/com.st.stm32cube.ide.mcu.externaltools.gnu-tools-for-stm32.13.3.rel1.win32_1.0.0.202411081344/tools/bin/../lib/gcc/arm-none-eabi/13.3.1/../../../../arm-none-eabi/lib/thumb/v7-m/nofp\libc_nano.a(libc_a-freer.o)
 .ARM.attributes
                0x00000692       0x2d C:/ST/STM32CubeIDE_1.18.1/STM32CubeIDE/plugins/com.st.stm32cube.ide.mcu.externaltools.gnu-tools-for-stm32.13.3.rel1.win32_1.0.0.202411081344/tools/bin/../lib/gcc/arm-none-eabi/13.3.1/../../../../arm-none-eabi/lib/thumb/v7-m/nofp\libc_nano.a(libc_a-mallocr.o)
 .ARM.attributes
                0x000006bf       0x2d C:/ST/STM32CubeIDE_1.18.1/STM32CubeIDE/plugins/com.st.stm32cube.ide.mcu.externaltools.gnu-tools-for-stm32.13.3.rel1.win32_1.0.0.202411081344/tools/bin/../lib/gcc/arm-none-eabi/13.3.1/../../../../arm-none-eabi/lib/thumb/v7-m/nofp\libc_nano.a(libc_a-mlock.o)
 .ARM.attributes
                0x000006ec       0x1d C:/ST/STM32CubeIDE_1.18.1/STM32CubeIDE/plugins/com.st.stm32cube.ide.mcu.externaltools.gnu-tools-for-stm32.13.3.rel1.win32_1.0.0.202411081344/tools/bin/../lib/gcc/arm-none-eabi/13.3.1/thumb/v7-m/nofp/crtn.o
OUTPUT(TP3_STM32_FreeRtos.elf elf32-littlearm)
LOAD linker stubs
LOAD C:/ST/STM32CubeIDE_1.18.1/STM32CubeIDE/plugins/com.st.stm32cube.ide.mcu.externaltools.gnu-tools-for-stm32.13.3.rel1.win32_1.0.0.202411081344/tools/bin/../lib/gcc/arm-none-eabi/13.3.1/../../../../arm-none-eabi/lib/thumb/v7-m/nofp\libc.a
LOAD C:/ST/STM32CubeIDE_1.18.1/STM32CubeIDE/plugins/com.st.stm32cube.ide.mcu.externaltools.gnu-tools-for-stm32.13.3.rel1.win32_1.0.0.202411081344/tools/bin/../lib/gcc/arm-none-eabi/13.3.1/../../../../arm-none-eabi/lib/thumb/v7-m/nofp\libm.a
LOAD C:/ST/STM32CubeIDE_1.18.1/STM32CubeIDE/plugins/com.st.stm32cube.ide.mcu.externaltools.gnu-tools-for-stm32.13.3.rel1.win32_1.0.0.202411081344/tools/bin/../lib/gcc/arm-none-eabi/13.3.1/thumb/v7-m/nofp\libgcc.a

.debug_info     0x00000000    0x1735a
 .debug_info    0x00000000      0x7b8 ./Core/Src/adc.o
 .debug_info    0x000007b8      0x684 ./Core/Src/comunicacion.o
 .debug_info    0x00000e3c     0x1b78 ./Core/Src/freertos.o
 .debug_info    0x000029b4      0x2d3 ./Core/Src/gpio.o
 .debug_info    0x00002c87      0xe7b ./Core/Src/main.o
 .debug_info    0x00003b02      0x361 ./Core/Src/stm32f1xx_hal_msp.o
 .debug_info    0x00003e63      0x9a8 ./Core/Src/stm32f1xx_hal_timebase_tim.o
 .debug_info    0x0000480b      0x913 ./Core/Src/stm32f1xx_it.o
 .debug_info    0x0000511e      0x222 ./Core/Src/system_stm32f1xx.o
 .debug_info    0x00005340      0xa7f ./Core/Src/tim.o
 .debug_info    0x00005dbf      0x938 ./Core/Src/usart.o
 .debug_info    0x000066f7       0x30 ./Core/Startup/startup_stm32f103c8tx.o
 .debug_info    0x00006727      0x704 ./Drivers/STM32F1xx_HAL_Driver/Src/stm32f1xx_hal.o
 .debug_info    0x00006e2b      0xc50 ./Drivers/STM32F1xx_HAL_Driver/Src/stm32f1xx_hal_adc.o
 .debug_info    0x00007a7b      0xa87 ./Drivers/STM32F1xx_HAL_Driver/Src/stm32f1xx_hal_cortex.o
 .debug_info    0x00008502      0x6d2 ./Drivers/STM32F1xx_HAL_Driver/Src/stm32f1xx_hal_dma.o
 .debug_info    0x00008bd4      0x5ab ./Drivers/STM32F1xx_HAL_Driver/Src/stm32f1xx_hal_gpio.o
 .debug_info    0x0000917f      0x7d5 ./Drivers/STM32F1xx_HAL_Driver/Src/stm32f1xx_hal_rcc.o
 .debug_info    0x00009954      0x3c0 ./Drivers/STM32F1xx_HAL_Driver/Src/stm32f1xx_hal_rcc_ex.o
 .debug_info    0x00009d14     0x2959 ./Drivers/STM32F1xx_HAL_Driver/Src/stm32f1xx_hal_tim.o
 .debug_info    0x0000c66d     0x149b ./Drivers/STM32F1xx_HAL_Driver/Src/stm32f1xx_hal_tim_ex.o
 .debug_info    0x0000db08     0x2eed ./Drivers/STM32F1xx_HAL_Driver/Src/stm32f1xx_hal_uart.o
 .debug_info    0x000109f5     0x21e2 ./Middlewares/Third_Party/FreeRTOS/Source/CMSIS_RTOS/cmsis_os.o
 .debug_info    0x00012bd7      0x2af ./Middlewares/Third_Party/FreeRTOS/Source/list.o
 .debug_info    0x00012e86     0x17cd ./Middlewares/Third_Party/FreeRTOS/Source/queue.o
 .debug_info    0x00014653     0x239e ./Middlewares/Third_Party/FreeRTOS/Source/tasks.o
 .debug_info    0x000169f1      0x494 ./Middlewares/Third_Party/FreeRTOS/Source/portable/GCC/ARM_CM3/port.o
 .debug_info    0x00016e85      0x4d5 ./Middlewares/Third_Party/FreeRTOS/Source/portable/MemMang/heap_4.o

.debug_abbrev   0x00000000     0x3c9e
 .debug_abbrev  0x00000000      0x1e1 ./Core/Src/adc.o
 .debug_abbrev  0x000001e1      0x1d7 ./Core/Src/comunicacion.o
 .debug_abbrev  0x000003b8      0x305 ./Core/Src/freertos.o
 .debug_abbrev  0x000006bd      0x13f ./Core/Src/gpio.o
 .debug_abbrev  0x000007fc      0x23e ./Core/Src/main.o
 .debug_abbrev  0x00000a3a      0x11c ./Core/Src/stm32f1xx_hal_msp.o
 .debug_abbrev  0x00000b56      0x1f3 ./Core/Src/stm32f1xx_hal_timebase_tim.o
 .debug_abbrev  0x00000d49      0x188 ./Core/Src/stm32f1xx_it.o
 .debug_abbrev  0x00000ed1      0x13f ./Core/Src/system_stm32f1xx.o
 .debug_abbrev  0x00001010      0x241 ./Core/Src/tim.o
 .debug_abbrev  0x00001251      0x205 ./Core/Src/usart.o
 .debug_abbrev  0x00001456       0x24 ./Core/Startup/startup_stm32f103c8tx.o
 .debug_abbrev  0x0000147a      0x201 ./Drivers/STM32F1xx_HAL_Driver/Src/stm32f1xx_hal.o
 .debug_abbrev  0x0000167b      0x225 ./Drivers/STM32F1xx_HAL_Driver/Src/stm32f1xx_hal_adc.o
 .debug_abbrev  0x000018a0      0x2f8 ./Drivers/STM32F1xx_HAL_Driver/Src/stm32f1xx_hal_cortex.o
 .debug_abbrev  0x00001b98      0x20b ./Drivers/STM32F1xx_HAL_Driver/Src/stm32f1xx_hal_dma.o
 .debug_abbrev  0x00001da3      0x1ca ./Drivers/STM32F1xx_HAL_Driver/Src/stm32f1xx_hal_gpio.o
 .debug_abbrev  0x00001f6d      0x2b3 ./Drivers/STM32F1xx_HAL_Driver/Src/stm32f1xx_hal_rcc.o
 .debug_abbrev  0x00002220      0x188 ./Drivers/STM32F1xx_HAL_Driver/Src/stm32f1xx_hal_rcc_ex.o
 .debug_abbrev  0x000023a8      0x277 ./Drivers/STM32F1xx_HAL_Driver/Src/stm32f1xx_hal_tim.o
 .debug_abbrev  0x0000261f      0x282 ./Drivers/STM32F1xx_HAL_Driver/Src/stm32f1xx_hal_tim_ex.o
 .debug_abbrev  0x000028a1      0x2f8 ./Drivers/STM32F1xx_HAL_Driver/Src/stm32f1xx_hal_uart.o
 .debug_abbrev  0x00002b99      0x416 ./Middlewares/Third_Party/FreeRTOS/Source/CMSIS_RTOS/cmsis_os.o
 .debug_abbrev  0x00002faf       0xf5 ./Middlewares/Third_Party/FreeRTOS/Source/list.o
 .debug_abbrev  0x000030a4      0x3b5 ./Middlewares/Third_Party/FreeRTOS/Source/queue.o
 .debug_abbrev  0x00003459      0x3d0 ./Middlewares/Third_Party/FreeRTOS/Source/tasks.o
 .debug_abbrev  0x00003829      0x258 ./Middlewares/Third_Party/FreeRTOS/Source/portable/GCC/ARM_CM3/port.o
 .debug_abbrev  0x00003a81      0x21d ./Middlewares/Third_Party/FreeRTOS/Source/portable/MemMang/heap_4.o

.debug_aranges  0x00000000     0x13b0
 .debug_aranges
                0x00000000       0x30 ./Core/Src/adc.o
 .debug_aranges
                0x00000030       0x28 ./Core/Src/comunicacion.o
 .debug_aranges
                0x00000058       0x48 ./Core/Src/freertos.o
 .debug_aranges
                0x000000a0       0x20 ./Core/Src/gpio.o
 .debug_aranges
                0x000000c0       0x38 ./Core/Src/main.o
 .debug_aranges
                0x000000f8       0x20 ./Core/Src/stm32f1xx_hal_msp.o
 .debug_aranges
                0x00000118       0x30 ./Core/Src/stm32f1xx_hal_timebase_tim.o
 .debug_aranges
                0x00000148       0x58 ./Core/Src/stm32f1xx_it.o
 .debug_aranges
                0x000001a0       0x28 ./Core/Src/system_stm32f1xx.o
 .debug_aranges
                0x000001c8       0x40 ./Core/Src/tim.o
 .debug_aranges
                0x00000208       0x30 ./Core/Src/usart.o
 .debug_aranges
                0x00000238       0x28 ./Core/Startup/startup_stm32f103c8tx.o
 .debug_aranges
                0x00000260       0xe0 ./Drivers/STM32F1xx_HAL_Driver/Src/stm32f1xx_hal.o
 .debug_aranges
                0x00000340       0xf0 ./Drivers/STM32F1xx_HAL_Driver/Src/stm32f1xx_hal_adc.o
 .debug_aranges
                0x00000430      0x100 ./Drivers/STM32F1xx_HAL_Driver/Src/stm32f1xx_hal_cortex.o
 .debug_aranges
                0x00000530       0x80 ./Drivers/STM32F1xx_HAL_Driver/Src/stm32f1xx_hal_dma.o
 .debug_aranges
                0x000005b0       0x58 ./Drivers/STM32F1xx_HAL_Driver/Src/stm32f1xx_hal_gpio.o
 .debug_aranges
                0x00000608       0x90 ./Drivers/STM32F1xx_HAL_Driver/Src/stm32f1xx_hal_rcc.o
 .debug_aranges
                0x00000698       0x30 ./Drivers/STM32F1xx_HAL_Driver/Src/stm32f1xx_hal_rcc_ex.o
 .debug_aranges
                0x000006c8      0x3d0 ./Drivers/STM32F1xx_HAL_Driver/Src/stm32f1xx_hal_tim.o
 .debug_aranges
                0x00000a98      0x168 ./Drivers/STM32F1xx_HAL_Driver/Src/stm32f1xx_hal_tim_ex.o
 .debug_aranges
                0x00000c00      0x208 ./Drivers/STM32F1xx_HAL_Driver/Src/stm32f1xx_hal_uart.o
 .debug_aranges
                0x00000e08      0x1d8 ./Middlewares/Third_Party/FreeRTOS/Source/CMSIS_RTOS/cmsis_os.o
 .debug_aranges
                0x00000fe0       0x40 ./Middlewares/Third_Party/FreeRTOS/Source/list.o
 .debug_aranges
                0x00001020      0x108 ./Middlewares/Third_Party/FreeRTOS/Source/queue.o
 .debug_aranges
                0x00001128      0x1b8 ./Middlewares/Third_Party/FreeRTOS/Source/tasks.o
 .debug_aranges
                0x000012e0       0x78 ./Middlewares/Third_Party/FreeRTOS/Source/portable/GCC/ARM_CM3/port.o
 .debug_aranges
                0x00001358       0x58 ./Middlewares/Third_Party/FreeRTOS/Source/portable/MemMang/heap_4.o

.debug_rnglists
                0x00000000      0xf37
 .debug_rnglists
                0x00000000       0x20 ./Core/Src/adc.o
 .debug_rnglists
                0x00000020       0x19 ./Core/Src/comunicacion.o
 .debug_rnglists
                0x00000039       0x35 ./Core/Src/freertos.o
 .debug_rnglists
                0x0000006e       0x14 ./Core/Src/gpio.o
 .debug_rnglists
                0x00000082       0x26 ./Core/Src/main.o
 .debug_rnglists
                0x000000a8       0x13 ./Core/Src/stm32f1xx_hal_msp.o
 .debug_rnglists
                0x000000bb       0x20 ./Core/Src/stm32f1xx_hal_timebase_tim.o
 .debug_rnglists
                0x000000db       0x3d ./Core/Src/stm32f1xx_it.o
 .debug_rnglists
                0x00000118       0x1a ./Core/Src/system_stm32f1xx.o
 .debug_rnglists
                0x00000132       0x2d ./Core/Src/tim.o
 .debug_rnglists
                0x0000015f       0x20 ./Core/Src/usart.o
 .debug_rnglists
                0x0000017f       0x19 ./Core/Startup/startup_stm32f103c8tx.o
 .debug_rnglists
                0x00000198       0xa3 ./Drivers/STM32F1xx_HAL_Driver/Src/stm32f1xx_hal.o
 .debug_rnglists
                0x0000023b       0xbc ./Drivers/STM32F1xx_HAL_Driver/Src/stm32f1xx_hal_adc.o
 .debug_rnglists
                0x000002f7       0xbb ./Drivers/STM32F1xx_HAL_Driver/Src/stm32f1xx_hal_cortex.o
 .debug_rnglists
                0x000003b2       0x64 ./Drivers/STM32F1xx_HAL_Driver/Src/stm32f1xx_hal_dma.o
 .debug_rnglists
                0x00000416       0x3f ./Drivers/STM32F1xx_HAL_Driver/Src/stm32f1xx_hal_gpio.o
 .debug_rnglists
                0x00000455       0x6c ./Drivers/STM32F1xx_HAL_Driver/Src/stm32f1xx_hal_rcc.o
 .debug_rnglists
                0x000004c1       0x21 ./Drivers/STM32F1xx_HAL_Driver/Src/stm32f1xx_hal_rcc_ex.o
 .debug_rnglists
                0x000004e2      0x31a ./Drivers/STM32F1xx_HAL_Driver/Src/stm32f1xx_hal_tim.o
 .debug_rnglists
                0x000007fc      0x125 ./Drivers/STM32F1xx_HAL_Driver/Src/stm32f1xx_hal_tim_ex.o
 .debug_rnglists
                0x00000921      0x1bc ./Drivers/STM32F1xx_HAL_Driver/Src/stm32f1xx_hal_uart.o
 .debug_rnglists
                0x00000add      0x16a ./Middlewares/Third_Party/FreeRTOS/Source/CMSIS_RTOS/cmsis_os.o
 .debug_rnglists
                0x00000c47       0x2b ./Middlewares/Third_Party/FreeRTOS/Source/list.o
 .debug_rnglists
                0x00000c72       0xcd ./Middlewares/Third_Party/FreeRTOS/Source/queue.o
 .debug_rnglists
                0x00000d3f      0x15f ./Middlewares/Third_Party/FreeRTOS/Source/tasks.o
 .debug_rnglists
                0x00000e9e       0x57 ./Middlewares/Third_Party/FreeRTOS/Source/portable/GCC/ARM_CM3/port.o
 .debug_rnglists
                0x00000ef5       0x42 ./Middlewares/Third_Party/FreeRTOS/Source/portable/MemMang/heap_4.o

.debug_macro    0x00000000    0x1b245
 .debug_macro   0x00000000      0x1d9 ./Core/Src/adc.o
 .debug_macro   0x000001d9      0xacc ./Core/Src/adc.o
 .debug_macro   0x00000ca5      0x221 ./Core/Src/adc.o
 .debug_macro   0x00000ec6       0x2e ./Core/Src/adc.o
 .debug_macro   0x00000ef4       0x22 ./Core/Src/adc.o
 .debug_macro   0x00000f16       0x22 ./Core/Src/adc.o
 .debug_macro   0x00000f38       0x8e ./Core/Src/adc.o
 .debug_macro   0x00000fc6       0x51 ./Core/Src/adc.o
 .debug_macro   0x00001017      0x103 ./Core/Src/adc.o
 .debug_macro   0x0000111a       0x6a ./Core/Src/adc.o
 .debug_macro   0x00001184      0x1df ./Core/Src/adc.o
 .debug_macro   0x00001363       0x1c ./Core/Src/adc.o
 .debug_macro   0x0000137f       0x22 ./Core/Src/adc.o
 .debug_macro   0x000013a1       0xbd ./Core/Src/adc.o
 .debug_macro   0x0000145e      0xd23 ./Core/Src/adc.o
 .debug_macro   0x00002181     0xe09e ./Core/Src/adc.o
 .debug_macro   0x0001021f       0x6d ./Core/Src/adc.o
 .debug_macro   0x0001028c     0x34a2 ./Core/Src/adc.o
 .debug_macro   0x0001372e      0x190 ./Core/Src/adc.o
 .debug_macro   0x000138be       0x5c ./Core/Src/adc.o
 .debug_macro   0x0001391a      0x5bc ./Core/Src/adc.o
 .debug_macro   0x00013ed6      0x289 ./Core/Src/adc.o
 .debug_macro   0x0001415f      0x1cb ./Core/Src/adc.o
 .debug_macro   0x0001432a      0x114 ./Core/Src/adc.o
 .debug_macro   0x0001443e      0x1b2 ./Core/Src/adc.o
 .debug_macro   0x000145f0       0x27 ./Core/Src/adc.o
 .debug_macro   0x00014617      0x136 ./Core/Src/adc.o
 .debug_macro   0x0001474d      0x1bc ./Core/Src/adc.o
 .debug_macro   0x00014909       0x34 ./Core/Src/adc.o
 .debug_macro   0x0001493d       0x3c ./Core/Src/adc.o
 .debug_macro   0x00014979       0x57 ./Core/Src/adc.o
 .debug_macro   0x000149d0      0x46a ./Core/Src/adc.o
 .debug_macro   0x00014e3a      0x1b5 ./Core/Src/adc.o
 .debug_macro   0x00014fef       0x87 ./Core/Src/adc.o
 .debug_macro   0x00015076      0x240 ./Core/Src/adc.o
 .debug_macro   0x000152b6      0x140 ./Core/Src/adc.o
 .debug_macro   0x000153f6      0x8ed ./Core/Src/adc.o
 .debug_macro   0x00015ce3      0x28e ./Core/Src/adc.o
 .debug_macro   0x00015f71       0x83 ./Core/Src/adc.o
 .debug_macro   0x00015ff4       0x22 ./Core/Src/adc.o
 .debug_macro   0x00016016       0x70 ./Core/Src/adc.o
 .debug_macro   0x00016086      0x2b4 ./Core/Src/comunicacion.o
 .debug_macro   0x0001633a       0x16 ./Core/Src/comunicacion.o
 .debug_macro   0x00016350       0x5b ./Core/Src/comunicacion.o
 .debug_macro   0x000163ab       0x24 ./Core/Src/comunicacion.o
 .debug_macro   0x000163cf       0x94 ./Core/Src/comunicacion.o
 .debug_macro   0x00016463       0x43 ./Core/Src/comunicacion.o
 .debug_macro   0x000164a6       0x34 ./Core/Src/comunicacion.o
 .debug_macro   0x000164da       0x16 ./Core/Src/comunicacion.o
 .debug_macro   0x000164f0       0x57 ./Core/Src/comunicacion.o
 .debug_macro   0x00016547       0x9e ./Core/Src/comunicacion.o
 .debug_macro   0x000165e5      0x370 ./Core/Src/comunicacion.o
 .debug_macro   0x00016955      0x112 ./Core/Src/comunicacion.o
 .debug_macro   0x00016a67       0x10 ./Core/Src/comunicacion.o
 .debug_macro   0x00016a77       0x16 ./Core/Src/comunicacion.o
 .debug_macro   0x00016a8d       0x4a ./Core/Src/comunicacion.o
 .debug_macro   0x00016ad7       0x34 ./Core/Src/comunicacion.o
 .debug_macro   0x00016b0b       0x10 ./Core/Src/comunicacion.o
 .debug_macro   0x00016b1b       0x58 ./Core/Src/comunicacion.o
 .debug_macro   0x00016b73       0x8e ./Core/Src/comunicacion.o
 .debug_macro   0x00016c01       0x1c ./Core/Src/comunicacion.o
 .debug_macro   0x00016c1d      0x185 ./Core/Src/comunicacion.o
 .debug_macro   0x00016da2       0x16 ./Core/Src/comunicacion.o
 .debug_macro   0x00016db8       0x16 ./Core/Src/comunicacion.o
 .debug_macro   0x00016dce      0x146 ./Core/Src/comunicacion.o
 .debug_macro   0x00016f14       0x56 ./Core/Src/comunicacion.o
 .debug_macro   0x00016f6a      0x3b7 ./Core/Src/freertos.o
 .debug_macro   0x00017321       0xf1 ./Core/Src/freertos.o
 .debug_macro   0x00017412      0x15a ./Core/Src/freertos.o
 .debug_macro   0x0001756c       0xde ./Core/Src/freertos.o
 .debug_macro   0x0001764a       0x1c ./Core/Src/freertos.o
 .debug_macro   0x00017666       0x26 ./Core/Src/freertos.o
 .debug_macro   0x0001768c       0x61 ./Core/Src/freertos.o
 .debug_macro   0x000176ed       0x10 ./Core/Src/freertos.o
 .debug_macro   0x000176fd       0x3c ./Core/Src/freertos.o
 .debug_macro   0x00017739      0x4fe ./Core/Src/freertos.o
 .debug_macro   0x00017c37       0xb5 ./Core/Src/freertos.o
 .debug_macro   0x00017cec       0xaa ./Core/Src/freertos.o
 .debug_macro   0x00017d96       0x91 ./Core/Src/freertos.o
 .debug_macro   0x00017e27       0x8d ./Core/Src/freertos.o
 .debug_macro   0x00017eb4       0x7e ./Core/Src/freertos.o
 .debug_macro   0x00017f32       0x19 ./Core/Src/freertos.o
 .debug_macro   0x00017f4b       0xf2 ./Core/Src/freertos.o
 .debug_macro   0x0001803d       0x16 ./Core/Src/freertos.o
 .debug_macro   0x00018053       0x20 ./Core/Src/freertos.o
 .debug_macro   0x00018073       0x1c ./Core/Src/freertos.o
 .debug_macro   0x0001808f       0x1c ./Core/Src/freertos.o
 .debug_macro   0x000180ab      0x1d9 ./Core/Src/gpio.o
 .debug_macro   0x00018284      0x39b ./Core/Src/main.o
 .debug_macro   0x0001861f       0xf1 ./Core/Src/main.o
 .debug_macro   0x00018710      0x1cf ./Core/Src/stm32f1xx_hal_msp.o
 .debug_macro   0x000188df      0x1b7 ./Core/Src/stm32f1xx_hal_timebase_tim.o
 .debug_macro   0x00018a96      0x1d9 ./Core/Src/stm32f1xx_it.o
 .debug_macro   0x00018c6f      0x1b7 ./Core/Src/system_stm32f1xx.o
 .debug_macro   0x00018e26      0x1d9 ./Core/Src/tim.o
 .debug_macro   0x00018fff      0x2ba ./Core/Src/usart.o
 .debug_macro   0x000192b9      0x1db ./Drivers/STM32F1xx_HAL_Driver/Src/stm32f1xx_hal.o
 .debug_macro   0x00019494      0x1d4 ./Drivers/STM32F1xx_HAL_Driver/Src/stm32f1xx_hal_adc.o
 .debug_macro   0x00019668      0x1b7 ./Drivers/STM32F1xx_HAL_Driver/Src/stm32f1xx_hal_cortex.o
 .debug_macro   0x0001981f      0x1b7 ./Drivers/STM32F1xx_HAL_Driver/Src/stm32f1xx_hal_dma.o
 .debug_macro   0x000199d6      0x222 ./Drivers/STM32F1xx_HAL_Driver/Src/stm32f1xx_hal_gpio.o
 .debug_macro   0x00019bf8      0x1c9 ./Drivers/STM32F1xx_HAL_Driver/Src/stm32f1xx_hal_rcc.o
 .debug_macro   0x00019dc1      0x1b7 ./Drivers/STM32F1xx_HAL_Driver/Src/stm32f1xx_hal_rcc_ex.o
 .debug_macro   0x00019f78      0x1b8 ./Drivers/STM32F1xx_HAL_Driver/Src/stm32f1xx_hal_tim.o
 .debug_macro   0x0001a130      0x1b7 ./Drivers/STM32F1xx_HAL_Driver/Src/stm32f1xx_hal_tim_ex.o
 .debug_macro   0x0001a2e7      0x1b8 ./Drivers/STM32F1xx_HAL_Driver/Src/stm32f1xx_hal_uart.o
 .debug_macro   0x0001a49f      0x210 ./Middlewares/Third_Party/FreeRTOS/Source/CMSIS_RTOS/cmsis_os.o
 .debug_macro   0x0001a6af       0x10 ./Middlewares/Third_Party/FreeRTOS/Source/CMSIS_RTOS/cmsis_os.o
 .debug_macro   0x0001a6bf       0x16 ./Middlewares/Third_Party/FreeRTOS/Source/CMSIS_RTOS/cmsis_os.o
 .debug_macro   0x0001a6d5       0xab ./Middlewares/Third_Party/FreeRTOS/Source/CMSIS_RTOS/cmsis_os.o
 .debug_macro   0x0001a780      0x199 ./Middlewares/Third_Party/FreeRTOS/Source/list.o
 .debug_macro   0x0001a919      0x228 ./Middlewares/Third_Party/FreeRTOS/Source/queue.o
 .debug_macro   0x0001ab41       0x87 ./Middlewares/Third_Party/FreeRTOS/Source/queue.o
 .debug_macro   0x0001abc8      0x28b ./Middlewares/Third_Party/FreeRTOS/Source/tasks.o
 .debug_macro   0x0001ae53       0x10 ./Middlewares/Third_Party/FreeRTOS/Source/tasks.o
 .debug_macro   0x0001ae63      0x222 ./Middlewares/Third_Party/FreeRTOS/Source/portable/GCC/ARM_CM3/port.o
 .debug_macro   0x0001b085      0x1c0 ./Middlewares/Third_Party/FreeRTOS/Source/portable/MemMang/heap_4.o

.debug_line     0x00000000    0x18345
 .debug_line    0x00000000      0x7d8 ./Core/Src/adc.o
 .debug_line    0x000007d8      0x91f ./Core/Src/comunicacion.o
 .debug_line    0x000010f7      0xc71 ./Core/Src/freertos.o
 .debug_line    0x00001d68      0x762 ./Core/Src/gpio.o
 .debug_line    0x000024ca      0xafb ./Core/Src/main.o
 .debug_line    0x00002fc5      0x73c ./Core/Src/stm32f1xx_hal_msp.o
 .debug_line    0x00003701      0x7ac ./Core/Src/stm32f1xx_hal_timebase_tim.o
 .debug_line    0x00003ead      0x7db ./Core/Src/stm32f1xx_it.o
 .debug_line    0x00004688      0x7ac ./Core/Src/system_stm32f1xx.o
 .debug_line    0x00004e34      0x890 ./Core/Src/tim.o
 .debug_line    0x000056c4      0x914 ./Core/Src/usart.o
 .debug_line    0x00005fd8       0x78 ./Core/Startup/startup_stm32f103c8tx.o
 .debug_line    0x00006050      0x9dd ./Drivers/STM32F1xx_HAL_Driver/Src/stm32f1xx_hal.o
 .debug_line    0x00006a2d     0x1002 ./Drivers/STM32F1xx_HAL_Driver/Src/stm32f1xx_hal_adc.o
 .debug_line    0x00007a2f      0xba7 ./Drivers/STM32F1xx_HAL_Driver/Src/stm32f1xx_hal_cortex.o
 .debug_line    0x000085d6      0xde7 ./Drivers/STM32F1xx_HAL_Driver/Src/stm32f1xx_hal_dma.o
 .debug_line    0x000093bd      0xa3a ./Drivers/STM32F1xx_HAL_Driver/Src/stm32f1xx_hal_gpio.o
 .debug_line    0x00009df7      0xe96 ./Drivers/STM32F1xx_HAL_Driver/Src/stm32f1xx_hal_rcc.o
 .debug_line    0x0000ac8d      0x947 ./Drivers/STM32F1xx_HAL_Driver/Src/stm32f1xx_hal_rcc_ex.o
 .debug_line    0x0000b5d4     0x34cb ./Drivers/STM32F1xx_HAL_Driver/Src/stm32f1xx_hal_tim.o
 .debug_line    0x0000ea9f     0x18a1 ./Drivers/STM32F1xx_HAL_Driver/Src/stm32f1xx_hal_tim_ex.o
 .debug_line    0x00010340     0x24f9 ./Drivers/STM32F1xx_HAL_Driver/Src/stm32f1xx_hal_uart.o
 .debug_line    0x00012839     0x130a ./Middlewares/Third_Party/FreeRTOS/Source/CMSIS_RTOS/cmsis_os.o
 .debug_line    0x00013b43      0x796 ./Middlewares/Third_Party/FreeRTOS/Source/list.o
 .debug_line    0x000142d9     0x14da ./Middlewares/Third_Party/FreeRTOS/Source/queue.o
 .debug_line    0x000157b3     0x18f2 ./Middlewares/Third_Party/FreeRTOS/Source/tasks.o
 .debug_line    0x000170a5      0x8f4 ./Middlewares/Third_Party/FreeRTOS/Source/portable/GCC/ARM_CM3/port.o
 .debug_line    0x00017999      0x9ac ./Middlewares/Third_Party/FreeRTOS/Source/portable/MemMang/heap_4.o

.debug_str      0x00000000    0x9890a
 .debug_str     0x00000000    0x9890a ./Core/Src/adc.o
                              0x88769 (size before relaxing)
 .debug_str     0x0009890a    0x8bf56 ./Core/Src/comunicacion.o
 .debug_str     0x0009890a    0x92dc9 ./Core/Src/freertos.o
 .debug_str     0x0009890a    0x883c4 ./Core/Src/gpio.o
 .debug_str     0x0009890a    0x9265c ./Core/Src/main.o
 .debug_str     0x0009890a    0x88640 ./Core/Src/stm32f1xx_hal_msp.o
 .debug_str     0x0009890a    0x88a63 ./Core/Src/stm32f1xx_hal_timebase_tim.o
 .debug_str     0x0009890a    0x88a6b ./Core/Src/stm32f1xx_it.o
 .debug_str     0x0009890a    0x8819b ./Core/Src/system_stm32f1xx.o
 .debug_str     0x0009890a    0x88a78 ./Core/Src/tim.o
 .debug_str     0x0009890a    0x8c2f5 ./Core/Src/usart.o
 .debug_str     0x0009890a       0x7d ./Core/Startup/startup_stm32f103c8tx.o
 .debug_str     0x0009890a    0x888ce ./Drivers/STM32F1xx_HAL_Driver/Src/stm32f1xx_hal.o
 .debug_str     0x0009890a    0x8887f ./Drivers/STM32F1xx_HAL_Driver/Src/stm32f1xx_hal_adc.o
 .debug_str     0x0009890a    0x8881a ./Drivers/STM32F1xx_HAL_Driver/Src/stm32f1xx_hal_cortex.o
 .debug_str     0x0009890a    0x88544 ./Drivers/STM32F1xx_HAL_Driver/Src/stm32f1xx_hal_dma.o
 .debug_str     0x0009890a    0x88521 ./Drivers/STM32F1xx_HAL_Driver/Src/stm32f1xx_hal_gpio.o
 .debug_str     0x0009890a    0x885ca ./Drivers/STM32F1xx_HAL_Driver/Src/stm32f1xx_hal_rcc.o
 .debug_str     0x0009890a    0x8831a ./Drivers/STM32F1xx_HAL_Driver/Src/stm32f1xx_hal_rcc_ex.o
 .debug_str     0x0009890a    0x895cc ./Drivers/STM32F1xx_HAL_Driver/Src/stm32f1xx_hal_tim.o
 .debug_str     0x0009890a    0x88dd8 ./Drivers/STM32F1xx_HAL_Driver/Src/stm32f1xx_hal_tim_ex.o
 .debug_str     0x0009890a    0x88c3b ./Drivers/STM32F1xx_HAL_Driver/Src/stm32f1xx_hal_uart.o
 .debug_str     0x0009890a     0xea0a ./Middlewares/Third_Party/FreeRTOS/Source/CMSIS_RTOS/cmsis_os.o
 .debug_str     0x0009890a     0xabeb ./Middlewares/Third_Party/FreeRTOS/Source/list.o
 .debug_str     0x0009890a     0xc57e ./Middlewares/Third_Party/FreeRTOS/Source/queue.o
 .debug_str     0x0009890a     0xd2a5 ./Middlewares/Third_Party/FreeRTOS/Source/tasks.o
 .debug_str     0x0009890a     0xb810 ./Middlewares/Third_Party/FreeRTOS/Source/portable/GCC/ARM_CM3/port.o
 .debug_str     0x0009890a     0xb52d ./Middlewares/Third_Party/FreeRTOS/Source/portable/MemMang/heap_4.o

.comment        0x00000000       0x43
 .comment       0x00000000       0x43 ./Core/Src/adc.o
                                 0x44 (size before relaxing)
 .comment       0x00000043       0x44 ./Core/Src/comunicacion.o
 .comment       0x00000043       0x44 ./Core/Src/freertos.o
 .comment       0x00000043       0x44 ./Core/Src/gpio.o
 .comment       0x00000043       0x44 ./Core/Src/main.o
 .comment       0x00000043       0x44 ./Core/Src/stm32f1xx_hal_msp.o
 .comment       0x00000043       0x44 ./Core/Src/stm32f1xx_hal_timebase_tim.o
 .comment       0x00000043       0x44 ./Core/Src/stm32f1xx_it.o
 .comment       0x00000043       0x44 ./Core/Src/system_stm32f1xx.o
 .comment       0x00000043       0x44 ./Core/Src/tim.o
 .comment       0x00000043       0x44 ./Core/Src/usart.o
 .comment       0x00000043       0x44 ./Drivers/STM32F1xx_HAL_Driver/Src/stm32f1xx_hal.o
 .comment       0x00000043       0x44 ./Drivers/STM32F1xx_HAL_Driver/Src/stm32f1xx_hal_adc.o
 .comment       0x00000043       0x44 ./Drivers/STM32F1xx_HAL_Driver/Src/stm32f1xx_hal_cortex.o
 .comment       0x00000043       0x44 ./Drivers/STM32F1xx_HAL_Driver/Src/stm32f1xx_hal_dma.o
 .comment       0x00000043       0x44 ./Drivers/STM32F1xx_HAL_Driver/Src/stm32f1xx_hal_gpio.o
 .comment       0x00000043       0x44 ./Drivers/STM32F1xx_HAL_Driver/Src/stm32f1xx_hal_rcc.o
 .comment       0x00000043       0x44 ./Drivers/STM32F1xx_HAL_Driver/Src/stm32f1xx_hal_rcc_ex.o
 .comment       0x00000043       0x44 ./Drivers/STM32F1xx_HAL_Driver/Src/stm32f1xx_hal_tim.o
 .comment       0x00000043       0x44 ./Drivers/STM32F1xx_HAL_Driver/Src/stm32f1xx_hal_tim_ex.o
 .comment       0x00000043       0x44 ./Drivers/STM32F1xx_HAL_Driver/Src/stm32f1xx_hal_uart.o
 .comment       0x00000043       0x44 ./Middlewares/Third_Party/FreeRTOS/Source/CMSIS_RTOS/cmsis_os.o
 .comment       0x00000043       0x44 ./Middlewares/Third_Party/FreeRTOS/Source/list.o
 .comment       0x00000043       0x44 ./Middlewares/Third_Party/FreeRTOS/Source/queue.o
 .comment       0x00000043       0x44 ./Middlewares/Third_Party/FreeRTOS/Source/tasks.o
 .comment       0x00000043       0x44 ./Middlewares/Third_Party/FreeRTOS/Source/portable/GCC/ARM_CM3/port.o
 .comment       0x00000043       0x44 ./Middlewares/Third_Party/FreeRTOS/Source/portable/MemMang/heap_4.o

.debug_frame    0x00000000     0x530c
 .debug_frame   0x00000000       0x7c ./Core/Src/adc.o
 .debug_frame   0x0000007c       0x5c ./Core/Src/comunicacion.o
 .debug_frame   0x000000d8       0xe4 ./Core/Src/freertos.o
 .debug_frame   0x000001bc       0x34 ./Core/Src/gpio.o
 .debug_frame   0x000001f0       0x8c ./Core/Src/main.o
 .debug_frame   0x0000027c       0x34 ./Core/Src/stm32f1xx_hal_msp.o
 .debug_frame   0x000002b0       0x74 ./Core/Src/stm32f1xx_hal_timebase_tim.o
 .debug_frame   0x00000324       0xe0 ./Core/Src/stm32f1xx_it.o
 .debug_frame   0x00000404       0x58 ./Core/Src/system_stm32f1xx.o
 .debug_frame   0x0000045c       0xcc ./Core/Src/tim.o
 .debug_frame   0x00000528       0x74 ./Core/Src/usart.o
 .debug_frame   0x0000059c      0x334 ./Drivers/STM32F1xx_HAL_Driver/Src/stm32f1xx_hal.o
 .debug_frame   0x000008d0      0x40c ./Drivers/STM32F1xx_HAL_Driver/Src/stm32f1xx_hal_adc.o
 .debug_frame   0x00000cdc      0x428 ./Drivers/STM32F1xx_HAL_Driver/Src/stm32f1xx_hal_cortex.o
 .debug_frame   0x00001104      0x208 ./Drivers/STM32F1xx_HAL_Driver/Src/stm32f1xx_hal_dma.o
 .debug_frame   0x0000130c      0x14c ./Drivers/STM32F1xx_HAL_Driver/Src/stm32f1xx_hal_gpio.o
 .debug_frame   0x00001458      0x218 ./Drivers/STM32F1xx_HAL_Driver/Src/stm32f1xx_hal_rcc.o
 .debug_frame   0x00001670       0x80 ./Drivers/STM32F1xx_HAL_Driver/Src/stm32f1xx_hal_rcc_ex.o
 .debug_frame   0x000016f0     0x11b8 ./Drivers/STM32F1xx_HAL_Driver/Src/stm32f1xx_hal_tim.o
 .debug_frame   0x000028a8      0x638 ./Drivers/STM32F1xx_HAL_Driver/Src/stm32f1xx_hal_tim_ex.o
 .debug_frame   0x00002ee0      0x944 ./Drivers/STM32F1xx_HAL_Driver/Src/stm32f1xx_hal_uart.o
 .debug_frame   0x00003824      0x80c ./Middlewares/Third_Party/FreeRTOS/Source/CMSIS_RTOS/cmsis_os.o
 .debug_frame   0x00004030       0xd8 ./Middlewares/Third_Party/FreeRTOS/Source/list.o
 .debug_frame   0x00004108      0x46c ./Middlewares/Third_Party/FreeRTOS/Source/queue.o
 .debug_frame   0x00004574      0x77c ./Middlewares/Third_Party/FreeRTOS/Source/tasks.o
 .debug_frame   0x00004cf0      0x198 ./Middlewares/Third_Party/FreeRTOS/Source/portable/GCC/ARM_CM3/port.o
 .debug_frame   0x00004e88      0x12c ./Middlewares/Third_Party/FreeRTOS/Source/portable/MemMang/heap_4.o
 .debug_frame   0x00004fb4      0x144 C:/ST/STM32CubeIDE_1.18.1/STM32CubeIDE/plugins/com.st.stm32cube.ide.mcu.externaltools.gnu-tools-for-stm32.13.3.rel1.win32_1.0.0.202411081344/tools/bin/../lib/gcc/arm-none-eabi/13.3.1/../../../../arm-none-eabi/lib/thumb/v7-m/nofp\libc_nano.a(libc_a-findfp.o)
 .debug_frame   0x000050f8       0x20 C:/ST/STM32CubeIDE_1.18.1/STM32CubeIDE/plugins/com.st.stm32cube.ide.mcu.externaltools.gnu-tools-for-stm32.13.3.rel1.win32_1.0.0.202411081344/tools/bin/../lib/gcc/arm-none-eabi/13.3.1/../../../../arm-none-eabi/lib/thumb/v7-m/nofp\libc_nano.a(libc_a-memset.o)
 .debug_frame   0x00005118       0x38 C:/ST/STM32CubeIDE_1.18.1/STM32CubeIDE/plugins/com.st.stm32cube.ide.mcu.externaltools.gnu-tools-for-stm32.13.3.rel1.win32_1.0.0.202411081344/tools/bin/../lib/gcc/arm-none-eabi/13.3.1/../../../../arm-none-eabi/lib/thumb/v7-m/nofp\libc_nano.a(libc_a-reent.o)
 .debug_frame   0x00005150       0x2c C:/ST/STM32CubeIDE_1.18.1/STM32CubeIDE/plugins/com.st.stm32cube.ide.mcu.externaltools.gnu-tools-for-stm32.13.3.rel1.win32_1.0.0.202411081344/tools/bin/../lib/gcc/arm-none-eabi/13.3.1/../../../../arm-none-eabi/lib/thumb/v7-m/nofp\libc_nano.a(libc_a-init.o)
 .debug_frame   0x0000517c       0xb0 C:/ST/STM32CubeIDE_1.18.1/STM32CubeIDE/plugins/com.st.stm32cube.ide.mcu.externaltools.gnu-tools-for-stm32.13.3.rel1.win32_1.0.0.202411081344/tools/bin/../lib/gcc/arm-none-eabi/13.3.1/../../../../arm-none-eabi/lib/thumb/v7-m/nofp\libc_nano.a(libc_a-lock.o)