../Core/Src/main.c:593:6:StartUartTask	32	static
../Core/Src/main.c:87:10:calcular_crc	8	static
../Core/Src/main.c:548:6:StartEntradasTask	40	static
../Core/Src/main.c:108:7:RS485_Transmit	16	static
../Core/Src/main.c:639:6:StartDefaultTask	8	static
../Core/Src/main.c:119:7:HAL_UART_RxCpltCallback	8	static
../Core/Src/main.c:234:6:SystemClock_Config	88	static,ignoring_inline_asm
../Core/Src/main.c:136:6:main	120	static,ignoring_inline_asm
../Core/Src/main.c:659:6:Error_Handler	0	static,ignoring_inline_asm
