../Core/Src/stm32f1xx_hal_msp.c:65:6:HAL_MspInit	16	static
../Core/Src/stm32f1xx_hal_msp.c:94:6:HAL_ADC_MspInit	32	static
../Core/Src/stm32f1xx_hal_msp.c:129:6:HAL_ADC_MspDeInit	0	static
../Core/Src/stm32f1xx_hal_msp.c:159:6:HAL_SPI_MspInit	32	static
../Core/Src/stm32f1xx_hal_msp.c:200:6:HAL_SPI_MspDeInit	0	static
../Core/Src/stm32f1xx_hal_msp.c:230:6:HAL_TIM_PWM_MspInit	8	static
../Core/Src/stm32f1xx_hal_msp.c:247:6:HAL_TIM_MspPostInit	32	static
../Core/Src/stm32f1xx_hal_msp.c:278:6:HAL_TIM_PWM_MspDeInit	0	static
../Core/Src/stm32f1xx_hal_msp.c:300:6:HAL_UART_MspInit	40	static
../Core/Src/stm32f1xx_hal_msp.c:366:6:HAL_UART_MspDeInit	0	static
