../Core/Src/main.c:87:10:calcular_crc	24	static
../Core/Src/main.c:108:7:RS485_Transmit	16	static
../Core/Src/main.c:119:7:HAL_UART_RxCpltCallback	24	static
../Core/Src/main.c:136:6:main	112	static
../Core/Src/main.c:234:6:SystemClock_Config	88	static
../Core/Src/main.c:281:13:MX_ADC1_Init	24	static
../Core/Src/main.c:336:13:MX_SPI2_Init	8	static
../Core/Src/main.c:374:13:MX_TIM3_Init	48	static
../Core/Src/main.c:427:13:MX_USART1_UART_Init	8	static
../Core/Src/main.c:460:13:MX_USART3_UART_Init	8	static
../Core/Src/main.c:493:13:MX_GPIO_Init	40	static
../Core/Src/main.c:548:6:StartEntradasTask	48	static
../Core/Src/main.c:593:6:StartUartTask	24	static
../Core/Src/main.c:639:6:StartDefaultTask	16	static
../Core/Src/main.c:659:6:Error_Handler	4	static,ignoring_inline_asm
